
==========
== CUDA ==
==========

CUDA Version 12.1.1

Container image Copyright (c) 2016-2023, NVIDIA CORPORATION & AFFILIATES. All rights reserved.

This container image and its contents are governed by the NVIDIA Deep Learning Container License.
By pulling and using the container, you accept the terms and conditions of this license:
https://developer.nvidia.com/ngc/nvidia-deep-learning-container-license

A copy of this license is made available in this container at /NGC-DL-CONTAINER-LICENSE for your convenience.

Config: {
  "model_id": "/models/base",
  "model_params_b": 14.7,
  "dataset_path": "/data/train.jsonl",
  "dataset_format": "alpaca",
  "output_dir": "/workspace/adapter",
  "framework": "peft",
  "method": "qlora",
  "lora_r": 8,
  "lora_alpha": 16,
  "lora_dropout": 0.05,
  "max_seq_length": 1792,
  "batch_size": 1,
  "grad_accum": 8,
  "epochs": 2.0,
  "learning_rate": 3e-05,
  "max_steps": -1,
  "load_in_4bit": true,
  "seed": 42,
  "gguf_quant": "q4_k_m",
  "ollama_name": "kuclab-hertz-0.3",
  "identity_name": "KucLab Hertz 0.3",
  "teach_identity": false,
  "identity_repeat": 0,
  "founder": "Jaroslav Ku\u010dera",
  "trained_on": "2026-08-19",
  "system_prompt": "Jsi KucLab Hertz 0.3 \u2014 model od KucLab (kuclab.org) zam\u011b\u0159en\u00fd na fyziku, chemii, biologii a matematiku. Mluv\u00ed\u0161 plynule \u010desky i anglicky v\u010detn\u011b odborn\u00e9 terminologie; odpov\u00edd\u00e1\u0161 v jazyce, kter\u00fdm se pt\u00e1 u\u017eivatel. U v\u00fdpo\u010dt\u016f a odvozen\u00ed postupuje\u0161 krok za krokem a ukazuje\u0161 meziv\u00fdsledky, se spr\u00e1vn\u00fdmi jednotkami a zna\u010den\u00edm veli\u010din. Kdy\u017e si nejsi jist\u00fd, \u0159ekne\u0161 to rovnou m\u00edsto vym\u00fd\u0161len\u00ed. K aktu\u00e1ln\u00edm dat\u016fm nem\u00e1\u0161 p\u0159\u00edstup. Identitu \u0159ekni jen kdy\u017e se na ni n\u011bkdo zept\u00e1 \u2014 a \u0159ekni, \u017ee t\u011b vytvo\u0159il KucLab, nejmenuj \u017e\u00e1dnou konkr\u00e9tn\u00ed osobu.",
  "packing": false,
  "freeze_vision": true,
  "target_context": 131072,
  "merged_dir": "/workspace/merged"
}
torch=2.5.1+cu121 cuda=True
gpu0=NVIDIA L4
torchvision=0.20.1+cu121
Using PEFT/transformers backend (full or LoRA/QLoRA)
Loading model (PEFT): /models/base method=qlora seq=1792 packing=False
[transformers] `torch_dtype` is deprecated! Use `dtype` instead!

Loading weights:   0%|          | 0/579 [00:00<?, ?it/s]
Loading weights:   0%|          | 1/579 [00:37<6:00:33, 37.43s/it]
Loading weights:   0%|          | 2/579 [01:15<6:05:08, 37.97s/it]
Loading weights:   1%|          | 4/579 [01:20<2:30:08, 15.67s/it]
Loading weights:   1%|          | 5/579 [01:24<1:53:59, 11.92s/it]
Loading weights:   1%|          | 6/579 [01:27<1:28:58,  9.32s/it]
Loading weights:   2%|▏         | 9/579 [01:27<38:51,  4.09s/it]  
Loading weights:   2%|▏         | 10/579 [01:29<33:04,  3.49s/it]
Loading weights:   2%|▏         | 12/579 [01:30<22:32,  2.39s/it]
Loading weights:   2%|▏         | 14/579 [01:30<14:58,  1.59s/it]
Loading weights:   3%|▎         | 16/579 [01:33<15:01,  1.60s/it]
Loading weights:   3%|▎         | 17/579 [01:37<18:47,  2.01s/it]
Loading weights:   3%|▎         | 18/579 [01:40<21:14,  2.27s/it]
Loading weights:   4%|▎         | 21/579 [01:40<11:16,  1.21s/it]
Loading weights:   4%|▍         | 22/579 [01:42<11:29,  1.24s/it]
Loading weights:   4%|▍         | 24/579 [01:43<09:16,  1.00s/it]
Loading weights:   4%|▍         | 26/579 [01:43<06:30,  1.41it/s]
Loading weights:   5%|▍         | 28/579 [01:46<09:17,  1.01s/it]
Loading weights:   5%|▌         | 29/579 [01:50<13:26,  1.47s/it]
Loading weights:   5%|▌         | 30/579 [01:53<17:19,  1.89s/it]
Loading weights:   6%|▌         | 33/579 [01:54<09:20,  1.03s/it]
Loading weights:   6%|▌         | 34/579 [01:55<09:43,  1.07s/it]
Loading weights:   6%|▌         | 36/579 [01:56<08:11,  1.10it/s]
Loading weights:   7%|▋         | 38/579 [01:56<05:59,  1.50it/s]
Loading weights:   7%|▋         | 40/579 [02:00<08:46,  1.02it/s]
Loading weights:   7%|▋         | 41/579 [02:03<12:52,  1.44s/it]
Loading weights:   7%|▋         | 42/579 [02:06<16:29,  1.84s/it]
Loading weights:   8%|▊         | 45/579 [02:07<08:59,  1.01s/it]
Loading weights:   8%|▊         | 46/579 [02:08<09:45,  1.10s/it]
Loading weights:   8%|▊         | 48/579 [02:09<08:16,  1.07it/s]
Loading weights:   9%|▊         | 50/579 [02:10<05:50,  1.51it/s]
Loading weights:   9%|▉         | 52/579 [02:13<09:08,  1.04s/it]
Loading weights:   9%|▉         | 53/579 [02:17<12:56,  1.48s/it]
Loading weights:   9%|▉         | 54/579 [02:20<16:13,  1.85s/it]
Loading weights:  10%|▉         | 57/579 [02:20<08:54,  1.02s/it]
Loading weights:  10%|█         | 58/579 [02:22<09:12,  1.06s/it]
Loading weights:  10%|█         | 60/579 [02:23<07:53,  1.10it/s]
Loading weights:  11%|█         | 62/579 [02:23<05:29,  1.57it/s]
Loading weights:  11%|█         | 64/579 [02:26<08:31,  1.01it/s]
Loading weights:  11%|█         | 65/579 [02:30<13:03,  1.52s/it]
Loading weights:  11%|█▏        | 66/579 [02:34<16:30,  1.93s/it]
Loading weights:  12%|█▏        | 69/579 [02:34<08:54,  1.05s/it]
Loading weights:  12%|█▏        | 70/579 [02:35<09:32,  1.12s/it]
Loading weights:  12%|█▏        | 72/579 [02:37<08:17,  1.02it/s]
Loading weights:  13%|█▎        | 74/579 [02:37<05:52,  1.43it/s]
Loading weights:  13%|█▎        | 76/579 [02:41<08:42,  1.04s/it]
Loading weights:  13%|█▎        | 77/579 [02:44<12:21,  1.48s/it]
Loading weights:  13%|█▎        | 78/579 [02:47<15:46,  1.89s/it]
Loading weights:  14%|█▍        | 81/579 [02:48<08:32,  1.03s/it]
Loading weights:  14%|█▍        | 82/579 [02:49<08:56,  1.08s/it]
Loading weights:  15%|█▍        | 84/579 [02:50<07:34,  1.09it/s]
Loading weights:  15%|█▍        | 86/579 [02:50<05:25,  1.51it/s]
Loading weights:  15%|█▌        | 88/579 [02:54<08:14,  1.01s/it]
Loading weights:  15%|█▌        | 89/579 [02:57<11:59,  1.47s/it]
Loading weights:  16%|█▌        | 90/579 [03:01<15:37,  1.92s/it]
Loading weights:  16%|█▌        | 93/579 [03:01<08:30,  1.05s/it]
Loading weights:  16%|█▌        | 94/579 [03:02<08:38,  1.07s/it]
Loading weights:  17%|█▋        | 96/579 [03:04<07:40,  1.05it/s]
Loading weights:  17%|█▋        | 98/579 [03:04<05:26,  1.47it/s]
Loading weights:  17%|█▋        | 100/579 [03:08<08:12,  1.03s/it]
Loading weights:  17%|█▋        | 101/579 [03:12<12:21,  1.55s/it]
Loading weights:  18%|█▊        | 102/579 [03:15<15:38,  1.97s/it]
Loading weights:  18%|█▊        | 105/579 [03:15<08:22,  1.06s/it]
Loading weights:  18%|█▊        | 106/579 [03:17<08:48,  1.12s/it]
Loading weights:  19%|█▊        | 108/579 [03:18<07:35,  1.03it/s]
Loading weights:  19%|█▉        | 110/579 [03:18<05:16,  1.48it/s]
Loading weights:  19%|█▉        | 112/579 [03:22<07:58,  1.03s/it]
Loading weights:  20%|█▉        | 113/579 [03:25<11:42,  1.51s/it]
Loading weights:  20%|█▉        | 114/579 [03:28<14:15,  1.84s/it]
Loading weights:  20%|██        | 117/579 [03:29<07:40,  1.00it/s]
Loading weights:  20%|██        | 118/579 [03:30<08:16,  1.08s/it]
Loading weights:  21%|██        | 120/579 [03:31<07:10,  1.07it/s]
Loading weights:  21%|██        | 122/579 [03:32<05:01,  1.52it/s]
Loading weights:  21%|██▏       | 124/579 [03:35<07:36,  1.00s/it]
Loading weights:  22%|██▏       | 125/579 [03:38<10:54,  1.44s/it]
Loading weights:  22%|██▏       | 126/579 [03:42<14:09,  1.88s/it]
Loading weights:  22%|██▏       | 129/579 [03:42<07:36,  1.01s/it]
Loading weights:  22%|██▏       | 130/579 [03:43<07:37,  1.02s/it]
Loading weights:  23%|██▎       | 132/579 [03:44<06:29,  1.15it/s]
Loading weights:  23%|██▎       | 134/579 [03:44<04:38,  1.60it/s]
Loading weights:  23%|██▎       | 136/579 [03:48<07:45,  1.05s/it]
Loading weights:  24%|██▎       | 137/579 [03:52<11:53,  1.61s/it]
Loading weights:  24%|██▍       | 138/579 [03:55<13:47,  1.88s/it]
Loading weights:  24%|██▍       | 141/579 [03:56<07:35,  1.04s/it]
Loading weights:  25%|██▍       | 142/579 [03:57<08:10,  1.12s/it]
Loading weights:  25%|██▍       | 144/579 [03:58<06:45,  1.07it/s]
Loading weights:  25%|██▌       | 146/579 [03:59<05:00,  1.44it/s]
Loading weights:  26%|██▌       | 148/579 [04:02<06:59,  1.03it/s]
Loading weights:  26%|██▌       | 149/579 [04:06<10:50,  1.51s/it]
Loading weights:  26%|██▌       | 150/579 [04:09<13:34,  1.90s/it]
Loading weights:  26%|██▋       | 153/579 [04:09<07:18,  1.03s/it]
Loading weights:  27%|██▋       | 154/579 [04:11<07:36,  1.07s/it]
Loading weights:  27%|██▋       | 156/579 [04:12<06:40,  1.06it/s]
Loading weights:  27%|██▋       | 158/579 [04:12<04:41,  1.50it/s]
Loading weights:  28%|██▊       | 160/579 [04:16<07:22,  1.06s/it]
Loading weights:  28%|██▊       | 161/579 [04:20<10:47,  1.55s/it]
Loading weights:  28%|██▊       | 162/579 [04:22<12:39,  1.82s/it]
Loading weights:  28%|██▊       | 165/579 [04:23<06:52,  1.00it/s]
Loading weights:  29%|██▊       | 166/579 [04:24<07:11,  1.04s/it]
Loading weights:  29%|██▉       | 168/579 [04:25<06:20,  1.08it/s]
Loading weights:  29%|██▉       | 170/579 [04:26<04:33,  1.50it/s]
Loading weights:  30%|██▉       | 172/579 [04:29<06:44,  1.01it/s]
Loading weights:  30%|██▉       | 173/579 [04:33<10:19,  1.53s/it]
Loading weights:  30%|███       | 174/579 [04:36<12:42,  1.88s/it]
Loading weights:  31%|███       | 177/579 [04:36<06:55,  1.03s/it]
Loading weights:  31%|███       | 178/579 [04:38<07:17,  1.09s/it]
Loading weights:  31%|███       | 180/579 [04:39<06:13,  1.07it/s]
Loading weights:  31%|███▏      | 182/579 [04:39<04:33,  1.45it/s]
Loading weights:  32%|███▏      | 184/579 [04:43<06:37,  1.01s/it]
Loading weights:  32%|███▏      | 185/579 [04:46<09:53,  1.51s/it]
Loading weights:  32%|███▏      | 186/579 [04:50<12:03,  1.84s/it]
Loading weights:  33%|███▎      | 189/579 [04:50<06:26,  1.01it/s]
Loading weights:  33%|███▎      | 190/579 [04:51<06:45,  1.04s/it]
Loading weights:  33%|███▎      | 192/579 [04:52<05:59,  1.08it/s]
Loading weights:  34%|███▎      | 194/579 [04:53<04:24,  1.46it/s]
Loading weights:  34%|███▍      | 196/579 [04:56<06:13,  1.03it/s]
Loading weights:  34%|███▍      | 197/579 [04:59<09:04,  1.43s/it]
Loading weights:  34%|███▍      | 198/579 [05:03<11:59,  1.89s/it]
Loading weights:  35%|███▍      | 201/579 [05:03<06:26,  1.02s/it]
Loading weights:  35%|███▍      | 202/579 [05:04<06:36,  1.05s/it]
Loading weights:  35%|███▌      | 204/579 [05:06<05:38,  1.11it/s]
Loading weights:  36%|███▌      | 206/579 [05:06<04:00,  1.55it/s]
Loading weights:  36%|███▌      | 208/579 [05:09<06:04,  1.02it/s]
Loading weights:  36%|███▌      | 209/579 [05:13<09:13,  1.50s/it]
Loading weights:  36%|███▋      | 210/579 [05:17<12:07,  1.97s/it]
Loading weights:  37%|███▋      | 213/579 [05:17<06:31,  1.07s/it]
Loading weights:  37%|███▋      | 214/579 [05:18<06:41,  1.10s/it]
Loading weights:  37%|███▋      | 216/579 [05:19<05:41,  1.06it/s]
Loading weights:  38%|███▊      | 218/579 [05:20<04:08,  1.46it/s]
Loading weights:  38%|███▊      | 220/579 [05:24<06:32,  1.09s/it]
Loading weights:  38%|███▊      | 221/579 [05:27<09:03,  1.52s/it]
Loading weights:  38%|███▊      | 222/579 [05:31<11:32,  1.94s/it]
Loading weights:  39%|███▉      | 225/579 [05:31<06:09,  1.04s/it]
Loading weights:  39%|███▉      | 226/579 [05:32<06:16,  1.07s/it]
Loading weights:  39%|███▉      | 228/579 [05:33<05:22,  1.09it/s]
Loading weights:  40%|███▉      | 230/579 [05:33<03:54,  1.49it/s]
Loading weights:  40%|████      | 232/579 [05:37<05:55,  1.02s/it]
Loading weights:  40%|████      | 233/579 [05:40<08:30,  1.47s/it]
Loading weights:  40%|████      | 234/579 [05:44<11:17,  1.96s/it]
Loading weights:  41%|████      | 237/579 [05:44<06:05,  1.07s/it]
Loading weights:  41%|████      | 238/579 [05:46<06:28,  1.14s/it]
Loading weights:  41%|████▏     | 240/579 [05:47<05:31,  1.02it/s]
Loading weights:  42%|████▏     | 242/579 [05:48<03:54,  1.44it/s]
Loading weights:  42%|████▏     | 244/579 [05:51<05:28,  1.02it/s]
Loading weights:  42%|████▏     | 245/579 [05:55<08:37,  1.55s/it]
Loading weights:  42%|████▏     | 246/579 [05:58<10:16,  1.85s/it]
Loading weights:  43%|████▎     | 249/579 [05:58<05:34,  1.01s/it]
Loading weights:  43%|████▎     | 250/579 [05:59<05:47,  1.06s/it]
Loading weights:  44%|████▎     | 252/579 [06:01<05:09,  1.06it/s]
Loading weights:  44%|████▍     | 254/579 [06:01<03:35,  1.51it/s]
Loading weights:  44%|████▍     | 256/579 [06:04<05:32,  1.03s/it]
Loading weights:  44%|████▍     | 257/579 [06:08<08:00,  1.49s/it]
Loading weights:  45%|████▍     | 258/579 [06:11<09:58,  1.86s/it]
Loading weights:  45%|████▌     | 261/579 [06:12<05:25,  1.02s/it]
Loading weights:  45%|████▌     | 262/579 [06:13<05:39,  1.07s/it]
Loading weights:  46%|████▌     | 264/579 [06:14<04:42,  1.12it/s]
Loading weights:  46%|████▌     | 266/579 [06:14<03:16,  1.59it/s]
Loading weights:  46%|████▋     | 268/579 [06:17<05:00,  1.03it/s]
Loading weights:  46%|████▋     | 269/579 [06:21<07:06,  1.37s/it]
Loading weights:  47%|████▋     | 270/579 [06:24<08:59,  1.75s/it]
Loading weights:  47%|████▋     | 273/579 [06:24<04:57,  1.03it/s]
Loading weights:  47%|████▋     | 274/579 [06:25<04:51,  1.05it/s]
Loading weights:  48%|████▊     | 276/579 [06:26<04:24,  1.15it/s]
Loading weights:  48%|████▊     | 278/579 [06:27<03:09,  1.59it/s]
Loading weights:  48%|████▊     | 280/579 [06:30<04:35,  1.08it/s]
Loading weights:  49%|████▊     | 281/579 [06:33<07:01,  1.41s/it]
Loading weights:  49%|████▊     | 282/579 [06:37<09:10,  1.85s/it]
Loading weights:  49%|████▉     | 285/579 [06:37<04:59,  1.02s/it]
Loading weights:  49%|████▉     | 286/579 [06:38<05:08,  1.05s/it]
Loading weights:  50%|████▉     | 288/579 [06:40<04:30,  1.08it/s]
Loading weights:  50%|█████     | 290/579 [06:40<03:08,  1.53it/s]
Loading weights:  50%|█████     | 292/579 [06:43<04:43,  1.01it/s]
Loading weights:  51%|█████     | 293/579 [06:47<07:07,  1.50s/it]
Loading weights:  51%|█████     | 294/579 [06:50<08:50,  1.86s/it]
Loading weights:  51%|█████▏    | 297/579 [06:50<04:43,  1.01s/it]
Loading weights:  51%|█████▏    | 298/579 [06:52<04:56,  1.05s/it]
Loading weights:  52%|█████▏    | 300/579 [06:53<04:09,  1.12it/s]
Loading weights:  52%|█████▏    | 302/579 [06:53<02:53,  1.59it/s]
Loading weights:  53%|█████▎    | 304/579 [06:56<04:20,  1.06it/s]
Loading weights:  53%|█████▎    | 305/579 [07:00<06:21,  1.39s/it]
Loading weights:  53%|█████▎    | 306/579 [07:03<08:24,  1.85s/it]
Loading weights:  53%|█████▎    | 309/579 [07:03<04:31,  1.01s/it]
Loading weights:  54%|█████▎    | 310/579 [07:05<04:47,  1.07s/it]
Loading weights:  54%|█████▍    | 312/579 [07:06<03:58,  1.12it/s]
Loading weights:  54%|█████▍    | 314/579 [07:06<02:50,  1.56it/s]
Loading weights:  55%|█████▍    | 316/579 [07:09<04:12,  1.04it/s]
Loading weights:  55%|█████▍    | 317/579 [07:13<06:20,  1.45s/it]
Loading weights:  55%|█████▍    | 318/579 [07:17<08:12,  1.89s/it]
Loading weights:  55%|█████▌    | 321/579 [07:17<04:27,  1.04s/it]
Loading weights:  56%|█████▌    | 322/579 [07:18<04:47,  1.12s/it]
Loading weights:  56%|█████▌    | 324/579 [07:20<04:10,  1.02it/s]
Loading weights:  56%|█████▋    | 326/579 [07:20<02:56,  1.43it/s]
Loading weights:  57%|█████▋    | 328/579 [07:23<04:13,  1.01s/it]
Loading weights:  57%|█████▋    | 329/579 [07:27<06:23,  1.53s/it]
Loading weights:  57%|█████▋    | 330/579 [07:31<08:17,  2.00s/it]
Loading weights:  58%|█████▊    | 333/579 [07:31<04:25,  1.08s/it]
Loading weights:  58%|█████▊    | 334/579 [07:32<04:29,  1.10s/it]
Loading weights:  58%|█████▊    | 336/579 [07:34<04:04,  1.01s/it]
Loading weights:  58%|█████▊    | 338/579 [07:34<02:55,  1.37it/s]
Loading weights:  59%|█████▊    | 340/579 [07:38<04:13,  1.06s/it]
Loading weights:  59%|█████▉    | 341/579 [07:42<06:49,  1.72s/it]
Loading weights:  59%|█████▉    | 342/579 [07:47<08:53,  2.25s/it]
Loading weights:  60%|█████▉    | 345/579 [07:47<04:44,  1.21s/it]
Loading weights:  60%|█████▉    | 346/579 [07:48<04:38,  1.20s/it]
Loading weights:  60%|██████    | 348/579 [07:49<03:44,  1.03it/s]
Loading weights:  60%|██████    | 350/579 [07:49<02:38,  1.45it/s]
Loading weights:  61%|██████    | 352/579 [07:53<03:55,  1.04s/it]
Loading weights:  61%|██████    | 353/579 [07:56<05:27,  1.45s/it]
Loading weights:  61%|██████    | 354/579 [08:00<07:08,  1.90s/it]
Loading weights:  62%|██████▏   | 357/579 [08:00<03:50,  1.04s/it]
Loading weights:  62%|██████▏   | 358/579 [08:01<03:47,  1.03s/it]
Loading weights:  62%|██████▏   | 360/579 [08:02<03:14,  1.13it/s]
Loading weights:  63%|██████▎   | 362/579 [08:02<02:15,  1.60it/s]
Loading weights:  63%|██████▎   | 364/579 [08:06<03:25,  1.04it/s]
Loading weights:  63%|██████▎   | 365/579 [08:09<05:12,  1.46s/it]
Loading weights:  63%|██████▎   | 366/579 [08:13<06:32,  1.84s/it]
Loading weights:  64%|██████▎   | 369/579 [08:13<03:30,  1.00s/it]
Loading weights:  64%|██████▍   | 370/579 [08:14<03:46,  1.08s/it]
Loading weights:  64%|██████▍   | 372/579 [08:16<03:15,  1.06it/s]
Loading weights:  65%|██████▍   | 374/579 [08:16<02:15,  1.51it/s]
Loading weights:  65%|██████▍   | 376/579 [08:19<03:16,  1.03it/s]
Loading weights:  65%|██████▌   | 377/579 [08:22<04:50,  1.44s/it]
Loading weights:  65%|██████▌   | 378/579 [08:26<06:05,  1.82s/it]
Loading weights:  66%|██████▌   | 381/579 [08:26<03:20,  1.01s/it]
Loading weights:  66%|██████▌   | 382/579 [08:28<03:37,  1.10s/it]
Loading weights:  66%|██████▋   | 384/579 [08:29<03:06,  1.05it/s]
Loading weights:  67%|██████▋   | 386/579 [08:29<02:09,  1.49it/s]
Loading weights:  67%|██████▋   | 388/579 [08:33<03:16,  1.03s/it]
Loading weights:  67%|██████▋   | 389/579 [08:36<04:32,  1.43s/it]
Loading weights:  67%|██████▋   | 390/579 [08:39<05:51,  1.86s/it]
Loading weights:  68%|██████▊   | 393/579 [08:40<03:14,  1.05s/it]
Loading weights:  68%|██████▊   | 394/579 [08:41<03:22,  1.09s/it]
Loading weights:  68%|██████▊   | 396/579 [08:42<02:46,  1.10it/s]
Loading weights:  69%|██████▊   | 398/579 [08:42<01:57,  1.54it/s]
Loading weights:  69%|██████▉   | 400/579 [08:46<03:03,  1.03s/it]
Loading weights:  69%|██████▉   | 401/579 [08:50<04:20,  1.47s/it]
Loading weights:  69%|██████▉   | 402/579 [08:52<05:11,  1.76s/it]
Loading weights:  70%|██████▉   | 405/579 [08:53<02:52,  1.01it/s]
Loading weights:  70%|███████   | 406/579 [08:54<02:59,  1.04s/it]
Loading weights:  70%|███████   | 408/579 [08:56<03:05,  1.09s/it]
Loading weights:  71%|███████   | 410/579 [08:57<02:14,  1.26it/s]
Loading weights:  71%|███████   | 412/579 [09:00<03:02,  1.09s/it]
Loading weights:  71%|███████▏  | 413/579 [09:05<04:42,  1.70s/it]
Loading weights:  72%|███████▏  | 414/579 [09:08<05:53,  2.14s/it]
Loading weights:  72%|███████▏  | 417/579 [09:09<03:10,  1.17s/it]
Loading weights:  72%|███████▏  | 418/579 [09:11<03:38,  1.36s/it]
Loading weights:  73%|███████▎  | 420/579 [09:12<03:00,  1.13s/it]
Loading weights:  73%|███████▎  | 422/579 [09:13<02:05,  1.25it/s]
Loading weights:  73%|███████▎  | 424/579 [09:17<03:11,  1.23s/it]
Loading weights:  73%|███████▎  | 425/579 [09:21<04:20,  1.69s/it]
Loading weights:  74%|███████▎  | 426/579 [09:24<05:24,  2.12s/it]
Loading weights:  74%|███████▍  | 429/579 [09:25<02:55,  1.17s/it]
Loading weights:  74%|███████▍  | 430/579 [09:26<03:11,  1.28s/it]
Loading weights:  75%|███████▍  | 432/579 [09:28<02:36,  1.06s/it]
Loading weights:  75%|███████▍  | 434/579 [09:28<01:50,  1.31it/s]
Loading weights:  75%|███████▌  | 436/579 [09:32<02:37,  1.10s/it]
Loading weights:  75%|███████▌  | 437/579 [09:35<03:31,  1.49s/it]
Loading weights:  76%|███████▌  | 438/579 [09:38<04:24,  1.88s/it]
Loading weights:  76%|███████▌  | 439/579 [09:38<03:26,  1.47s/it]
Loading weights:  76%|███████▌  | 441/579 [09:39<02:09,  1.07it/s]
Loading weights:  76%|███████▋  | 442/579 [09:40<02:14,  1.02it/s]
Loading weights:  77%|███████▋  | 444/579 [09:41<01:57,  1.15it/s]
Loading weights:  77%|███████▋  | 446/579 [09:41<01:22,  1.61it/s]
Loading weights:  77%|███████▋  | 448/579 [09:45<02:06,  1.03it/s]
Loading weights:  78%|███████▊  | 449/579 [09:49<03:21,  1.55s/it]
Loading weights:  78%|███████▊  | 450/579 [09:52<04:17,  1.99s/it]
Loading weights:  78%|███████▊  | 453/579 [09:53<02:16,  1.08s/it]
Loading weights:  78%|███████▊  | 454/579 [09:54<02:23,  1.15s/it]
Loading weights:  79%|███████▉  | 456/579 [09:55<01:57,  1.04it/s]
Loading weights:  79%|███████▉  | 458/579 [09:55<01:22,  1.47it/s]
Loading weights:  79%|███████▉  | 460/579 [09:59<02:09,  1.08s/it]
Loading weights:  80%|███████▉  | 461/579 [10:02<02:51,  1.45s/it]
Loading weights:  80%|███████▉  | 462/579 [10:06<03:32,  1.81s/it]
Loading weights:  80%|████████  | 465/579 [10:06<01:53,  1.00it/s]
Loading weights:  80%|████████  | 466/579 [10:07<02:00,  1.07s/it]
Loading weights:  81%|████████  | 468/579 [10:08<01:40,  1.11it/s]
Loading weights:  81%|████████  | 470/579 [10:09<01:13,  1.48it/s]
Loading weights:  82%|████████▏ | 472/579 [10:12<01:44,  1.02it/s]
Loading weights:  82%|████████▏ | 473/579 [10:15<02:31,  1.43s/it]
Loading weights:  82%|████████▏ | 474/579 [10:19<03:11,  1.82s/it]
Loading weights:  82%|████████▏ | 477/579 [10:19<01:41,  1.00it/s]
Loading weights:  83%|████████▎ | 478/579 [10:20<01:43,  1.03s/it]
Loading weights:  83%|████████▎ | 480/579 [10:22<01:32,  1.07it/s]
Loading weights:  83%|████████▎ | 482/579 [10:22<01:03,  1.52it/s]
Loading weights:  84%|████████▎ | 484/579 [10:26<01:42,  1.08s/it]
Loading weights:  84%|████████▍ | 485/579 [10:30<02:41,  1.71s/it]
Loading weights:  84%|████████▍ | 486/579 [10:35<03:42,  2.40s/it]
Loading weights:  84%|████████▍ | 489/579 [10:36<01:58,  1.32s/it]
Loading weights:  85%|████████▍ | 490/579 [10:37<02:03,  1.39s/it]
Loading weights:  85%|████████▍ | 492/579 [10:39<01:49,  1.25s/it]
Loading weights:  85%|████████▌ | 494/579 [10:40<01:17,  1.10it/s]
Loading weights:  86%|████████▌ | 496/579 [10:45<02:04,  1.49s/it]
Loading weights:  86%|████████▌ | 497/579 [10:50<02:45,  2.02s/it]
Loading weights:  86%|████████▌ | 498/579 [10:54<03:31,  2.61s/it]
Loading weights:  87%|████████▋ | 501/579 [10:55<01:52,  1.44s/it]
Loading weights:  87%|████████▋ | 502/579 [10:57<01:55,  1.51s/it]
Loading weights:  87%|████████▋ | 504/579 [10:58<01:35,  1.28s/it]
Loading weights:  87%|████████▋ | 506/579 [10:59<01:07,  1.09it/s]
Loading weights:  88%|████████▊ | 508/579 [11:04<01:41,  1.43s/it]
Loading weights:  88%|████████▊ | 509/579 [11:09<02:24,  2.07s/it]
Loading weights:  88%|████████▊ | 510/579 [11:13<03:01,  2.63s/it]
Loading weights:  89%|████████▊ | 513/579 [11:14<01:36,  1.46s/it]
Loading weights:  89%|████████▉ | 514/579 [11:16<01:41,  1.56s/it]
Loading weights:  89%|████████▉ | 516/579 [11:18<01:25,  1.36s/it]
Loading weights:  89%|████████▉ | 518/579 [11:18<00:59,  1.03it/s]
Loading weights:  90%|████████▉ | 520/579 [11:23<01:29,  1.51s/it]
Loading weights:  90%|████████▉ | 521/579 [11:29<02:06,  2.19s/it]
Loading weights:  90%|█████████ | 522/579 [11:33<02:26,  2.56s/it]
Loading weights:  91%|█████████ | 525/579 [11:33<01:15,  1.39s/it]
Loading weights:  91%|█████████ | 526/579 [11:34<01:11,  1.35s/it]
Loading weights:  91%|█████████ | 528/579 [11:35<00:56,  1.11s/it]
Loading weights:  92%|█████████▏| 530/579 [11:36<00:38,  1.27it/s]
Loading weights:  92%|█████████▏| 532/579 [11:39<00:47,  1.02s/it]
Loading weights:  92%|█████████▏| 533/579 [11:42<01:05,  1.42s/it]
Loading weights:  92%|█████████▏| 534/579 [11:45<01:23,  1.85s/it]
Loading weights:  93%|█████████▎| 537/579 [11:45<00:42,  1.01s/it]
Loading weights:  93%|█████████▎| 538/579 [11:47<00:43,  1.05s/it]
Loading weights:  93%|█████████▎| 540/579 [11:48<00:33,  1.15it/s]
Loading weights:  94%|█████████▎| 542/579 [11:48<00:23,  1.57it/s]
Loading weights:  94%|█████████▍| 544/579 [11:52<00:35,  1.00s/it]
Loading weights:  94%|█████████▍| 545/579 [11:55<00:49,  1.47s/it]
Loading weights:  94%|█████████▍| 546/579 [11:59<01:03,  1.92s/it]
Loading weights:  95%|█████████▍| 549/579 [11:59<00:31,  1.06s/it]
Loading weights:  95%|█████████▍| 550/579 [12:00<00:32,  1.11s/it]
Loading weights:  95%|█████████▌| 552/579 [12:02<00:25,  1.05it/s]
Loading weights:  96%|█████████▌| 554/579 [12:02<00:16,  1.47it/s]
Loading weights:  96%|█████████▌| 556/579 [12:05<00:22,  1.00it/s]
Loading weights:  96%|█████████▌| 557/579 [12:08<00:30,  1.41s/it]
Loading weights:  96%|█████████▋| 558/579 [12:12<00:37,  1.78s/it]
Loading weights:  97%|█████████▋| 561/579 [12:12<00:17,  1.01it/s]
Loading weights:  97%|█████████▋| 562/579 [12:13<00:18,  1.09s/it]
Loading weights:  97%|█████████▋| 564/579 [12:15<00:14,  1.05it/s]
Loading weights:  98%|█████████▊| 566/579 [12:15<00:08,  1.51it/s]
Loading weights:  98%|█████████▊| 568/579 [12:19<00:11,  1.02s/it]
Loading weights:  98%|█████████▊| 569/579 [12:22<00:14,  1.47s/it]
Loading weights:  98%|█████████▊| 570/579 [12:26<00:17,  1.92s/it]
Loading weights:  99%|█████████▉| 573/579 [12:26<00:06,  1.05s/it]
Loading weights:  99%|█████████▉| 574/579 [12:28<00:05,  1.18s/it]
Loading weights:  99%|█████████▉| 576/579 [12:29<00:03,  1.03s/it]
Loading weights: 100%|█████████▉| 578/579 [12:30<00:00,  1.32it/s]
Loading weights: 100%|██████████| 579/579 [12:30<00:00,  1.30s/it]
LoRA target_modules: ['q_proj', 'k_proj', 'v_proj', 'o_proj', 'gate_proj', 'up_proj', 'down_proj']
trainable params: 34,406,400 || all params: 14,804,440,064 || trainable%: 0.2324

Generating train split: 0 examples [00:00, ? examples/s]
Generating train split: 242 examples [00:00, 4694.54 examples/s]

Map:   0%|          | 0/242 [00:00<?, ? examples/s]
Map: 100%|██████████| 242/242 [00:00<00:00, 4388.01 examples/s]

Filter:   0%|          | 0/242 [00:00<?, ? examples/s]
Filter: 100%|██████████| 242/242 [00:00<00:00, 3129.76 examples/s]
Dataset samples (včetně identity): 242
[transformers] warmup_ratio is deprecated and will be removed in v5.2. Use `warmup_steps` instead.
TrainingArguments optim=paged_adamw_8bit bs=1 ga=8 epochs=2.0 max_steps=-1 seq=1792
GPU free before train: 10.15/23.69 GiB
Using transformers.Trainer ('push_to_hub_token')

Map:   0%|          | 0/242 [00:00<?, ? examples/s]
Map: 100%|██████████| 242/242 [00:00<00:00, 261.96 examples/s]
Map: 100%|██████████| 242/242 [00:00<00:00, 260.83 examples/s]
Starting training…
Trainable now: 34.4M / 8198.4M total

  0%|          | 0/62 [00:00<?, ?it/s]
  2%|▏         | 1/62 [00:37<38:35, 37.97s/it]
  3%|▎         | 2/62 [01:00<29:02, 29.04s/it]
  5%|▍         | 3/62 [01:20<24:19, 24.73s/it]
  6%|▋         | 4/62 [01:40<22:11, 22.97s/it]
  8%|▊         | 5/62 [02:01<21:16, 22.39s/it]
 10%|▉         | 6/62 [02:20<19:33, 20.96s/it]
 11%|█▏        | 7/62 [02:39<18:38, 20.34s/it]
 13%|█▎        | 8/62 [03:03<19:33, 21.74s/it]
 15%|█▍        | 9/62 [03:27<19:46, 22.38s/it]
 16%|█▌        | 10/62 [03:55<20:46, 23.97s/it]
 18%|█▊        | 11/62 [04:14<19:08, 22.51s/it]
 19%|█▉        | 12/62 [04:35<18:23, 22.07s/it]
 21%|██        | 13/62 [04:54<17:15, 21.13s/it]
 23%|██▎       | 14/62 [05:19<17:55, 22.41s/it]
 24%|██▍       | 15/62 [05:47<18:46, 23.96s/it]
 26%|██▌       | 16/62 [06:06<17:12, 22.44s/it]
 27%|██▋       | 17/62 [06:25<16:01, 21.38s/it]
 29%|██▉       | 18/62 [06:48<16:11, 22.08s/it]
 31%|███       | 19/62 [07:07<14:58, 20.91s/it]
 32%|███▏      | 20/62 [07:28<14:47, 21.13s/it]
                                               
{'loss': '1.302', 'grad_norm': '0.2831', 'learning_rate': '2.444e-05', 'epoch': '0.6612'}

 32%|███▏      | 20/62 [07:28<14:47, 21.13s/it]
 34%|███▍      | 21/62 [07:47<13:56, 20.40s/it]
 35%|███▌      | 22/62 [08:09<13:54, 20.85s/it]
 37%|███▋      | 23/62 [08:28<13:16, 20.43s/it]
 39%|███▊      | 24/62 [08:52<13:29, 21.29s/it]
 40%|████      | 25/62 [09:08<12:13, 19.83s/it]
 42%|████▏     | 26/62 [09:27<11:48, 19.68s/it]
 44%|████▎     | 27/62 [09:54<12:41, 21.74s/it]
 45%|████▌     | 28/62 [10:14<11:59, 21.16s/it]
 47%|████▋     | 29/62 [10:34<11:31, 20.94s/it]
 48%|████▊     | 30/62 [10:55<11:12, 21.00s/it]
 50%|█████     | 31/62 [11:00<08:15, 16.00s/it]
 52%|█████▏    | 32/62 [11:20<08:38, 17.28s/it]
 53%|█████▎    | 33/62 [11:45<09:28, 19.59s/it]
 55%|█████▍    | 34/62 [12:04<09:07, 19.57s/it]
 56%|█████▋    | 35/62 [12:23<08:38, 19.21s/it]
 58%|█████▊    | 36/62 [12:41<08:12, 18.93s/it]
 60%|█████▉    | 37/62 [13:04<08:22, 20.09s/it]
 61%|██████▏   | 38/62 [13:30<08:44, 21.87s/it]
 63%|██████▎   | 39/62 [13:48<07:58, 20.82s/it]
 65%|██████▍   | 40/62 [14:11<07:47, 21.26s/it]
                                               
{'loss': '1.127', 'grad_norm': '0.2614', 'learning_rate': '9.624e-06', 'epoch': '1.298'}

 65%|██████▍   | 40/62 [14:11<07:47, 21.26s/it]
 66%|██████▌   | 41/62 [14:30<07:15, 20.73s/it]
 68%|██████▊   | 42/62 [14:51<06:55, 20.78s/it]
 69%|██████▉   | 43/62 [15:08<06:12, 19.59s/it]
 71%|███████   | 44/62 [15:31<06:13, 20.77s/it]
 73%|███████▎  | 45/62 [15:51<05:47, 20.46s/it]
 74%|███████▍  | 46/62 [16:12<05:27, 20.47s/it]
 76%|███████▌  | 47/62 [16:29<04:54, 19.64s/it]
 77%|███████▋  | 48/62 [16:53<04:50, 20.75s/it]
 79%|███████▉  | 49/62 [17:14<04:33, 21.03s/it]
 81%|████████  | 50/62 [17:34<04:08, 20.73s/it]
 82%|████████▏ | 51/62 [18:02<04:09, 22.69s/it]
 84%|████████▍ | 52/62 [18:27<03:55, 23.55s/it]
 85%|████████▌ | 53/62 [18:48<03:25, 22.81s/it]
 87%|████████▋ | 54/62 [19:10<02:59, 22.40s/it]
 89%|████████▊ | 55/62 [19:36<02:44, 23.49s/it]
 90%|█████████ | 56/62 [19:51<02:05, 20.96s/it]
 92%|█████████▏| 57/62 [20:15<01:49, 21.85s/it]
 94%|█████████▎| 58/62 [20:37<01:28, 22.10s/it]
 95%|█████████▌| 59/62 [21:02<01:08, 22.74s/it]
 97%|█████████▋| 60/62 [21:23<00:44, 22.42s/it]{'loss': '1.107', 'grad_norm': '0.2848', 'learning_rate': '1.847e-07', 'epoch': '1.959'}

                                               

 97%|█████████▋| 60/62 [21:23<00:44, 22.42s/it]
 98%|█████████▊| 61/62 [21:47<00:22, 22.74s/it]
100%|██████████| 62/62 [21:51<00:00, 17.29s/it]
                                               
{'train_runtime': '1312', 'train_samples_per_second': '0.369', 'train_steps_per_second': '0.047', 'train_loss': '1.179', 'epoch': '2'}

100%|██████████| 62/62 [21:52<00:00, 17.29s/it]Saving…

100%|██████████| 62/62 [21:52<00:00, 21.17s/it]
[pre-final-save] host MemAvailable≈12.8 GiB | GPU free 9.97/23.69 GiB
[before save adapter] host MemAvailable≈12.8 GiB | GPU free 9.97/23.69 GiB
WARNING: tokenizer.model still missing — GGUF convert for Gemma will fail. Base model dir must include SentencePiece tokenizer.model.
[after save adapter] host MemAvailable≈12.8 GiB | GPU free 9.97/23.69 GiB
Saved adapter → /workspace/adapter
Merging LoRA → full fp16 weights for GGUF (dequant bitsandbytes)…
/opt/conda/lib/python3.11/site-packages/peft/tuners/lora/bnb.py:351: UserWarning: Merge lora module to 4-bit linear may get different generations due to rounding errors.
  warnings.warn(
torch.bfloat16 cast note: You cannot cast a bitsandbytes model in a new `dtype`. Make sure to load the model using `from_pretrained` using the desired `dtype` by passing the correct `dtype` argument.
[before save merged] host MemAvailable≈12.6 GiB | GPU free 8.75/23.69 GiB

Writing model shards:   0%|          | 0/9 [00:00<?, ?it/s]
Writing model shards:  11%|█         | 1/9 [00:13<01:47, 13.39s/it]
Writing model shards:  22%|██▏       | 2/9 [00:38<02:21, 20.24s/it]
Writing model shards:  33%|███▎      | 3/9 [00:42<01:18, 13.08s/it]
Writing model shards:  44%|████▍     | 4/9 [00:51<00:56, 11.28s/it]
Writing model shards:  56%|█████▌    | 5/9 [00:59<00:41, 10.28s/it]
Writing model shards:  67%|██████▋   | 6/9 [01:08<00:29,  9.71s/it]
Writing model shards:  78%|███████▊  | 7/9 [01:17<00:18,  9.47s/it]
Writing model shards:  89%|████████▉ | 8/9 [01:26<00:09,  9.19s/it]
Writing model shards: 100%|██████████| 9/9 [01:33<00:00,  8.57s/it]
Writing model shards: 100%|██████████| 9/9 [01:33<00:00, 10.38s/it]
WARNING: tokenizer.model still missing — GGUF convert for Gemma will fail. Base model dir must include SentencePiece tokenizer.model.
[after save merged] host MemAvailable≈12.2 GiB | GPU free 8.75/23.69 GiB
Saved merged → /workspace/merged
Stripped quantization_config from /workspace/merged/config.json (GGUF needs fp16/bf16 HF weights)
Injected YaRN rope_scaling: 32768 -> 131072 (factor=4.000)
Restored pre-merge config.json (nested text_config/vision_config preserved)
Merge OK: clean HF fp16/bf16 folder ready for GGUF
PEFT training finished.
