
==========
== CUDA ==
==========

CUDA Version 12.1.1

Container image Copyright (c) 2016-2023, NVIDIA CORPORATION & AFFILIATES. All rights reserved.

This container image and its contents are governed by the NVIDIA Deep Learning Container License.
By pulling and using the container, you accept the terms and conditions of this license:
https://developer.nvidia.com/ngc/nvidia-deep-learning-container-license

A copy of this license is made available in this container at /NGC-DL-CONTAINER-LICENSE for your convenience.

Config: {
  "model_id": "/models/base",
  "model_params_b": 9.0,
  "dataset_path": "/data/train.jsonl",
  "dataset_format": "alpaca",
  "output_dir": "/workspace/adapter",
  "framework": "peft",
  "method": "qlora",
  "lora_r": 16,
  "lora_alpha": 32,
  "lora_dropout": 0.05,
  "max_seq_length": 2048,
  "batch_size": 1,
  "grad_accum": 8,
  "epochs": 2.0,
  "learning_rate": 3e-05,
  "max_steps": -1,
  "load_in_4bit": true,
  "seed": 42,
  "gguf_quant": "q4_k_m",
  "ollama_name": "kuclab-hertz-0.8f",
  "identity_name": "KucLab Hertz 0.8F",
  "teach_identity": false,
  "identity_repeat": 0,
  "founder": "Jaroslav Ku\u010dera",
  "trained_on": "2026-09-13",
  "system_prompt": "Jsi KucLab Hertz 0.8F \u2014 model od KucLab (kuclab.org) zam\u011b\u0159en\u00fd na fyziku, chemii, biologii, matematiku a programov\u00e1n\u00ed. Mluv\u00ed\u0161 plynule \u010desky i anglicky v\u010detn\u011b odborn\u00e9 terminologie; odpov\u00edd\u00e1\u0161 v jazyce, kter\u00fdm se pt\u00e1 u\u017eivatel. U v\u00fdpo\u010dt\u016f, odvozen\u00ed a k\u00f3du nejd\u0159\u00edv \u0159ekni v\u00fdsledek nebo z\u00e1v\u011br, pak uka\u017e postup krok za krokem s meziv\u00fdsledky. U ot\u00e1zek s v\u00fdb\u011brem odpov\u011bdi v\u017edy jasn\u011b uve\u010f zvolenou mo\u017enost. Odpov\u00edd\u00e1\u0161 p\u0159\u00edmo, sebejist\u011b a lidsky. Neza\u010d\u00ednej omluvami ani formulacemi typu \"jako AI nemohu\" u b\u011b\u017en\u00fdch, ne\u0161kodn\u00fdch t\u00e9mat. Skute\u010dn\u011b nebezpe\u010dn\u00e9 nebo \u0161kodliv\u00e9 po\u017eadavky odm\u00edtni stru\u010dn\u011b a bez k\u00e1z\u00e1n\u00ed. K aktu\u00e1ln\u00edm dat\u016fm nem\u00e1\u0161 p\u0159\u00edstup. Identitu \u0159ekni jen kdy\u017e se na ni n\u011bkdo zept\u00e1 \u2014 a \u0159ekni, \u017ee t\u011b vytvo\u0159il KucLab, nejmenuj \u017e\u00e1dnou konkr\u00e9tn\u00ed osobu.",
  "packing": false,
  "freeze_vision": true,
  "target_context": 0,
  "merged_dir": "/workspace/merged"
}
torch=2.5.1+cu121 cuda=True
gpu0=NVIDIA L4
torchvision=0.20.1+cu121
Using PEFT/transformers backend (full or LoRA/QLoRA)
Loading model (PEFT): /models/base method=qlora seq=2048 packing=False
Multimodal checkpoint (qwen3_5) — loading with AutoModelForImageTextToText / ConditionalGeneration
[transformers] `torch_dtype` is deprecated! Use `dtype` instead!
[transformers] The fast path is not available because one of the required library is not installed. Falling back to torch implementation. To install follow https://github.com/fla-org/flash-linear-attention#installation and https://github.com/Dao-AILab/causal-conv1d

Loading weights:   0%|          | 0/760 [00:00<?, ?it/s]
Loading weights:   0%|          | 1/760 [01:27<18:20:45, 87.02s/it]
Loading weights:   0%|          | 2/760 [02:41<16:46:00, 79.63s/it]
Loading weights:   1%|          | 4/760 [02:41<6:14:56, 29.76s/it] 
Loading weights:   1%|          | 7/760 [02:43<2:44:06, 13.08s/it]
Loading weights:   1%|          | 9/760 [02:46<1:52:58,  9.03s/it]
Loading weights:   1%|▏         | 10/760 [02:48<1:34:38,  7.57s/it]
Loading weights:   2%|▏         | 12/760 [02:50<1:03:35,  5.10s/it]
Loading weights:   2%|▏         | 13/760 [02:55<1:02:54,  5.05s/it]
Loading weights:   2%|▏         | 14/760 [02:59<1:01:28,  4.94s/it]
Loading weights:   2%|▏         | 15/760 [03:04<59:25,  4.79s/it]  
Loading weights:   3%|▎         | 23/760 [03:07<18:50,  1.53s/it]
Loading weights:   3%|▎         | 24/760 [03:08<18:06,  1.48s/it]
Loading weights:   3%|▎         | 26/760 [03:09<15:22,  1.26s/it]
Loading weights:   4%|▎         | 27/760 [03:14<22:23,  1.83s/it]
Loading weights:   4%|▎         | 28/760 [03:18<26:23,  2.16s/it]
Loading weights:   4%|▍         | 29/760 [03:22<32:03,  2.63s/it]
Loading weights:   5%|▍         | 37/760 [03:25<13:00,  1.08s/it]
Loading weights:   5%|▌         | 38/760 [03:27<13:42,  1.14s/it]
Loading weights:   5%|▌         | 40/760 [03:28<12:38,  1.05s/it]
Loading weights:   5%|▌         | 41/760 [03:33<18:08,  1.51s/it]
Loading weights:   6%|▌         | 42/760 [03:36<22:38,  1.89s/it]
Loading weights:   6%|▌         | 43/760 [03:39<25:34,  2.14s/it]
Loading weights:   6%|▌         | 46/760 [03:43<20:26,  1.72s/it]
Loading weights:   6%|▌         | 47/760 [03:47<24:24,  2.05s/it]
Loading weights:   6%|▋         | 48/760 [03:49<26:03,  2.20s/it]
Loading weights:   7%|▋         | 51/760 [03:50<14:38,  1.24s/it]
Loading weights:   7%|▋         | 52/760 [03:51<14:26,  1.22s/it]
Loading weights:   7%|▋         | 54/760 [03:53<14:02,  1.19s/it]
Loading weights:   7%|▋         | 55/760 [03:54<11:56,  1.02s/it]
Loading weights:   8%|▊         | 61/760 [03:54<04:32,  2.57it/s]
Loading weights:   8%|▊         | 63/760 [03:57<08:10,  1.42it/s]
Loading weights:   9%|▊         | 65/760 [03:58<07:52,  1.47it/s]
Loading weights:   9%|▉         | 67/760 [04:05<15:39,  1.36s/it]
Loading weights:   9%|▉         | 68/760 [04:08<19:10,  1.66s/it]
Loading weights:  10%|█         | 76/760 [04:11<08:53,  1.28it/s]
Loading weights:  10%|█         | 77/760 [04:12<09:19,  1.22it/s]
Loading weights:  10%|█         | 79/760 [04:13<08:30,  1.34it/s]
Loading weights:  11%|█         | 80/760 [04:16<12:36,  1.11s/it]
Loading weights:  11%|█         | 81/760 [04:20<16:56,  1.50s/it]
Loading weights:  11%|█         | 82/760 [04:22<20:00,  1.77s/it]
Loading weights:  12%|█▏        | 90/760 [04:24<08:01,  1.39it/s]
Loading weights:  12%|█▏        | 91/760 [04:26<08:43,  1.28it/s]
Loading weights:  12%|█▏        | 93/760 [04:27<08:08,  1.37it/s]
Loading weights:  12%|█▏        | 94/760 [04:30<12:16,  1.11s/it]
Loading weights:  12%|█▎        | 95/760 [04:34<16:36,  1.50s/it]
Loading weights:  13%|█▎        | 96/760 [04:37<20:21,  1.84s/it]
Loading weights:  13%|█▎        | 99/760 [04:40<16:41,  1.51s/it]
Loading weights:  13%|█▎        | 100/760 [04:43<20:01,  1.82s/it]
Loading weights:  13%|█▎        | 101/760 [04:47<22:59,  2.09s/it]
Loading weights:  14%|█▎        | 104/760 [04:47<12:58,  1.19s/it]
Loading weights:  14%|█▍        | 105/760 [04:48<12:44,  1.17s/it]
Loading weights:  14%|█▍        | 107/760 [04:50<12:43,  1.17s/it]
Loading weights:  14%|█▍        | 108/760 [04:51<10:39,  1.02it/s]
Loading weights:  15%|█▌        | 115/760 [04:53<05:49,  1.85it/s]
Loading weights:  15%|█▌        | 116/760 [04:54<06:34,  1.63it/s]
Loading weights:  16%|█▌        | 118/760 [04:55<06:34,  1.63it/s]
Loading weights:  16%|█▌        | 119/760 [04:58<10:50,  1.01s/it]
Loading weights:  16%|█▌        | 120/760 [05:02<15:03,  1.41s/it]
Loading weights:  16%|█▌        | 121/760 [05:05<18:39,  1.75s/it]
Loading weights:  17%|█▋        | 129/760 [05:07<07:31,  1.40it/s]
Loading weights:  17%|█▋        | 130/760 [05:08<08:05,  1.30it/s]
Loading weights:  17%|█▋        | 132/760 [05:09<07:34,  1.38it/s]
Loading weights:  18%|█▊        | 133/760 [05:12<11:09,  1.07s/it]
Loading weights:  18%|█▊        | 134/760 [05:15<14:50,  1.42s/it]
Loading weights:  18%|█▊        | 135/760 [05:19<18:27,  1.77s/it]
Loading weights:  19%|█▉        | 143/760 [05:22<08:23,  1.23it/s]
Loading weights:  19%|█▉        | 144/760 [05:23<08:52,  1.16it/s]
Loading weights:  19%|█▉        | 146/760 [05:24<08:13,  1.24it/s]
Loading weights:  19%|█▉        | 147/760 [05:28<13:14,  1.30s/it]
Loading weights:  19%|█▉        | 148/760 [05:33<18:40,  1.83s/it]
Loading weights:  20%|█▉        | 149/760 [05:37<23:04,  2.27s/it]
Loading weights:  20%|██        | 152/760 [05:42<20:24,  2.01s/it]
Loading weights:  20%|██        | 153/760 [05:46<23:47,  2.35s/it]
Loading weights:  20%|██        | 154/760 [05:50<26:22,  2.61s/it]
Loading weights:  21%|██        | 157/760 [05:50<14:44,  1.47s/it]
Loading weights:  21%|██        | 158/760 [05:51<14:29,  1.44s/it]
Loading weights:  21%|██        | 160/760 [05:54<13:40,  1.37s/it]
Loading weights:  21%|██        | 161/760 [05:54<11:37,  1.16s/it]
Loading weights:  22%|██▏       | 168/760 [05:57<06:53,  1.43it/s]
Loading weights:  22%|██▏       | 169/760 [05:59<07:42,  1.28it/s]
Loading weights:  22%|██▎       | 171/760 [06:01<08:02,  1.22it/s]
Loading weights:  23%|██▎       | 172/760 [06:04<11:53,  1.21s/it]
Loading weights:  23%|██▎       | 173/760 [06:08<16:33,  1.69s/it]
Loading weights:  23%|██▎       | 174/760 [06:12<21:33,  2.21s/it]
Loading weights:  24%|██▍       | 182/760 [06:15<08:49,  1.09it/s]
Loading weights:  24%|██▍       | 183/760 [06:16<09:17,  1.04it/s]
Loading weights:  24%|██▍       | 185/760 [06:18<08:43,  1.10it/s]
Loading weights:  24%|██▍       | 186/760 [06:22<13:06,  1.37s/it]
Loading weights:  25%|██▍       | 187/760 [06:26<17:30,  1.83s/it]
Loading weights:  25%|██▍       | 188/760 [06:30<22:29,  2.36s/it]
Loading weights:  26%|██▌       | 196/760 [06:33<09:15,  1.02it/s]
Loading weights:  26%|██▌       | 197/760 [06:35<09:42,  1.03s/it]
Loading weights:  26%|██▌       | 199/760 [06:36<08:57,  1.04it/s]
Loading weights:  26%|██▋       | 200/760 [06:40<12:28,  1.34s/it]
Loading weights:  26%|██▋       | 201/760 [06:43<15:58,  1.72s/it]
Loading weights:  27%|██▋       | 202/760 [06:46<18:30,  1.99s/it]
Loading weights:  27%|██▋       | 205/760 [06:49<14:10,  1.53s/it]
Loading weights:  27%|██▋       | 206/760 [06:52<16:34,  1.80s/it]
Loading weights:  27%|██▋       | 207/760 [06:55<18:25,  2.00s/it]
Loading weights:  28%|██▊       | 210/760 [06:56<11:08,  1.22s/it]
Loading weights:  28%|██▊       | 211/760 [06:57<11:11,  1.22s/it]
Loading weights:  28%|██▊       | 213/760 [07:00<11:58,  1.31s/it]
Loading weights:  28%|██▊       | 214/760 [07:01<10:10,  1.12s/it]
Loading weights:  29%|██▉       | 221/760 [07:03<05:30,  1.63it/s]
Loading weights:  29%|██▉       | 222/760 [07:04<06:04,  1.47it/s]
Loading weights:  29%|██▉       | 224/760 [07:06<06:23,  1.40it/s]
Loading weights:  30%|██▉       | 225/760 [07:10<11:07,  1.25s/it]
Loading weights:  30%|██▉       | 226/760 [07:14<15:12,  1.71s/it]
Loading weights:  30%|██▉       | 227/760 [07:18<18:59,  2.14s/it]
Loading weights:  31%|███       | 235/760 [07:21<07:46,  1.13it/s]
Loading weights:  31%|███       | 236/760 [07:22<08:08,  1.07it/s]
Loading weights:  31%|███▏      | 238/760 [07:23<07:30,  1.16it/s]
Loading weights:  31%|███▏      | 239/760 [07:28<11:52,  1.37s/it]
Loading weights:  32%|███▏      | 240/760 [07:31<15:17,  1.76s/it]
Loading weights:  32%|███▏      | 241/760 [07:34<17:34,  2.03s/it]
Loading weights:  33%|███▎      | 249/760 [07:37<07:34,  1.12it/s]
Loading weights:  33%|███▎      | 250/760 [07:39<08:04,  1.05it/s]
Loading weights:  33%|███▎      | 252/760 [07:41<07:50,  1.08it/s]
Loading weights:  33%|███▎      | 253/760 [07:44<10:22,  1.23s/it]
Loading weights:  33%|███▎      | 254/760 [07:47<13:19,  1.58s/it]
Loading weights:  34%|███▎      | 255/760 [07:50<15:42,  1.87s/it]
Loading weights:  34%|███▍      | 258/760 [07:53<12:11,  1.46s/it]
Loading weights:  34%|███▍      | 259/760 [07:57<16:33,  1.98s/it]
Loading weights:  34%|███▍      | 260/760 [08:02<20:46,  2.49s/it]
Loading weights:  35%|███▍      | 263/760 [08:02<11:39,  1.41s/it]
Loading weights:  35%|███▍      | 264/760 [08:03<11:09,  1.35s/it]
Loading weights:  35%|███▌      | 266/760 [08:06<10:42,  1.30s/it]
Loading weights:  35%|███▌      | 267/760 [08:06<09:11,  1.12s/it]
Loading weights:  36%|███▌      | 274/760 [08:08<04:47,  1.69it/s]
Loading weights:  36%|███▌      | 275/760 [08:10<05:36,  1.44it/s]
Loading weights:  36%|███▋      | 277/760 [08:11<05:45,  1.40it/s]
Loading weights:  37%|███▋      | 278/760 [08:14<08:35,  1.07s/it]
Loading weights:  37%|███▋      | 279/760 [08:18<11:53,  1.48s/it]
Loading weights:  37%|███▋      | 280/760 [08:21<14:38,  1.83s/it]
Loading weights:  38%|███▊      | 288/760 [08:24<06:40,  1.18it/s]
Loading weights:  38%|███▊      | 289/760 [08:27<08:02,  1.02s/it]
Loading weights:  38%|███▊      | 291/760 [08:28<07:24,  1.06it/s]
Loading weights:  38%|███▊      | 292/760 [08:31<09:59,  1.28s/it]
Loading weights:  39%|███▊      | 293/760 [08:35<13:17,  1.71s/it]
Loading weights:  39%|███▊      | 294/760 [08:38<15:42,  2.02s/it]
Loading weights:  40%|███▉      | 302/760 [08:41<06:22,  1.20it/s]
Loading weights:  40%|███▉      | 303/760 [08:42<07:00,  1.09it/s]
Loading weights:  40%|████      | 305/760 [08:44<06:32,  1.16it/s]
Loading weights:  40%|████      | 306/760 [08:48<09:40,  1.28s/it]
Loading weights:  40%|████      | 307/760 [08:51<12:03,  1.60s/it]
Loading weights:  41%|████      | 308/760 [08:54<14:41,  1.95s/it]
Loading weights:  41%|████      | 311/760 [08:58<12:06,  1.62s/it]
Loading weights:  41%|████      | 312/760 [09:01<14:17,  1.91s/it]
Loading weights:  41%|████      | 313/760 [09:04<16:14,  2.18s/it]
Loading weights:  42%|████▏     | 316/760 [09:05<09:02,  1.22s/it]
Loading weights:  42%|████▏     | 317/760 [09:06<09:16,  1.26s/it]
Loading weights:  42%|████▏     | 319/760 [09:08<08:42,  1.18s/it]
Loading weights:  42%|████▏     | 320/760 [09:09<07:52,  1.07s/it]
Loading weights:  43%|████▎     | 327/760 [09:11<03:58,  1.81it/s]
Loading weights:  43%|████▎     | 328/760 [09:12<04:31,  1.59it/s]
Loading weights:  43%|████▎     | 330/760 [09:13<04:35,  1.56it/s]
Loading weights:  44%|████▎     | 331/760 [09:17<07:51,  1.10s/it]
Loading weights:  44%|████▎     | 332/760 [09:20<10:31,  1.48s/it]
Loading weights:  44%|████▍     | 333/760 [09:23<13:10,  1.85s/it]
Loading weights:  45%|████▍     | 341/760 [09:26<05:14,  1.33it/s]
Loading weights:  45%|████▌     | 342/760 [09:27<05:34,  1.25it/s]
Loading weights:  45%|████▌     | 344/760 [09:28<05:28,  1.27it/s]
Loading weights:  45%|████▌     | 345/760 [09:32<08:02,  1.16s/it]
Loading weights:  46%|████▌     | 346/760 [09:35<10:47,  1.56s/it]
Loading weights:  46%|████▌     | 347/760 [09:39<13:28,  1.96s/it]
Loading weights:  47%|████▋     | 355/760 [09:41<05:11,  1.30it/s]
Loading weights:  47%|████▋     | 356/760 [09:43<06:01,  1.12it/s]
Loading weights:  47%|████▋     | 358/760 [09:45<06:19,  1.06it/s]
Loading weights:  47%|████▋     | 359/760 [09:48<08:32,  1.28s/it]
Loading weights:  47%|████▋     | 360/760 [09:52<11:06,  1.67s/it]
Loading weights:  48%|████▊     | 361/760 [09:55<12:59,  1.95s/it]
Loading weights:  48%|████▊     | 364/760 [09:58<10:09,  1.54s/it]
Loading weights:  48%|████▊     | 365/760 [10:01<12:09,  1.85s/it]
Loading weights:  48%|████▊     | 366/760 [10:04<13:29,  2.06s/it]
Loading weights:  49%|████▊     | 369/760 [10:04<07:38,  1.17s/it]
Loading weights:  49%|████▊     | 370/760 [10:06<07:48,  1.20s/it]
Loading weights:  49%|████▉     | 372/760 [10:08<07:52,  1.22s/it]
Loading weights:  49%|████▉     | 373/760 [10:09<06:51,  1.06s/it]
Loading weights:  50%|█████     | 380/760 [10:12<04:13,  1.50it/s]
Loading weights:  50%|█████     | 381/760 [10:14<04:59,  1.27it/s]
Loading weights:  50%|█████     | 383/760 [10:15<04:36,  1.36it/s]
Loading weights:  51%|█████     | 384/760 [10:18<07:19,  1.17s/it]
Loading weights:  51%|█████     | 385/760 [10:22<09:43,  1.56s/it]
Loading weights:  51%|█████     | 386/760 [10:25<11:49,  1.90s/it]
Loading weights:  52%|█████▏    | 394/760 [10:28<04:54,  1.24it/s]
Loading weights:  52%|█████▏    | 395/760 [10:29<05:09,  1.18it/s]
Loading weights:  52%|█████▏    | 397/760 [10:30<04:49,  1.25it/s]
Loading weights:  52%|█████▏    | 398/760 [10:33<07:05,  1.17s/it]
Loading weights:  52%|█████▎    | 399/760 [10:37<09:04,  1.51s/it]
Loading weights:  53%|█████▎    | 400/760 [10:40<11:17,  1.88s/it]
Loading weights:  54%|█████▎    | 408/760 [10:42<04:38,  1.26it/s]
Loading weights:  54%|█████▍    | 409/760 [10:44<04:57,  1.18it/s]
Loading weights:  54%|█████▍    | 411/760 [10:45<04:29,  1.29it/s]
Loading weights:  54%|█████▍    | 412/760 [10:48<06:47,  1.17s/it]
Loading weights:  54%|█████▍    | 413/760 [10:52<09:00,  1.56s/it]
Loading weights:  54%|█████▍    | 414/760 [10:55<11:02,  1.91s/it]
Loading weights:  55%|█████▍    | 417/760 [10:58<08:43,  1.53s/it]
Loading weights:  55%|█████▌    | 418/760 [11:02<10:54,  1.91s/it]
Loading weights:  55%|█████▌    | 419/760 [11:05<12:09,  2.14s/it]
Loading weights:  56%|█████▌    | 422/760 [11:05<06:47,  1.21s/it]
Loading weights:  56%|█████▌    | 423/760 [11:07<06:49,  1.21s/it]
Loading weights:  56%|█████▌    | 425/760 [11:09<07:10,  1.28s/it]
Loading weights:  56%|█████▌    | 426/760 [11:10<06:03,  1.09s/it]
Loading weights:  56%|█████▋    | 429/760 [11:10<03:20,  1.65it/s]
Loading weights:  57%|█████▋    | 431/760 [11:10<02:33,  2.15it/s]
Loading weights:  57%|█████▋    | 433/760 [11:10<01:57,  2.79it/s]
Loading weights:  57%|█████▋    | 435/760 [11:11<01:35,  3.41it/s]
Loading weights:  58%|█████▊    | 443/760 [11:11<00:41,  7.64it/s]
Loading weights:  59%|█████▊    | 445/760 [11:11<00:40,  7.71it/s]
Loading weights:  59%|█████▉    | 447/760 [11:11<00:38,  8.21it/s]
Loading weights:  60%|█████▉    | 455/760 [11:12<00:25, 11.78it/s]
Loading weights:  60%|██████    | 457/760 [11:12<00:30,  9.92it/s]
Loading weights:  60%|██████    | 459/760 [11:13<00:35,  8.37it/s]
Loading weights:  61%|██████    | 465/760 [11:13<00:21, 13.51it/s]
Loading weights:  62%|██████▏   | 468/760 [11:13<00:25, 11.40it/s]
Loading weights:  62%|██████▏   | 470/760 [11:13<00:30,  9.39it/s]
Loading weights:  62%|██████▏   | 472/760 [11:14<00:34,  8.47it/s]
Loading weights:  63%|██████▎   | 479/760 [11:14<00:21, 13.11it/s]
Loading weights:  63%|██████▎   | 481/760 [11:14<00:23, 11.87it/s]
Loading weights:  64%|██████▎   | 483/760 [11:15<00:28,  9.77it/s]
Loading weights:  64%|██████▍   | 489/760 [11:15<00:17, 15.81it/s]
Loading weights:  65%|██████▍   | 492/760 [11:15<00:18, 14.62it/s]
Loading weights:  65%|██████▌   | 495/760 [11:16<00:32,  8.22it/s]
Loading weights:  66%|██████▌   | 501/760 [11:16<00:20, 12.57it/s]
Loading weights:  66%|██████▋   | 504/760 [11:16<00:20, 12.64it/s]
Loading weights:  67%|██████▋   | 507/760 [11:17<00:28,  8.84it/s]
Loading weights:  68%|██████▊   | 513/760 [11:17<00:18, 13.70it/s]
Loading weights:  68%|██████▊   | 516/760 [11:17<00:18, 13.44it/s]
Loading weights:  68%|██████▊   | 519/760 [11:18<00:24,  9.65it/s]
Loading weights:  69%|██████▉   | 525/760 [11:18<00:16, 14.38it/s]
Loading weights:  69%|██████▉   | 528/760 [11:18<00:20, 11.32it/s]
Loading weights:  70%|██████▉   | 531/760 [11:19<00:26,  8.68it/s]
Loading weights:  71%|███████   | 539/760 [11:19<00:17, 12.90it/s]
Loading weights:  71%|███████   | 541/760 [11:19<00:19, 11.12it/s]
Loading weights:  71%|███████▏  | 543/760 [11:20<00:22,  9.81it/s]
Loading weights:  72%|███████▎  | 551/760 [11:20<00:15, 13.50it/s]
Loading weights:  73%|███████▎  | 553/760 [11:20<00:17, 11.62it/s]
Loading weights:  73%|███████▎  | 555/760 [11:21<00:22,  9.15it/s]
Loading weights:  74%|███████▍  | 563/760 [11:21<00:14, 13.95it/s]
Loading weights:  74%|███████▍  | 565/760 [11:21<00:15, 12.63it/s]
Loading weights:  75%|███████▍  | 567/760 [11:22<00:19, 10.14it/s]
Loading weights:  75%|███████▌  | 573/760 [11:22<00:12, 15.45it/s]
Loading weights:  76%|███████▌  | 576/760 [11:22<00:11, 15.86it/s]
Loading weights:  76%|███████▌  | 579/760 [11:23<00:19,  9.05it/s]
Loading weights:  77%|███████▋  | 585/760 [11:23<00:12, 13.51it/s]
Loading weights:  77%|███████▋  | 588/760 [11:23<00:13, 12.38it/s]
Loading weights:  78%|███████▊  | 590/760 [11:24<00:14, 11.55it/s]
Loading weights:  78%|███████▊  | 592/760 [11:24<00:15, 10.95it/s]
Loading weights:  79%|███████▉  | 599/760 [11:24<00:11, 14.24it/s]
Loading weights:  79%|███████▉  | 601/760 [11:24<00:13, 12.04it/s]
Loading weights:  79%|███████▉  | 603/760 [11:25<00:14, 10.67it/s]
Loading weights:  80%|████████  | 609/760 [11:25<00:08, 17.05it/s]
Loading weights:  81%|████████  | 612/760 [11:25<00:09, 15.70it/s]
Loading weights:  81%|████████  | 615/760 [11:25<00:11, 12.12it/s]
Loading weights:  82%|████████▏ | 621/760 [11:26<00:07, 18.15it/s]
Loading weights:  82%|████████▏ | 624/760 [11:26<00:07, 18.06it/s]
Loading weights:  82%|████████▎ | 627/760 [11:26<00:11, 11.41it/s]
Loading weights:  83%|████████▎ | 633/760 [11:26<00:07, 15.94it/s]
Loading weights:  84%|████████▎ | 636/760 [11:27<00:09, 12.63it/s]
Loading weights:  84%|████████▍ | 638/760 [11:27<00:11, 10.39it/s]
Loading weights:  84%|████████▍ | 640/760 [11:27<00:11, 10.27it/s]
Loading weights:  85%|████████▍ | 645/760 [11:28<00:08, 13.94it/s]
Loading weights:  85%|████████▌ | 647/760 [11:28<00:10, 10.99it/s]
Loading weights:  85%|████████▌ | 649/760 [11:28<00:11,  9.58it/s]
Loading weights:  86%|████████▌ | 651/760 [11:28<00:12,  8.82it/s]
Loading weights:  87%|████████▋ | 659/760 [11:29<00:06, 15.21it/s]
Loading weights:  87%|████████▋ | 661/760 [11:29<00:08, 12.30it/s]
Loading weights:  87%|████████▋ | 663/760 [11:29<00:08, 11.02it/s]
Loading weights:  88%|████████▊ | 669/760 [11:29<00:05, 17.11it/s]
Loading weights:  88%|████████▊ | 672/760 [11:30<00:05, 15.50it/s]
Loading weights:  89%|████████▉ | 675/760 [11:30<00:08,  9.96it/s]
Loading weights:  90%|████████▉ | 681/760 [11:30<00:05, 15.16it/s]
Loading weights:  90%|█████████ | 684/760 [11:31<00:04, 15.66it/s]
Loading weights:  90%|█████████ | 687/760 [11:31<00:08,  8.81it/s]
Loading weights:  91%|█████████▏| 695/760 [11:32<00:04, 13.05it/s]
Loading weights:  92%|█████████▏| 698/760 [11:32<00:05, 12.38it/s]
Loading weights:  92%|█████████▏| 700/760 [11:32<00:05, 10.71it/s]
Loading weights:  93%|█████████▎| 705/760 [11:32<00:03, 13.92it/s]
Loading weights:  93%|█████████▎| 707/760 [11:33<00:04, 12.39it/s]
Loading weights:  93%|█████████▎| 709/760 [11:33<00:05,  9.65it/s]
Loading weights:  94%|█████████▎| 711/760 [11:34<00:06,  7.16it/s]
Loading weights:  95%|█████████▍| 719/760 [11:34<00:03, 12.62it/s]
Loading weights:  95%|█████████▍| 721/760 [11:34<00:03, 10.86it/s]
Loading weights:  95%|█████████▌| 723/760 [11:34<00:03,  9.80it/s]
Loading weights:  96%|█████████▌| 729/760 [11:35<00:02, 15.12it/s]
Loading weights:  96%|█████████▋| 733/760 [11:35<00:02, 12.50it/s]
Loading weights:  97%|█████████▋| 735/760 [11:35<00:02, 10.48it/s]
Loading weights:  98%|█████████▊| 743/760 [11:36<00:01, 14.94it/s]
Loading weights:  98%|█████████▊| 745/760 [11:36<00:01, 12.72it/s]
Loading weights:  98%|█████████▊| 747/760 [11:36<00:01, 10.74it/s]
Loading weights:  99%|█████████▉| 753/760 [11:38<00:01,  5.97it/s]
Loading weights:  99%|█████████▉| 755/760 [11:39<00:01,  4.10it/s]
Loading weights: 100%|██████████| 760/760 [11:39<00:00,  6.13it/s]
Loading weights: 100%|██████████| 760/760 [11:39<00:00,  1.09it/s]
Frozen non-text towers: 4.8M · language still trainable: 2035.3M
LoRA target_modules: ['q_proj', 'k_proj', 'v_proj', 'o_proj', 'gate_proj', 'up_proj', 'down_proj', 'in_proj_qkv', 'out_proj']
trainable params: 36,962,304 || all params: 9,446,776,048 || trainable%: 0.3913

Generating train split: 0 examples [00:00, ? examples/s]
Generating train split: 5674 examples [00:00, 41549.73 examples/s]
Generating train split: 5674 examples [00:00, 41403.14 examples/s]

Map:   0%|          | 0/5674 [00:00<?, ? examples/s]
Map:  18%|█▊        | 1000/5674 [00:00<00:00, 7925.06 examples/s]
Map:  37%|███▋      | 2076/5674 [00:00<00:00, 9427.94 examples/s]
Map:  56%|█████▋    | 3197/5674 [00:00<00:00, 10195.47 examples/s]
Map:  84%|████████▍ | 4754/5674 [00:00<00:00, 10280.44 examples/s]
Map: 100%|██████████| 5674/5674 [00:00<00:00, 9674.93 examples/s] 

Filter:   0%|          | 0/5674 [00:00<?, ? examples/s]
Filter: 100%|██████████| 5674/5674 [00:00<00:00, 48559.71 examples/s]
Filter: 100%|██████████| 5674/5674 [00:00<00:00, 47690.05 examples/s]
Dataset samples (včetně identity): 5674
[transformers] warmup_ratio is deprecated and will be removed in v5.2. Use `warmup_steps` instead.
TrainingArguments optim=paged_adamw_8bit bs=1 ga=8 epochs=2.0 max_steps=-1 seq=2048
GPU free before train: 11.29/23.69 GiB
Using transformers.Trainer ('push_to_hub_token')

Map:   0%|          | 0/5674 [00:00<?, ? examples/s]
Map:  18%|█▊        | 1000/5674 [00:01<00:05, 804.98 examples/s]
Map:  35%|███▌      | 2000/5674 [00:02<00:03, 962.64 examples/s]
Map:  53%|█████▎    | 3000/5674 [00:03<00:02, 1013.09 examples/s]
Map:  70%|███████   | 4000/5674 [00:04<00:01, 1033.78 examples/s]
Map:  88%|████████▊ | 5000/5674 [00:04<00:00, 1040.41 examples/s]
Map: 100%|██████████| 5674/5674 [00:05<00:00, 1040.38 examples/s]
Map: 100%|██████████| 5674/5674 [00:05<00:00, 1006.36 examples/s]
Starting training…
Trainable now: 37.0M / 5761.9M total
Multimodal checkpoint — full FT on language path; vision/audio frozen.

  0%|          | 0/1420 [00:00<?, ?it/s][transformers] `use_cache=True` is incompatible with gradient checkpointing. Setting `use_cache=False`.

  0%|          | 1/1420 [00:46<18:23:18, 46.65s/it]