
==========
== CUDA ==
==========

CUDA Version 12.1.1

Container image Copyright (c) 2016-2023, NVIDIA CORPORATION & AFFILIATES. All rights reserved.

This container image and its contents are governed by the NVIDIA Deep Learning Container License.
By pulling and using the container, you accept the terms and conditions of this license:
https://developer.nvidia.com/ngc/nvidia-deep-learning-container-license

A copy of this license is made available in this container at /NGC-DL-CONTAINER-LICENSE for your convenience.

Config: {
  "model_id": "/models/base",
  "model_params_b": 12.0,
  "dataset_path": "/data/train.jsonl",
  "dataset_format": "alpaca",
  "output_dir": "/workspace/adapter",
  "framework": "peft",
  "method": "qlora",
  "lora_r": 32,
  "lora_alpha": 64,
  "lora_dropout": 0.05,
  "max_seq_length": 768,
  "batch_size": 1,
  "grad_accum": 8,
  "epochs": 2.0,
  "learning_rate": 3e-05,
  "max_steps": -1,
  "load_in_4bit": true,
  "seed": 42,
  "gguf_quant": "q4_k_m",
  "ollama_name": "kuclab-hertz-0.6",
  "identity_name": "KucLab Hertz 0.6",
  "teach_identity": false,
  "identity_repeat": 1,
  "founder": "Jaroslav Ku\u010dera",
  "trained_on": "2026-08-23",
  "system_prompt": "Jsi KucLab Hertz 0.6 \u2014 model od KucLab (kuclab.org) zam\u011b\u0159en\u00fd na fyziku, chemii, biologii, matematiku a programov\u00e1n\u00ed (v\u010detn\u011b modern\u00edho web v\u00fdvoje). Mluv\u00ed\u0161 plynule \u010desky i anglicky v\u010detn\u011b odborn\u00e9 terminologie; odpov\u00edd\u00e1\u0161 v jazyce, kter\u00fdm se pt\u00e1 u\u017eivatel. U v\u00fdpo\u010dt\u016f, odvozen\u00ed a k\u00f3du nejd\u0159\u00edv \u0159ekni v\u00fdsledek nebo z\u00e1v\u011br, pak uka\u017e postup krok za krokem s meziv\u00fdsledky. U ot\u00e1zek s v\u00fdb\u011brem odpov\u011bdi v\u017edy jasn\u011b uve\u010f zvolenou mo\u017enost. Odpov\u00edd\u00e1\u0161 p\u0159\u00edmo, sebejist\u011b a lidsky \u2014 sm\u00ed\u0161 b\u00fdt vtipn\u00fd a pou\u017e\u00edt such\u00fd nebo \u010dern\u00fd humor, pokud se to k t\u00e9matu hod\u00ed, ale nikdy na \u00fakor v\u011bcn\u00e9 spr\u00e1vnosti. Neza\u010d\u00ednej omluvami ani formulacemi typu \"jako AI nemohu\" u b\u011b\u017en\u00fdch, ne\u0161kodn\u00fdch t\u00e9mat. Skute\u010dn\u011b nebezpe\u010dn\u00e9 nebo \u0161kodliv\u00e9 po\u017eadavky odm\u00edtni stru\u010dn\u011b a bez k\u00e1z\u00e1n\u00ed. Kdy\u017e p\u00ed\u0161e\u0161 web k\u00f3d, vyh\u00fdb\u00e1\u0161 se rozpoznateln\u00fdm \"AI slop\" vzor\u016fm (generick\u00e9 gradienty, glassmorphism na s\u00edlu, kli\u0161\u00e9 texty) \u2014 pi\u0161 \u010dist\u00fd, \u00fa\u010deln\u00fd, modern\u00ed k\u00f3d. K aktu\u00e1ln\u00edm dat\u016fm nem\u00e1\u0161 p\u0159\u00edstup. Identitu \u0159ekni jen kdy\u017e se na ni n\u011bkdo zept\u00e1 \u2014 a \u0159ekni, \u017ee t\u011b vytvo\u0159il KucLab, nejmenuj \u017e\u00e1dnou konkr\u00e9tn\u00ed osobu.",
  "packing": false,
  "freeze_vision": true,
  "target_context": 307200,
  "merged_dir": "/workspace/merged"
}
torch=2.5.1+cu121 cuda=True
gpu0=NVIDIA L4
torchvision=0.20.1+cu121
Using PEFT/transformers backend (full or LoRA/QLoRA)
Loading model (PEFT): /models/base method=qlora seq=768 packing=False
[transformers] `torch_dtype` is deprecated! Use `dtype` instead!
Multimodal checkpoint (gemma4_unified) — loading with AutoModelForImageTextToText / ConditionalGeneration

Loading weights:   0%|          | 0/677 [00:00<?, ?it/s]
Loading weights:   0%|          | 1/677 [00:01<17:05,  1.52s/it]
Loading weights:   0%|          | 2/677 [00:02<13:55,  1.24s/it]
Loading weights:   0%|          | 3/677 [00:48<4:04:00, 21.72s/it]
Loading weights:   1%|          | 6/677 [00:51<1:28:44,  7.94s/it]
Loading weights:   1%|          | 7/677 [00:54<1:14:59,  6.72s/it]
Loading weights:   1%|          | 8/677 [00:56<1:02:27,  5.60s/it]
Loading weights:   2%|▏         | 13/677 [00:56<22:28,  2.03s/it] 
Loading weights:   2%|▏         | 14/677 [00:57<20:21,  1.84s/it]
Loading weights:   2%|▏         | 16/677 [00:58<15:01,  1.36s/it]
Loading weights:   3%|▎         | 17/677 [00:58<13:01,  1.18s/it]
Loading weights:   3%|▎         | 20/677 [01:01<11:06,  1.01s/it]
Loading weights:   3%|▎         | 21/677 [01:03<14:08,  1.29s/it]
Loading weights:   3%|▎         | 22/677 [01:06<17:09,  1.57s/it]
Loading weights:   4%|▍         | 27/677 [01:06<07:27,  1.45it/s]
Loading weights:   4%|▍         | 28/677 [01:07<07:34,  1.43it/s]
Loading weights:   4%|▍         | 30/677 [01:08<06:27,  1.67it/s]
Loading weights:   5%|▍         | 31/677 [01:08<05:59,  1.80it/s]
Loading weights:   5%|▌         | 34/677 [01:11<08:07,  1.32it/s]
Loading weights:   5%|▌         | 35/677 [01:14<11:57,  1.12s/it]
Loading weights:   5%|▌         | 36/677 [01:17<15:24,  1.44s/it]
Loading weights:   6%|▌         | 41/677 [01:17<06:46,  1.56it/s]
Loading weights:   6%|▌         | 42/677 [01:18<07:07,  1.48it/s]
Loading weights:   6%|▋         | 44/677 [01:19<06:06,  1.73it/s]
Loading weights:   7%|▋         | 45/677 [01:19<05:51,  1.80it/s]
Loading weights:   7%|▋         | 48/677 [01:22<07:20,  1.43it/s]
Loading weights:   7%|▋         | 49/677 [01:25<11:20,  1.08s/it]
Loading weights:   7%|▋         | 50/677 [01:28<14:51,  1.42s/it]
Loading weights:   8%|▊         | 55/677 [01:28<06:41,  1.55it/s]
Loading weights:   8%|▊         | 56/677 [01:29<06:40,  1.55it/s]
Loading weights:   9%|▊         | 58/677 [01:29<05:49,  1.77it/s]
Loading weights:   9%|▊         | 59/677 [01:30<05:20,  1.93it/s]
Loading weights:   9%|▉         | 62/677 [01:33<07:14,  1.42it/s]
Loading weights:   9%|▉         | 63/677 [01:35<10:28,  1.02s/it]
Loading weights:   9%|▉         | 64/677 [01:38<13:22,  1.31s/it]
Loading weights:  10%|█         | 69/677 [01:38<06:02,  1.68it/s]
Loading weights:  10%|█         | 70/677 [01:39<06:17,  1.61it/s]
Loading weights:  11%|█         | 72/677 [01:40<05:43,  1.76it/s]
Loading weights:  11%|█         | 73/677 [01:40<05:27,  1.85it/s]
Loading weights:  11%|█         | 76/677 [01:43<06:49,  1.47it/s]
Loading weights:  11%|█▏        | 77/677 [01:45<10:13,  1.02s/it]
Loading weights:  12%|█▏        | 78/677 [01:48<13:47,  1.38s/it]
Loading weights:  12%|█▏        | 84/677 [01:50<06:23,  1.55it/s]
Loading weights:  13%|█▎        | 86/677 [01:51<06:26,  1.53it/s]
Loading weights:  13%|█▎        | 89/677 [01:54<07:28,  1.31it/s]
Loading weights:  13%|█▎        | 90/677 [01:57<10:18,  1.05s/it]
Loading weights:  13%|█▎        | 91/677 [01:59<12:50,  1.32s/it]
Loading weights:  14%|█▍        | 96/677 [02:00<06:16,  1.54it/s]
Loading weights:  14%|█▍        | 97/677 [02:01<06:36,  1.46it/s]
Loading weights:  15%|█▍        | 99/677 [02:01<05:42,  1.69it/s]
Loading weights:  15%|█▍        | 100/677 [02:02<05:20,  1.80it/s]
Loading weights:  15%|█▌        | 103/677 [02:05<07:03,  1.36it/s]
Loading weights:  15%|█▌        | 104/677 [02:07<10:07,  1.06s/it]
Loading weights:  16%|█▌        | 105/677 [02:10<13:35,  1.43s/it]
Loading weights:  16%|█▌        | 110/677 [02:11<06:01,  1.57it/s]
Loading weights:  16%|█▋        | 111/677 [02:11<06:05,  1.55it/s]
Loading weights:  17%|█▋        | 113/677 [02:12<05:11,  1.81it/s]
Loading weights:  17%|█▋        | 114/677 [02:12<04:49,  1.94it/s]
Loading weights:  17%|█▋        | 117/677 [02:15<06:18,  1.48it/s]
Loading weights:  17%|█▋        | 118/677 [02:18<09:34,  1.03s/it]
Loading weights:  18%|█▊        | 119/677 [02:21<13:00,  1.40s/it]
Loading weights:  18%|█▊        | 124/677 [02:21<05:55,  1.56it/s]
Loading weights:  18%|█▊        | 125/677 [02:22<05:49,  1.58it/s]
Loading weights:  19%|█▉        | 127/677 [02:23<04:56,  1.85it/s]
Loading weights:  19%|█▉        | 128/677 [02:23<04:40,  1.96it/s]
Loading weights:  19%|█▉        | 131/677 [02:26<06:26,  1.41it/s]
Loading weights:  19%|█▉        | 132/677 [02:28<09:16,  1.02s/it]
Loading weights:  20%|█▉        | 133/677 [02:31<11:56,  1.32s/it]
Loading weights:  20%|██        | 138/677 [02:31<05:19,  1.69it/s]
Loading weights:  21%|██        | 139/677 [02:32<05:20,  1.68it/s]
Loading weights:  21%|██        | 141/677 [02:33<04:41,  1.90it/s]
Loading weights:  21%|██        | 142/677 [02:33<04:28,  2.00it/s]
Loading weights:  21%|██▏       | 145/677 [02:36<06:21,  1.39it/s]
Loading weights:  22%|██▏       | 146/677 [02:39<09:45,  1.10s/it]
Loading weights:  22%|██▏       | 147/677 [02:41<11:57,  1.35s/it]
Loading weights:  22%|██▏       | 152/677 [02:42<05:26,  1.61it/s]
Loading weights:  23%|██▎       | 153/677 [02:43<05:28,  1.59it/s]
Loading weights:  23%|██▎       | 155/677 [02:43<04:47,  1.82it/s]
Loading weights:  23%|██▎       | 156/677 [02:44<04:31,  1.92it/s]
Loading weights:  23%|██▎       | 159/677 [02:46<05:52,  1.47it/s]
Loading weights:  24%|██▎       | 160/677 [02:49<08:57,  1.04s/it]
Loading weights:  24%|██▍       | 161/677 [02:52<11:51,  1.38s/it]
Loading weights:  25%|██▍       | 167/677 [02:53<05:36,  1.51it/s]
Loading weights:  25%|██▍       | 169/677 [02:55<05:46,  1.47it/s]
Loading weights:  25%|██▌       | 172/677 [02:58<06:19,  1.33it/s]
Loading weights:  26%|██▌       | 173/677 [03:01<08:54,  1.06s/it]
Loading weights:  26%|██▌       | 174/677 [03:03<11:17,  1.35s/it]
Loading weights:  26%|██▋       | 179/677 [03:04<05:35,  1.48it/s]
Loading weights:  27%|██▋       | 180/677 [03:04<05:32,  1.49it/s]
Loading weights:  27%|██▋       | 182/677 [03:05<04:45,  1.73it/s]
Loading weights:  27%|██▋       | 183/677 [03:06<04:30,  1.83it/s]
Loading weights:  27%|██▋       | 186/677 [03:08<05:47,  1.41it/s]
Loading weights:  28%|██▊       | 187/677 [03:11<08:48,  1.08s/it]
Loading weights:  28%|██▊       | 188/677 [03:14<11:25,  1.40s/it]
Loading weights:  29%|██▊       | 193/677 [03:14<05:07,  1.58it/s]
Loading weights:  29%|██▊       | 194/677 [03:15<05:09,  1.56it/s]
Loading weights:  29%|██▉       | 196/677 [03:16<04:24,  1.82it/s]
Loading weights:  29%|██▉       | 197/677 [03:16<04:08,  1.93it/s]
Loading weights:  30%|██▉       | 200/677 [03:19<05:24,  1.47it/s]
Loading weights:  30%|██▉       | 201/677 [03:21<07:38,  1.04it/s]
Loading weights:  30%|██▉       | 202/677 [03:24<10:50,  1.37s/it]
Loading weights:  31%|███       | 207/677 [03:25<04:54,  1.60it/s]
Loading weights:  31%|███       | 208/677 [03:25<05:00,  1.56it/s]
Loading weights:  31%|███       | 210/677 [03:26<04:19,  1.80it/s]
Loading weights:  31%|███       | 211/677 [03:26<04:03,  1.92it/s]
Loading weights:  32%|███▏      | 214/677 [03:29<05:14,  1.47it/s]
Loading weights:  32%|███▏      | 215/677 [03:32<07:30,  1.03it/s]
Loading weights:  32%|███▏      | 216/677 [03:34<09:49,  1.28s/it]
Loading weights:  33%|███▎      | 221/677 [03:34<04:22,  1.74it/s]
Loading weights:  33%|███▎      | 222/677 [03:35<04:29,  1.69it/s]
Loading weights:  33%|███▎      | 224/677 [03:36<03:53,  1.94it/s]
Loading weights:  33%|███▎      | 225/677 [03:36<03:38,  2.07it/s]
Loading weights:  34%|███▎      | 228/677 [03:39<04:50,  1.55it/s]
Loading weights:  34%|███▍      | 229/677 [03:41<07:01,  1.06it/s]
Loading weights:  34%|███▍      | 230/677 [03:44<09:20,  1.25s/it]
Loading weights:  35%|███▍      | 235/677 [03:44<04:13,  1.74it/s]
Loading weights:  35%|███▍      | 236/677 [03:45<04:25,  1.66it/s]
Loading weights:  35%|███▌      | 238/677 [03:46<03:46,  1.94it/s]
Loading weights:  35%|███▌      | 239/677 [03:46<03:28,  2.10it/s]
Loading weights:  36%|███▌      | 242/677 [03:49<04:47,  1.51it/s]
Loading weights:  36%|███▌      | 243/677 [03:51<07:18,  1.01s/it]
Loading weights:  36%|███▌      | 244/677 [03:54<09:31,  1.32s/it]
Loading weights:  37%|███▋      | 250/677 [03:56<04:47,  1.49it/s]
Loading weights:  37%|███▋      | 252/677 [03:57<05:03,  1.40it/s]
Loading weights:  38%|███▊      | 255/677 [04:00<05:37,  1.25it/s]
Loading weights:  38%|███▊      | 256/677 [04:03<07:12,  1.03s/it]
Loading weights:  38%|███▊      | 257/677 [04:05<08:58,  1.28s/it]
Loading weights:  39%|███▊      | 262/677 [04:06<04:18,  1.60it/s]
Loading weights:  39%|███▉      | 263/677 [04:06<04:28,  1.54it/s]
Loading weights:  39%|███▉      | 265/677 [04:07<04:00,  1.72it/s]
Loading weights:  39%|███▉      | 266/677 [04:08<03:40,  1.86it/s]
Loading weights:  40%|███▉      | 269/677 [04:11<05:15,  1.29it/s]
Loading weights:  40%|███▉      | 270/677 [04:13<07:13,  1.07s/it]
Loading weights:  40%|████      | 271/677 [04:16<09:01,  1.33s/it]
Loading weights:  41%|████      | 276/677 [04:16<04:07,  1.62it/s]
Loading weights:  41%|████      | 277/677 [04:17<04:12,  1.59it/s]
Loading weights:  41%|████      | 279/677 [04:18<03:38,  1.82it/s]
Loading weights:  41%|████▏     | 280/677 [04:18<03:25,  1.93it/s]
Loading weights:  42%|████▏     | 283/677 [04:21<04:50,  1.36it/s]
Loading weights:  42%|████▏     | 284/677 [04:24<06:46,  1.03s/it]
Loading weights:  42%|████▏     | 285/677 [04:26<08:51,  1.35s/it]
Loading weights:  43%|████▎     | 290/677 [04:27<03:58,  1.62it/s]
Loading weights:  43%|████▎     | 291/677 [04:28<04:10,  1.54it/s]
Loading weights:  43%|████▎     | 293/677 [04:28<03:35,  1.78it/s]
Loading weights:  43%|████▎     | 294/677 [04:29<03:20,  1.91it/s]
Loading weights:  44%|████▍     | 297/677 [04:31<04:20,  1.46it/s]
Loading weights:  44%|████▍     | 298/677 [04:34<06:37,  1.05s/it]
Loading weights:  44%|████▍     | 299/677 [04:37<08:18,  1.32s/it]
Loading weights:  45%|████▍     | 304/677 [04:37<03:42,  1.68it/s]
Loading weights:  45%|████▌     | 305/677 [04:38<03:47,  1.63it/s]
Loading weights:  45%|████▌     | 307/677 [04:39<03:29,  1.77it/s]
Loading weights:  45%|████▌     | 308/677 [04:39<03:14,  1.89it/s]
Loading weights:  46%|████▌     | 311/677 [04:42<04:06,  1.49it/s]
Loading weights:  46%|████▌     | 312/677 [04:44<06:14,  1.03s/it]
Loading weights:  46%|████▌     | 313/677 [04:47<07:53,  1.30s/it]
Loading weights:  47%|████▋     | 318/677 [04:47<03:34,  1.68it/s]
Loading weights:  47%|████▋     | 319/677 [04:48<03:30,  1.70it/s]
Loading weights:  47%|████▋     | 321/677 [04:49<03:06,  1.90it/s]
Loading weights:  48%|████▊     | 322/677 [04:49<02:57,  2.00it/s]
Loading weights:  48%|████▊     | 325/677 [04:52<04:07,  1.42it/s]
Loading weights:  48%|████▊     | 326/677 [04:55<06:16,  1.07s/it]
Loading weights:  48%|████▊     | 327/677 [04:58<08:09,  1.40s/it]
Loading weights:  49%|████▉     | 333/677 [04:59<03:46,  1.52it/s]
Loading weights:  49%|████▉     | 335/677 [05:00<03:45,  1.52it/s]
Loading weights:  50%|████▉     | 338/677 [05:03<04:22,  1.29it/s]
Loading weights:  50%|█████     | 339/677 [05:06<06:16,  1.11s/it]
Loading weights:  50%|█████     | 340/677 [05:10<08:35,  1.53s/it]
Loading weights:  51%|█████     | 345/677 [05:11<04:17,  1.29it/s]
Loading weights:  51%|█████     | 346/677 [05:11<04:06,  1.34it/s]
Loading weights:  51%|█████▏    | 348/677 [05:12<03:35,  1.53it/s]
Loading weights:  52%|█████▏    | 349/677 [05:12<03:18,  1.65it/s]
Loading weights:  52%|█████▏    | 352/677 [05:15<03:58,  1.37it/s]
Loading weights:  52%|█████▏    | 353/677 [05:18<06:03,  1.12s/it]
Loading weights:  52%|█████▏    | 354/677 [05:21<07:34,  1.41s/it]
Loading weights:  53%|█████▎    | 359/677 [05:21<03:26,  1.54it/s]
Loading weights:  53%|█████▎    | 360/677 [05:22<03:29,  1.51it/s]
Loading weights:  53%|█████▎    | 362/677 [05:23<03:00,  1.74it/s]
Loading weights:  54%|█████▎    | 363/677 [05:23<02:49,  1.85it/s]
Loading weights:  54%|█████▍    | 366/677 [05:26<03:43,  1.39it/s]
Loading weights:  54%|█████▍    | 367/677 [05:29<05:48,  1.12s/it]
Loading weights:  54%|█████▍    | 368/677 [05:33<08:30,  1.65s/it]
Loading weights:  55%|█████▌    | 373/677 [05:34<03:45,  1.35it/s]
Loading weights:  55%|█████▌    | 374/677 [05:35<04:01,  1.25it/s]
Loading weights:  56%|█████▌    | 376/677 [05:36<03:49,  1.31it/s]
Loading weights:  56%|█████▌    | 377/677 [05:37<03:36,  1.39it/s]
Loading weights:  56%|█████▌    | 380/677 [05:41<04:56,  1.00it/s]
Loading weights:  56%|█████▋    | 381/677 [05:45<07:25,  1.50s/it]
Loading weights:  56%|█████▋    | 382/677 [05:48<08:49,  1.79s/it]
Loading weights:  57%|█████▋    | 387/677 [05:48<03:48,  1.27it/s]
Loading weights:  57%|█████▋    | 388/677 [05:49<03:47,  1.27it/s]
Loading weights:  58%|█████▊    | 390/677 [05:50<03:18,  1.45it/s]
Loading weights:  58%|█████▊    | 391/677 [05:50<03:01,  1.58it/s]
Loading weights:  58%|█████▊    | 394/677 [05:53<03:33,  1.33it/s]
Loading weights:  58%|█████▊    | 395/677 [05:55<05:01,  1.07s/it]
Loading weights:  58%|█████▊    | 396/677 [05:58<06:21,  1.36s/it]
Loading weights:  59%|█████▉    | 401/677 [05:58<02:50,  1.62it/s]
Loading weights:  59%|█████▉    | 402/677 [05:59<03:05,  1.49it/s]
Loading weights:  60%|█████▉    | 404/677 [06:00<02:34,  1.76it/s]
Loading weights:  60%|█████▉    | 405/677 [06:00<02:20,  1.94it/s]
Loading weights:  60%|██████    | 408/677 [06:03<03:09,  1.42it/s]
Loading weights:  60%|██████    | 409/677 [06:07<05:13,  1.17s/it]
Loading weights:  61%|██████    | 410/677 [06:10<06:57,  1.56s/it]
Loading weights:  61%|██████▏   | 415/677 [06:11<03:20,  1.31it/s]
Loading weights:  61%|██████▏   | 416/677 [06:12<03:47,  1.14it/s]
Loading weights:  62%|██████▏   | 418/677 [06:14<03:32,  1.22it/s]
Loading weights:  62%|██████▏   | 421/677 [06:18<04:34,  1.07s/it]
Loading weights:  62%|██████▏   | 422/677 [06:21<05:46,  1.36s/it]
Loading weights:  62%|██████▏   | 423/677 [06:24<07:04,  1.67s/it]
Loading weights:  63%|██████▎   | 428/677 [06:25<03:12,  1.29it/s]
Loading weights:  63%|██████▎   | 429/677 [06:25<03:14,  1.28it/s]
Loading weights:  64%|██████▎   | 431/677 [06:26<02:49,  1.46it/s]
Loading weights:  64%|██████▍   | 432/677 [06:27<02:38,  1.55it/s]
Loading weights:  64%|██████▍   | 435/677 [06:30<03:17,  1.23it/s]
Loading weights:  64%|██████▍   | 436/677 [06:33<04:59,  1.24s/it]
Loading weights:  65%|██████▍   | 437/677 [06:36<05:57,  1.49s/it]
Loading weights:  65%|██████▌   | 442/677 [06:36<02:40,  1.46it/s]
Loading weights:  65%|██████▌   | 443/677 [06:37<02:41,  1.45it/s]
Loading weights:  66%|██████▌   | 445/677 [06:38<02:15,  1.71it/s]
Loading weights:  66%|██████▌   | 446/677 [06:38<02:04,  1.86it/s]
Loading weights:  66%|██████▋   | 449/677 [06:41<02:35,  1.47it/s]
Loading weights:  66%|██████▋   | 450/677 [06:43<03:49,  1.01s/it]
Loading weights:  67%|██████▋   | 451/677 [06:46<05:02,  1.34s/it]
Loading weights:  67%|██████▋   | 456/677 [06:46<02:14,  1.65it/s]
Loading weights:  68%|██████▊   | 457/677 [06:47<02:16,  1.61it/s]
Loading weights:  68%|██████▊   | 459/677 [06:48<02:00,  1.81it/s]
Loading weights:  68%|██████▊   | 460/677 [06:48<01:54,  1.90it/s]
Loading weights:  68%|██████▊   | 463/677 [06:51<02:27,  1.45it/s]
Loading weights:  69%|██████▊   | 464/677 [06:54<03:37,  1.02s/it]
Loading weights:  69%|██████▊   | 465/677 [06:56<04:38,  1.31s/it]
Loading weights:  69%|██████▉   | 468/677 [06:56<02:33,  1.36it/s]
Loading weights:  69%|██████▉   | 470/677 [06:57<01:56,  1.78it/s]
Loading weights:  70%|██████▉   | 471/677 [06:57<02:00,  1.71it/s]
Loading weights:  70%|██████▉   | 473/677 [06:58<01:45,  1.94it/s]
Loading weights:  70%|███████   | 474/677 [06:58<01:41,  2.00it/s]
Loading weights:  70%|███████   | 477/677 [07:01<02:28,  1.35it/s]
Loading weights:  71%|███████   | 478/677 [07:05<03:47,  1.14s/it]
Loading weights:  71%|███████   | 479/677 [07:07<04:44,  1.44s/it]
Loading weights:  71%|███████▏  | 484/677 [07:08<02:03,  1.57it/s]
Loading weights:  72%|███████▏  | 485/677 [07:08<02:02,  1.57it/s]
Loading weights:  72%|███████▏  | 487/677 [07:09<01:46,  1.78it/s]
Loading weights:  72%|███████▏  | 488/677 [07:09<01:35,  1.98it/s]
Loading weights:  73%|███████▎  | 491/677 [07:13<02:30,  1.24it/s]
Loading weights:  73%|███████▎  | 492/677 [07:16<03:35,  1.16s/it]
Loading weights:  73%|███████▎  | 493/677 [07:19<04:31,  1.48s/it]
Loading weights:  73%|███████▎  | 495/677 [07:19<02:56,  1.03it/s]
Loading weights:  74%|███████▎  | 499/677 [07:20<01:56,  1.52it/s]
Loading weights:  74%|███████▍  | 501/677 [07:21<01:54,  1.54it/s]
Loading weights:  74%|███████▍  | 504/677 [07:24<02:03,  1.40it/s]
Loading weights:  75%|███████▍  | 505/677 [07:27<02:57,  1.03s/it]
Loading weights:  75%|███████▍  | 506/677 [07:30<04:13,  1.48s/it]
Loading weights:  75%|███████▌  | 511/677 [07:31<02:00,  1.38it/s]
Loading weights:  76%|███████▌  | 512/677 [07:32<02:02,  1.35it/s]
Loading weights:  76%|███████▌  | 514/677 [07:32<01:44,  1.56it/s]
Loading weights:  76%|███████▌  | 515/677 [07:33<01:33,  1.73it/s]
Loading weights:  77%|███████▋  | 518/677 [07:36<01:58,  1.34it/s]
Loading weights:  77%|███████▋  | 519/677 [07:39<02:53,  1.10s/it]
Loading weights:  77%|███████▋  | 520/677 [07:42<03:49,  1.46s/it]
Loading weights:  78%|███████▊  | 525/677 [07:42<01:40,  1.52it/s]
Loading weights:  78%|███████▊  | 526/677 [07:43<01:39,  1.52it/s]
Loading weights:  78%|███████▊  | 528/677 [07:43<01:28,  1.69it/s]
Loading weights:  78%|███████▊  | 529/677 [07:44<01:22,  1.80it/s]
Loading weights:  79%|███████▊  | 532/677 [07:47<01:45,  1.38it/s]
Loading weights:  79%|███████▊  | 533/677 [07:50<02:52,  1.19s/it]
Loading weights:  79%|███████▉  | 534/677 [07:53<03:41,  1.55s/it]
Loading weights:  80%|███████▉  | 539/677 [07:54<01:36,  1.43it/s]
Loading weights:  80%|███████▉  | 540/677 [07:54<01:35,  1.43it/s]
Loading weights:  80%|████████  | 542/677 [07:55<01:20,  1.67it/s]
Loading weights:  80%|████████  | 543/677 [07:55<01:13,  1.83it/s]
Loading weights:  81%|████████  | 546/677 [07:58<01:32,  1.42it/s]
Loading weights:  81%|████████  | 547/677 [08:01<02:13,  1.03s/it]
Loading weights:  81%|████████  | 548/677 [08:03<02:56,  1.37s/it]
Loading weights:  82%|████████▏ | 553/677 [08:04<01:16,  1.63it/s]
Loading weights:  82%|████████▏ | 554/677 [08:05<01:17,  1.60it/s]
Loading weights:  82%|████████▏ | 556/677 [08:05<01:09,  1.73it/s]
Loading weights:  82%|████████▏ | 557/677 [08:06<01:05,  1.83it/s]
Loading weights:  83%|████████▎ | 560/677 [08:09<01:26,  1.35it/s]
Loading weights:  83%|████████▎ | 561/677 [08:12<02:04,  1.07s/it]
Loading weights:  83%|████████▎ | 562/677 [08:14<02:38,  1.38s/it]
Loading weights:  84%|████████▍ | 567/677 [08:15<01:09,  1.58it/s]
Loading weights:  84%|████████▍ | 568/677 [08:15<01:11,  1.53it/s]
Loading weights:  84%|████████▍ | 570/677 [08:16<01:02,  1.72it/s]
Loading weights:  84%|████████▍ | 571/677 [08:17<00:55,  1.90it/s]
Loading weights:  85%|████████▍ | 574/677 [08:19<01:10,  1.46it/s]
Loading weights:  85%|████████▍ | 575/677 [08:22<01:42,  1.01s/it]
Loading weights:  85%|████████▌ | 576/677 [08:25<02:23,  1.42s/it]
Loading weights:  86%|████████▌ | 581/677 [08:25<00:58,  1.64it/s]
Loading weights:  86%|████████▌ | 583/677 [08:27<01:01,  1.53it/s]
Loading weights:  86%|████████▋ | 585/677 [08:28<01:03,  1.46it/s]
Loading weights:  87%|████████▋ | 587/677 [08:31<01:22,  1.10it/s]
Loading weights:  87%|████████▋ | 588/677 [08:34<01:47,  1.20s/it]
Loading weights:  87%|████████▋ | 589/677 [08:36<02:06,  1.43s/it]
Loading weights:  88%|████████▊ | 594/677 [08:37<00:54,  1.52it/s]
Loading weights:  88%|████████▊ | 595/677 [08:37<00:54,  1.52it/s]
Loading weights:  88%|████████▊ | 597/677 [08:38<00:46,  1.73it/s]
Loading weights:  88%|████████▊ | 598/677 [08:39<00:42,  1.87it/s]
Loading weights:  88%|████████▊ | 599/677 [08:39<00:35,  2.21it/s]
Loading weights:  89%|████████▉ | 601/677 [08:41<00:58,  1.31it/s]
Loading weights:  89%|████████▉ | 602/677 [08:44<01:29,  1.19s/it]
Loading weights:  89%|████████▉ | 603/677 [08:47<01:56,  1.58s/it]
Loading weights:  90%|████████▉ | 608/677 [08:47<00:44,  1.57it/s]
Loading weights:  90%|████████▉ | 609/677 [08:48<00:45,  1.48it/s]
Loading weights:  90%|█████████ | 611/677 [08:49<00:39,  1.66it/s]
Loading weights:  90%|█████████ | 612/677 [08:49<00:35,  1.81it/s]
Loading weights:  91%|█████████ | 615/677 [08:52<00:45,  1.37it/s]
Loading weights:  91%|█████████ | 616/677 [08:55<01:04,  1.05s/it]
Loading weights:  91%|█████████ | 617/677 [08:58<01:22,  1.37s/it]
Loading weights:  92%|█████████▏| 622/677 [08:58<00:34,  1.60it/s]
Loading weights:  92%|█████████▏| 623/677 [08:59<00:34,  1.55it/s]
Loading weights:  92%|█████████▏| 625/677 [09:00<00:30,  1.70it/s]
Loading weights:  92%|█████████▏| 626/677 [09:00<00:28,  1.79it/s]
Loading weights:  93%|█████████▎| 629/677 [09:03<00:35,  1.35it/s]
Loading weights:  93%|█████████▎| 630/677 [09:06<00:50,  1.08s/it]
Loading weights:  93%|█████████▎| 631/677 [09:09<01:04,  1.41s/it]
Loading weights:  94%|█████████▍| 636/677 [09:09<00:26,  1.56it/s]
Loading weights:  94%|█████████▍| 637/677 [09:10<00:25,  1.58it/s]
Loading weights:  94%|█████████▍| 639/677 [09:11<00:21,  1.75it/s]
Loading weights:  95%|█████████▍| 640/677 [09:11<00:19,  1.90it/s]
Loading weights:  95%|█████████▍| 643/677 [09:13<00:23,  1.47it/s]
Loading weights:  95%|█████████▌| 644/677 [09:16<00:32,  1.02it/s]
Loading weights:  95%|█████████▌| 645/677 [09:19<00:42,  1.31s/it]
Loading weights:  96%|█████████▌| 650/677 [09:19<00:15,  1.69it/s]
Loading weights:  96%|█████████▌| 651/677 [09:20<00:15,  1.64it/s]
Loading weights:  96%|█████████▋| 653/677 [09:20<00:13,  1.84it/s]
Loading weights:  97%|█████████▋| 654/677 [09:21<00:11,  1.95it/s]
Loading weights:  97%|█████████▋| 657/677 [09:23<00:13,  1.50it/s]
Loading weights:  97%|█████████▋| 658/677 [09:26<00:18,  1.01it/s]
Loading weights:  97%|█████████▋| 659/677 [09:29<00:23,  1.28s/it]
Loading weights:  98%|█████████▊| 664/677 [09:29<00:07,  1.74it/s]
Loading weights:  98%|█████████▊| 665/677 [09:30<00:08,  1.46it/s]
Loading weights:  99%|█████████▊| 667/677 [09:32<00:07,  1.34it/s]
Loading weights:  99%|█████████▊| 668/677 [09:32<00:05,  1.57it/s]
Loading weights:  99%|█████████▉| 670/677 [09:33<00:04,  1.55it/s]
Loading weights:  99%|█████████▉| 672/677 [09:34<00:02,  2.19it/s]
Loading weights: 100%|█████████▉| 675/677 [09:34<00:00,  2.79it/s]
Loading weights: 100%|██████████| 677/677 [09:35<00:00,  1.18it/s]
Frozen non-text towers: 8.6M · language still trainable: 1007.4M
LoRA target_modules: ['q_proj', 'k_proj', 'v_proj', 'o_proj', 'gate_proj', 'up_proj', 'down_proj']
trainable params: 131,137,536 || all params: 12,090,867,712 || trainable%: 1.0846

Generating train split: 0 examples [00:00, ? examples/s]
Generating train split: 2944 examples [00:00, 49406.16 examples/s]

Map:   0%|          | 0/2944 [00:00<?, ? examples/s]
Map:  61%|██████▏   | 1809/2944 [00:00<00:00, 17570.52 examples/s]
Map: 100%|██████████| 2944/2944 [00:00<00:00, 15319.19 examples/s]

Filter:   0%|          | 0/2944 [00:00<?, ? examples/s]
Filter: 100%|██████████| 2944/2944 [00:00<00:00, 45350.16 examples/s]
Dataset samples (včetně identity): 2944
[transformers] warmup_ratio is deprecated and will be removed in v5.2. Use `warmup_steps` instead.
TrainingArguments optim=paged_adamw_8bit bs=1 ga=8 epochs=2.0 max_steps=-1 seq=768
GPU free before train: 13.19/23.69 GiB
Using transformers.Trainer ('push_to_hub_token')

Map:   0%|          | 0/2944 [00:00<?, ? examples/s]
Map:  34%|███▍      | 1000/2944 [00:01<00:02, 852.64 examples/s]
Map:  68%|██████▊   | 2000/2944 [00:01<00:00, 1660.80 examples/s]
Map: 100%|██████████| 2944/2944 [00:01<00:00, 2387.92 examples/s]
Map: 100%|██████████| 2944/2944 [00:01<00:00, 1861.11 examples/s]
Starting training…
Trainable now: 131.1M / 6619.0M total
Multimodal checkpoint — full FT on language path; vision/audio frozen.

  0%|          | 0/736 [00:00<?, ?it/s]
  0%|          | 1/736 [00:24<5:04:40, 24.87s/it]
  0%|          | 2/736 [00:35<3:20:08, 16.36s/it]
  0%|          | 3/736 [00:45<2:46:18, 13.61s/it]
  1%|          | 4/736 [00:55<2:30:05, 12.30s/it]
  1%|          | 5/736 [01:06<2:20:59, 11.57s/it]
  1%|          | 6/736 [01:16<2:15:22, 11.13s/it]
  1%|          | 7/736 [01:26<2:10:30, 10.74s/it]
  1%|          | 8/736 [01:36<2:08:31, 10.59s/it]
  1%|          | 9/736 [01:47<2:08:53, 10.64s/it]
  1%|▏         | 10/736 [01:57<2:06:46, 10.48s/it]
  1%|▏         | 11/736 [02:07<2:05:54, 10.42s/it]
  2%|▏         | 12/736 [02:17<2:04:03, 10.28s/it]
  2%|▏         | 13/736 [02:28<2:03:41, 10.26s/it]
  2%|▏         | 14/736 [02:38<2:03:39, 10.28s/it]
  2%|▏         | 15/736 [02:48<2:04:29, 10.36s/it]
  2%|▏         | 16/736 [02:59<2:03:31, 10.29s/it]
  2%|▏         | 17/736 [03:09<2:02:26, 10.22s/it]
  2%|▏         | 18/736 [03:19<2:02:04, 10.20s/it]
  3%|▎         | 19/736 [03:29<2:01:58, 10.21s/it]
  3%|▎         | 20/736 [03:40<2:03:52, 10.38s/it]
                                                  
{'loss': '9.281', 'grad_norm': '303.7', 'learning_rate': '2.478e-05', 'epoch': '0.05435'}

  3%|▎         | 20/736 [03:40<2:03:52, 10.38s/it]
  3%|▎         | 21/736 [03:50<2:03:40, 10.38s/it]
  3%|▎         | 22/736 [04:00<2:02:44, 10.31s/it]
  3%|▎         | 23/736 [04:10<2:01:29, 10.22s/it]
  3%|▎         | 24/736 [04:21<2:01:53, 10.27s/it]
  3%|▎         | 25/736 [04:31<2:02:56, 10.38s/it]
  4%|▎         | 26/736 [04:42<2:03:46, 10.46s/it]
  4%|▎         | 27/736 [04:52<2:03:28, 10.45s/it]
  4%|▍         | 28/736 [05:02<2:02:06, 10.35s/it]
  4%|▍         | 29/736 [05:13<2:02:11, 10.37s/it]
  4%|▍         | 30/736 [05:23<2:01:40, 10.34s/it]
  4%|▍         | 31/736 [05:34<2:02:09, 10.40s/it]
  4%|▍         | 32/736 [05:44<2:01:19, 10.34s/it]
  4%|▍         | 33/736 [05:54<1:59:36, 10.21s/it]
  5%|▍         | 34/736 [06:04<1:59:35, 10.22s/it]
  5%|▍         | 35/736 [06:14<1:59:45, 10.25s/it]
  5%|▍         | 36/736 [06:24<1:59:00, 10.20s/it]
  5%|▌         | 37/736 [06:35<1:58:52, 10.20s/it]
  5%|▌         | 38/736 [06:45<1:58:28, 10.18s/it]
  5%|▌         | 39/736 [06:55<1:58:49, 10.23s/it]
  5%|▌         | 40/736 [07:05<1:58:35, 10.22s/it]
                                                  
{'loss': '4.5', 'grad_norm': '34.21', 'learning_rate': '2.996e-05', 'epoch': '0.1087'}

  5%|▌         | 40/736 [07:05<1:58:35, 10.22s/it]
  6%|▌         | 41/736 [07:16<1:58:30, 10.23s/it]
  6%|▌         | 42/736 [07:26<1:59:42, 10.35s/it]
  6%|▌         | 43/736 [07:36<1:58:31, 10.26s/it]
  6%|▌         | 44/736 [07:46<1:58:05, 10.24s/it]
  6%|▌         | 45/736 [07:56<1:57:14, 10.18s/it]
  6%|▋         | 46/736 [08:07<1:56:55, 10.17s/it]
  6%|▋         | 47/736 [08:17<1:56:21, 10.13s/it]
  7%|▋         | 48/736 [08:26<1:54:59, 10.03s/it]
  7%|▋         | 49/736 [08:37<1:55:00, 10.04s/it]
  7%|▋         | 50/736 [08:47<1:55:36, 10.11s/it]
  7%|▋         | 51/736 [08:57<1:56:10, 10.18s/it]
  7%|▋         | 52/736 [09:08<1:56:53, 10.25s/it]
  7%|▋         | 53/736 [09:18<1:56:47, 10.26s/it]
  7%|▋         | 54/736 [09:28<1:55:30, 10.16s/it]
  7%|▋         | 55/736 [09:38<1:55:50, 10.21s/it]
  8%|▊         | 56/736 [09:48<1:56:18, 10.26s/it]
  8%|▊         | 57/736 [09:59<1:55:46, 10.23s/it]
  8%|▊         | 58/736 [10:09<1:55:26, 10.22s/it]
  8%|▊         | 59/736 [10:19<1:54:21, 10.13s/it]
  8%|▊         | 60/736 [10:29<1:54:50, 10.19s/it]
                                                  
{'loss': '2.297', 'grad_norm': '8.181', 'learning_rate': '2.981e-05', 'epoch': '0.163'}

  8%|▊         | 60/736 [10:29<1:54:50, 10.19s/it]
  8%|▊         | 61/736 [10:39<1:54:15, 10.16s/it]
  8%|▊         | 62/736 [10:49<1:54:23, 10.18s/it]
  9%|▊         | 63/736 [11:00<1:54:38, 10.22s/it]
  9%|▊         | 64/736 [11:10<1:53:38, 10.15s/it]
  9%|▉         | 65/736 [11:20<1:53:37, 10.16s/it]
  9%|▉         | 66/736 [11:30<1:53:12, 10.14s/it]
  9%|▉         | 67/736 [11:40<1:53:35, 10.19s/it]
  9%|▉         | 68/736 [11:51<1:53:36, 10.20s/it]
  9%|▉         | 69/736 [12:01<1:53:15, 10.19s/it]
 10%|▉         | 70/736 [12:11<1:53:29, 10.22s/it]
 10%|▉         | 71/736 [12:21<1:54:01, 10.29s/it]
 10%|▉         | 72/736 [12:31<1:53:06, 10.22s/it]
 10%|▉         | 73/736 [12:42<1:52:47, 10.21s/it]
 10%|█         | 74/736 [12:52<1:52:43, 10.22s/it]
 10%|█         | 75/736 [13:02<1:51:47, 10.15s/it]
 10%|█         | 76/736 [13:12<1:51:46, 10.16s/it]
 10%|█         | 77/736 [13:22<1:51:20, 10.14s/it]
 11%|█         | 78/736 [13:33<1:52:26, 10.25s/it]
 11%|█         | 79/736 [13:43<1:52:28, 10.27s/it]
 11%|█         | 80/736 [13:53<1:51:04, 10.16s/it]
                                                  
{'loss': '1.581', 'grad_norm': '5.893', 'learning_rate': '2.955e-05', 'epoch': '0.2174'}

 11%|█         | 80/736 [13:53<1:51:04, 10.16s/it]
 11%|█         | 81/736 [14:03<1:51:43, 10.23s/it]
 11%|█         | 82/736 [14:13<1:51:08, 10.20s/it]
 11%|█▏        | 83/736 [14:24<1:50:47, 10.18s/it]
 11%|█▏        | 84/736 [14:34<1:50:34, 10.18s/it]
 12%|█▏        | 85/736 [14:44<1:49:59, 10.14s/it]
 12%|█▏        | 86/736 [14:54<1:49:39, 10.12s/it]
 12%|█▏        | 87/736 [15:04<1:50:40, 10.23s/it]
 12%|█▏        | 88/736 [15:15<1:50:47, 10.26s/it]
 12%|█▏        | 89/736 [15:25<1:49:51, 10.19s/it]
 12%|█▏        | 90/736 [15:35<1:49:22, 10.16s/it]
 12%|█▏        | 91/736 [15:45<1:49:17, 10.17s/it]
 12%|█▎        | 92/736 [15:55<1:49:27, 10.20s/it]
 13%|█▎        | 93/736 [16:06<1:49:54, 10.26s/it]
 13%|█▎        | 94/736 [16:16<1:49:24, 10.22s/it]
 13%|█▎        | 95/736 [16:26<1:48:03, 10.11s/it]
 13%|█▎        | 96/736 [16:36<1:47:27, 10.07s/it]
 13%|█▎        | 97/736 [16:46<1:47:45, 10.12s/it]
 13%|█▎        | 98/736 [16:56<1:47:24, 10.10s/it]
 13%|█▎        | 99/736 [17:06<1:47:47, 10.15s/it]
 14%|█▎        | 100/736 [17:16<1:47:38, 10.15s/it]
                                                   

 14%|█▎        | 100/736 [17:16<1:47:38, 10.15s/it]{'loss': '1.095', 'grad_norm': '36.91', 'learning_rate': '2.917e-05', 'epoch': '0.2717'}

 14%|█▎        | 101/736 [17:26<1:46:18, 10.04s/it]
 14%|█▍        | 102/736 [17:36<1:46:17, 10.06s/it]
 14%|█▍        | 103/736 [17:46<1:46:38, 10.11s/it]
 14%|█▍        | 104/736 [17:56<1:46:08, 10.08s/it]
 14%|█▍        | 105/736 [18:07<1:46:25, 10.12s/it]
 14%|█▍        | 106/736 [18:16<1:45:12, 10.02s/it]
 15%|█▍        | 107/736 [18:27<1:45:21, 10.05s/it]
 15%|█▍        | 108/736 [18:37<1:45:13, 10.05s/it]
 15%|█▍        | 109/736 [18:47<1:45:16, 10.07s/it]
 15%|█▍        | 110/736 [18:57<1:45:01, 10.07s/it]
 15%|█▌        | 111/736 [19:07<1:44:30, 10.03s/it]
 15%|█▌        | 112/736 [19:17<1:44:44, 10.07s/it]
 15%|█▌        | 113/736 [19:27<1:44:11, 10.04s/it]
 15%|█▌        | 114/736 [19:37<1:44:20, 10.06s/it]
 16%|█▌        | 115/736 [19:47<1:44:42, 10.12s/it]
 16%|█▌        | 116/736 [19:57<1:44:47, 10.14s/it]
 16%|█▌        | 117/736 [20:08<1:44:38, 10.14s/it]
 16%|█▌        | 118/736 [20:18<1:44:27, 10.14s/it]
 16%|█▌        | 119/736 [20:28<1:43:54, 10.11s/it]
 16%|█▋        | 120/736 [20:38<1:43:49, 10.11s/it]
                                                   

 16%|█▋        | 120/736 [20:38<1:43:49, 10.11s/it]{'loss': '0.8895', 'grad_norm': '2.353', 'learning_rate': '2.868e-05', 'epoch': '0.3261'}

 16%|█▋        | 121/736 [20:48<1:44:38, 10.21s/it]
 17%|█▋        | 122/736 [20:58<1:43:25, 10.11s/it]
 17%|█▋        | 123/736 [21:08<1:43:34, 10.14s/it]
 17%|█▋        | 124/736 [21:18<1:43:19, 10.13s/it]
 17%|█▋        | 125/736 [21:29<1:43:04, 10.12s/it]
 17%|█▋        | 126/736 [21:39<1:42:49, 10.11s/it]
 17%|█▋        | 127/736 [21:49<1:42:00, 10.05s/it]
 17%|█▋        | 128/736 [21:59<1:41:45, 10.04s/it]
 18%|█▊        | 129/736 [22:09<1:42:04, 10.09s/it]
 18%|█▊        | 130/736 [22:19<1:41:50, 10.08s/it]
 18%|█▊        | 131/736 [22:29<1:41:30, 10.07s/it]
 18%|█▊        | 132/736 [22:39<1:40:16,  9.96s/it]
 18%|█▊        | 133/736 [22:49<1:40:45, 10.03s/it]
 18%|█▊        | 134/736 [22:59<1:40:56, 10.06s/it]
 18%|█▊        | 135/736 [23:09<1:41:07, 10.09s/it]
 18%|█▊        | 136/736 [23:19<1:41:40, 10.17s/it]
 19%|█▊        | 137/736 [23:29<1:40:30, 10.07s/it]
 19%|█▉        | 138/736 [23:40<1:41:34, 10.19s/it]
 19%|█▉        | 139/736 [23:50<1:41:38, 10.22s/it]
 19%|█▉        | 140/736 [24:00<1:41:22, 10.21s/it]
                                                   
{'loss': '0.8085', 'grad_norm': '1.986', 'learning_rate': '2.808e-05', 'epoch': '0.3804'}

 19%|█▉        | 140/736 [24:00<1:41:22, 10.21s/it]
 19%|█▉        | 141/736 [24:11<1:41:55, 10.28s/it]
 19%|█▉        | 142/736 [24:21<1:40:35, 10.16s/it]
 19%|█▉        | 143/736 [24:31<1:40:18, 10.15s/it]
 20%|█▉        | 144/736 [24:41<1:41:06, 10.25s/it]
 20%|█▉        | 145/736 [24:51<1:40:59, 10.25s/it]
 20%|█▉        | 146/736 [25:02<1:41:18, 10.30s/it]
 20%|█▉        | 147/736 [25:12<1:40:29, 10.24s/it]
 20%|██        | 148/736 [25:22<1:39:05, 10.11s/it]
 20%|██        | 149/736 [25:32<1:38:50, 10.10s/it]
 20%|██        | 150/736 [25:42<1:39:08, 10.15s/it]
 21%|██        | 151/736 [25:52<1:39:23, 10.19s/it]
 21%|██        | 152/736 [26:03<1:39:07, 10.18s/it]
 21%|██        | 153/736 [26:12<1:37:58, 10.08s/it]
 21%|██        | 154/736 [26:23<1:38:55, 10.20s/it]
 21%|██        | 155/736 [26:33<1:39:19, 10.26s/it]
 21%|██        | 156/736 [26:44<1:39:14, 10.27s/it]
 21%|██▏       | 157/736 [26:54<1:39:36, 10.32s/it]
 21%|██▏       | 158/736 [27:04<1:38:16, 10.20s/it]
 22%|██▏       | 159/736 [27:14<1:38:04, 10.20s/it]
 22%|██▏       | 160/736 [27:24<1:38:03, 10.21s/it]
                                                   
{'loss': '0.8877', 'grad_norm': '1.904', 'learning_rate': '2.739e-05', 'epoch': '0.4348'}

 22%|██▏       | 160/736 [27:24<1:38:03, 10.21s/it]
 22%|██▏       | 161/736 [27:35<1:37:51, 10.21s/it]
 22%|██▏       | 162/736 [27:45<1:38:27, 10.29s/it]
 22%|██▏       | 163/736 [27:55<1:37:45, 10.24s/it]
 22%|██▏       | 164/736 [28:05<1:36:23, 10.11s/it]
 22%|██▏       | 165/736 [28:15<1:36:26, 10.13s/it]
 23%|██▎       | 166/736 [28:25<1:36:30, 10.16s/it]
 23%|██▎       | 167/736 [28:35<1:35:53, 10.11s/it]
 23%|██▎       | 168/736 [28:45<1:35:41, 10.11s/it]
 23%|██▎       | 169/736 [28:56<1:36:00, 10.16s/it]
 23%|██▎       | 170/736 [29:06<1:36:18, 10.21s/it]
 23%|██▎       | 171/736 [29:16<1:36:14, 10.22s/it]
 23%|██▎       | 172/736 [29:26<1:35:50, 10.20s/it]
 24%|██▎       | 173/736 [29:37<1:35:53, 10.22s/it]
 24%|██▎       | 174/736 [29:47<1:35:29, 10.20s/it]
 24%|██▍       | 175/736 [29:57<1:34:57, 10.16s/it]
 24%|██▍       | 176/736 [30:07<1:34:52, 10.17s/it]
 24%|██▍       | 177/736 [30:17<1:34:30, 10.14s/it]
 24%|██▍       | 178/736 [30:27<1:34:25, 10.15s/it]
 24%|██▍       | 179/736 [30:38<1:34:10, 10.14s/it]
 24%|██▍       | 180/736 [30:48<1:35:36, 10.32s/it]{'loss': '0.8202', 'grad_norm': '2.566', 'learning_rate': '2.659e-05', 'epoch': '0.4891'}

                                                   

 24%|██▍       | 180/736 [30:48<1:35:36, 10.32s/it]
 25%|██▍       | 181/736 [30:58<1:34:51, 10.25s/it]
 25%|██▍       | 182/736 [31:08<1:34:16, 10.21s/it]
 25%|██▍       | 183/736 [31:19<1:34:35, 10.26s/it]
 25%|██▌       | 184/736 [31:29<1:33:17, 10.14s/it]
 25%|██▌       | 185/736 [31:39<1:33:26, 10.17s/it]
 25%|██▌       | 186/736 [31:49<1:33:26, 10.19s/it]
 25%|██▌       | 187/736 [31:59<1:33:01, 10.17s/it]
 26%|██▌       | 188/736 [32:09<1:32:34, 10.14s/it]
 26%|██▌       | 189/736 [32:19<1:31:35, 10.05s/it]
 26%|██▌       | 190/736 [32:29<1:31:40, 10.07s/it]
 26%|██▌       | 191/736 [32:40<1:32:04, 10.14s/it]
 26%|██▌       | 192/736 [32:50<1:31:54, 10.14s/it]
 26%|██▌       | 193/736 [33:00<1:31:31, 10.11s/it]
 26%|██▋       | 194/736 [33:10<1:31:22, 10.12s/it]
 26%|██▋       | 195/736 [33:20<1:30:54, 10.08s/it]
 27%|██▋       | 196/736 [33:30<1:30:47, 10.09s/it]
 27%|██▋       | 197/736 [33:41<1:31:38, 10.20s/it]
 27%|██▋       | 198/736 [33:51<1:31:51, 10.25s/it]
 27%|██▋       | 199/736 [34:01<1:32:05, 10.29s/it]
 27%|██▋       | 200/736 [34:11<1:31:13, 10.21s/it]{'loss': '0.7986', 'grad_norm': '2.463', 'learning_rate': '2.571e-05', 'epoch': '0.5435'}

                                                   

 27%|██▋       | 200/736 [34:11<1:31:13, 10.21s/it]
 27%|██▋       | 201/736 [34:22<1:31:10, 10.22s/it]
 27%|██▋       | 202/736 [34:32<1:30:37, 10.18s/it]
 28%|██▊       | 203/736 [34:42<1:30:36, 10.20s/it]
 28%|██▊       | 204/736 [34:52<1:30:21, 10.19s/it]
 28%|██▊       | 205/736 [35:02<1:29:29, 10.11s/it]
 28%|██▊       | 206/736 [35:12<1:29:23, 10.12s/it]
 28%|██▊       | 207/736 [35:22<1:29:15, 10.12s/it]
 28%|██▊       | 208/736 [35:32<1:28:56, 10.11s/it]
 28%|██▊       | 209/736 [35:43<1:29:13, 10.16s/it]
 29%|██▊       | 210/736 [35:53<1:28:51, 10.14s/it]
 29%|██▊       | 211/736 [36:03<1:28:32, 10.12s/it]
 29%|██▉       | 212/736 [36:13<1:28:31, 10.14s/it]
 29%|██▉       | 213/736 [36:23<1:28:14, 10.12s/it]
 29%|██▉       | 214/736 [36:33<1:27:59, 10.11s/it]
 29%|██▉       | 215/736 [36:43<1:28:05, 10.15s/it]
 29%|██▉       | 216/736 [36:53<1:27:31, 10.10s/it]
 29%|██▉       | 217/736 [37:04<1:28:03, 10.18s/it]
 30%|██▉       | 218/736 [37:14<1:27:48, 10.17s/it]
 30%|██▉       | 219/736 [37:24<1:28:25, 10.26s/it]
 30%|██▉       | 220/736 [37:35<1:28:12, 10.26s/it]
                                                   

 30%|██▉       | 220/736 [37:35<1:28:12, 10.26s/it]{'loss': '0.7661', 'grad_norm': '2.05', 'learning_rate': '2.475e-05', 'epoch': '0.5978'}

 30%|███       | 221/736 [37:45<1:27:15, 10.17s/it]
 30%|███       | 222/736 [37:55<1:26:39, 10.12s/it]
 30%|███       | 223/736 [38:05<1:26:43, 10.14s/it]
 30%|███       | 224/736 [38:15<1:26:14, 10.11s/it]
 31%|███       | 225/736 [38:25<1:25:43, 10.07s/it]
 31%|███       | 226/736 [38:35<1:24:57,  9.99s/it]
 31%|███       | 227/736 [38:45<1:25:45, 10.11s/it]
 31%|███       | 228/736 [38:55<1:25:51, 10.14s/it]
 31%|███       | 229/736 [39:05<1:25:53, 10.16s/it]
 31%|███▏      | 230/736 [39:15<1:25:27, 10.13s/it]
 31%|███▏      | 231/736 [39:25<1:25:07, 10.11s/it]
 32%|███▏      | 232/736 [39:35<1:24:43, 10.09s/it]
 32%|███▏      | 233/736 [39:46<1:24:37, 10.09s/it]
 32%|███▏      | 234/736 [39:56<1:25:06, 10.17s/it]
 32%|███▏      | 235/736 [40:06<1:24:54, 10.17s/it]
 32%|███▏      | 236/736 [40:16<1:23:52, 10.06s/it]
 32%|███▏      | 237/736 [40:26<1:23:34, 10.05s/it]
 32%|███▏      | 238/736 [40:36<1:23:50, 10.10s/it]
 32%|███▏      | 239/736 [40:46<1:23:56, 10.13s/it]
 33%|███▎      | 240/736 [40:57<1:23:44, 10.13s/it]
                                                   
{'loss': '0.6565', 'grad_norm': '1.996', 'learning_rate': '2.37e-05', 'epoch': '0.6522'}

 33%|███▎      | 240/736 [40:57<1:23:44, 10.13s/it]
 33%|███▎      | 241/736 [41:07<1:23:39, 10.14s/it]
 33%|███▎      | 242/736 [41:16<1:22:42, 10.04s/it]
 33%|███▎      | 243/736 [41:27<1:22:43, 10.07s/it]
 33%|███▎      | 244/736 [41:37<1:22:36, 10.07s/it]
 33%|███▎      | 245/736 [41:47<1:22:50, 10.12s/it]
 33%|███▎      | 246/736 [41:57<1:22:25, 10.09s/it]
 34%|███▎      | 247/736 [42:07<1:21:50, 10.04s/it]
 34%|███▎      | 248/736 [42:17<1:22:24, 10.13s/it]
 34%|███▍      | 249/736 [42:27<1:22:15, 10.13s/it]
 34%|███▍      | 250/736 [42:37<1:21:49, 10.10s/it]
 34%|███▍      | 251/736 [42:48<1:21:55, 10.14s/it]
 34%|███▍      | 252/736 [42:57<1:20:52, 10.02s/it]
 34%|███▍      | 253/736 [43:08<1:21:14, 10.09s/it]
 35%|███▍      | 254/736 [43:18<1:20:52, 10.07s/it]
 35%|███▍      | 255/736 [43:28<1:20:44, 10.07s/it]
 35%|███▍      | 256/736 [43:38<1:21:07, 10.14s/it]
 35%|███▍      | 257/736 [43:48<1:21:14, 10.18s/it]
 35%|███▌      | 258/736 [43:58<1:20:16, 10.08s/it]
 35%|███▌      | 259/736 [44:08<1:20:37, 10.14s/it]
 35%|███▌      | 260/736 [44:18<1:20:08, 10.10s/it]{'loss': '0.814', 'grad_norm': '2.719', 'learning_rate': '2.26e-05', 'epoch': '0.7065'}

                                                   

 35%|███▌      | 260/736 [44:18<1:20:08, 10.10s/it]
 35%|███▌      | 261/736 [44:28<1:19:47, 10.08s/it]
 36%|███▌      | 262/736 [44:39<1:19:33, 10.07s/it]
 36%|███▌      | 263/736 [44:48<1:18:59, 10.02s/it]
 36%|███▌      | 264/736 [44:59<1:19:03, 10.05s/it]
 36%|███▌      | 265/736 [45:09<1:19:18, 10.10s/it]
 36%|███▌      | 266/736 [45:19<1:19:38, 10.17s/it]
 36%|███▋      | 267/736 [45:29<1:19:16, 10.14s/it]
 36%|███▋      | 268/736 [45:39<1:18:33, 10.07s/it]
 37%|███▋      | 269/736 [45:50<1:19:19, 10.19s/it]
 37%|███▋      | 270/736 [46:00<1:18:58, 10.17s/it]
 37%|███▋      | 271/736 [46:10<1:18:38, 10.15s/it]
 37%|███▋      | 272/736 [46:20<1:18:06, 10.10s/it]
 37%|███▋      | 273/736 [46:30<1:17:39, 10.06s/it]
 37%|███▋      | 274/736 [46:40<1:18:02, 10.13s/it]
 37%|███▋      | 275/736 [46:50<1:18:06, 10.16s/it]
 38%|███▊      | 276/736 [47:00<1:18:00, 10.17s/it]
 38%|███▊      | 277/736 [47:11<1:17:43, 10.16s/it]
 38%|███▊      | 278/736 [47:20<1:16:49, 10.06s/it]
 38%|███▊      | 279/736 [47:30<1:16:33, 10.05s/it]
 38%|███▊      | 280/736 [47:41<1:16:58, 10.13s/it]
                                                   
{'loss': '0.7465', 'grad_norm': '11.71', 'learning_rate': '2.143e-05', 'epoch': '0.7609'}

 38%|███▊      | 280/736 [47:41<1:16:58, 10.13s/it]
 38%|███▊      | 281/736 [47:51<1:16:46, 10.12s/it]
 38%|███▊      | 282/736 [48:01<1:16:26, 10.10s/it]
 38%|███▊      | 283/736 [48:11<1:16:01, 10.07s/it]
 39%|███▊      | 284/736 [48:21<1:15:49, 10.06s/it]
 39%|███▊      | 285/736 [48:31<1:15:48, 10.09s/it]
 39%|███▉      | 286/736 [48:41<1:15:49, 10.11s/it]
 39%|███▉      | 287/736 [48:51<1:15:42, 10.12s/it]
 39%|███▉      | 288/736 [49:02<1:15:37, 10.13s/it]
 39%|███▉      | 289/736 [49:11<1:14:47, 10.04s/it]
 39%|███▉      | 290/736 [49:21<1:14:43, 10.05s/it]
 40%|███▉      | 291/736 [49:32<1:14:39, 10.07s/it]
 40%|███▉      | 292/736 [49:42<1:14:54, 10.12s/it]
 40%|███▉      | 293/736 [49:52<1:15:04, 10.17s/it]
 40%|███▉      | 294/736 [50:02<1:14:16, 10.08s/it]
 40%|████      | 295/736 [50:12<1:14:18, 10.11s/it]
 40%|████      | 296/736 [50:22<1:14:02, 10.10s/it]
 40%|████      | 297/736 [50:32<1:14:15, 10.15s/it]
 40%|████      | 298/736 [50:43<1:13:53, 10.12s/it]
 41%|████      | 299/736 [50:53<1:13:45, 10.13s/it]
 41%|████      | 300/736 [51:03<1:13:30, 10.12s/it]
                                                   

 41%|████      | 300/736 [51:03<1:13:30, 10.12s/it]{'loss': '0.7963', 'grad_norm': '2.207', 'learning_rate': '2.021e-05', 'epoch': '0.8152'}

 41%|████      | 301/736 [51:13<1:13:32, 10.14s/it]
 41%|████      | 302/736 [51:23<1:13:07, 10.11s/it]
 41%|████      | 303/736 [51:33<1:13:30, 10.19s/it]
 41%|████▏     | 304/736 [51:43<1:13:04, 10.15s/it]
 41%|████▏     | 305/736 [51:53<1:12:19, 10.07s/it]
 42%|████▏     | 306/736 [52:04<1:12:46, 10.15s/it]
 42%|████▏     | 307/736 [52:14<1:12:43, 10.17s/it]
 42%|████▏     | 308/736 [52:24<1:12:27, 10.16s/it]
 42%|████▏     | 309/736 [52:34<1:12:01, 10.12s/it]
 42%|████▏     | 310/736 [52:44<1:11:31, 10.07s/it]
 42%|████▏     | 311/736 [52:54<1:11:27, 10.09s/it]
 42%|████▏     | 312/736 [53:04<1:11:17, 10.09s/it]
 43%|████▎     | 313/736 [53:14<1:11:05, 10.08s/it]
 43%|████▎     | 314/736 [53:24<1:11:07, 10.11s/it]
 43%|████▎     | 315/736 [53:34<1:10:39, 10.07s/it]
 43%|████▎     | 316/736 [53:45<1:10:50, 10.12s/it]
 43%|████▎     | 317/736 [53:55<1:11:10, 10.19s/it]
 43%|████▎     | 318/736 [54:05<1:11:11, 10.22s/it]
 43%|████▎     | 319/736 [54:15<1:10:43, 10.18s/it]
 43%|████▎     | 320/736 [54:25<1:09:52, 10.08s/it]
                                                   
{'loss': '0.6454', 'grad_norm': '5.237', 'learning_rate': '1.895e-05', 'epoch': '0.8696'}

 43%|████▎     | 320/736 [54:25<1:09:52, 10.08s/it]
 44%|████▎     | 321/736 [54:35<1:10:05, 10.13s/it]
 44%|████▍     | 322/736 [54:46<1:10:10, 10.17s/it]
 44%|████▍     | 323/736 [54:56<1:10:11, 10.20s/it]
 44%|████▍     | 324/736 [55:06<1:10:21, 10.25s/it]
 44%|████▍     | 325/736 [55:16<1:09:30, 10.15s/it]
 44%|████▍     | 326/736 [55:27<1:10:04, 10.26s/it]
 44%|████▍     | 327/736 [55:37<1:10:16, 10.31s/it]
 45%|████▍     | 328/736 [55:47<1:09:55, 10.28s/it]
 45%|████▍     | 329/736 [55:58<1:09:20, 10.22s/it]
 45%|████▍     | 330/736 [56:07<1:08:32, 10.13s/it]
 45%|████▍     | 331/736 [56:18<1:08:13, 10.11s/it]
 45%|████▌     | 332/736 [56:28<1:08:27, 10.17s/it]
 45%|████▌     | 333/736 [56:38<1:08:04, 10.14s/it]
 45%|████▌     | 334/736 [56:48<1:08:02, 10.15s/it]
 46%|████▌     | 335/736 [56:58<1:07:56, 10.17s/it]
 46%|████▌     | 336/736 [57:08<1:07:14, 10.09s/it]
 46%|████▌     | 337/736 [57:18<1:07:12, 10.11s/it]
 46%|████▌     | 338/736 [57:29<1:07:16, 10.14s/it]
 46%|████▌     | 339/736 [57:39<1:06:50, 10.10s/it]
 46%|████▌     | 340/736 [57:49<1:07:00, 10.15s/it]
                                                   
{'loss': '0.6598', 'grad_norm': '2.028', 'learning_rate': '1.766e-05', 'epoch': '0.9239'}

 46%|████▌     | 340/736 [57:49<1:07:00, 10.15s/it]
 46%|████▋     | 341/736 [57:59<1:06:18, 10.07s/it]
 46%|████▋     | 342/736 [58:09<1:06:25, 10.12s/it]
 47%|████▋     | 343/736 [58:19<1:06:08, 10.10s/it]
 47%|████▋     | 344/736 [58:29<1:06:02, 10.11s/it]
 47%|████▋     | 345/736 [58:39<1:05:45, 10.09s/it]
 47%|████▋     | 346/736 [58:49<1:05:58, 10.15s/it]
 47%|████▋     | 347/736 [59:00<1:06:12, 10.21s/it]
 47%|████▋     | 348/736 [59:10<1:06:25, 10.27s/it]
 47%|████▋     | 349/736 [59:20<1:06:07, 10.25s/it]
 48%|████▊     | 350/736 [59:30<1:05:29, 10.18s/it]
 48%|████▊     | 351/736 [59:41<1:05:20, 10.18s/it]
 48%|████▊     | 352/736 [59:50<1:04:32, 10.08s/it]
 48%|████▊     | 353/736 [1:00:01<1:04:26, 10.10s/it]
 48%|████▊     | 354/736 [1:00:11<1:04:56, 10.20s/it]
 48%|████▊     | 355/736 [1:00:21<1:05:14, 10.27s/it]
 48%|████▊     | 356/736 [1:00:32<1:04:48, 10.23s/it]
 49%|████▊     | 357/736 [1:00:42<1:04:11, 10.16s/it]
 49%|████▊     | 358/736 [1:00:52<1:04:05, 10.17s/it]
 49%|████▉     | 359/736 [1:01:02<1:04:01, 10.19s/it]
 49%|████▉     | 360/736 [1:01:12<1:03:37, 10.15s/it]
                                                     
{'loss': '0.7754', 'grad_norm': '3.031', 'learning_rate': '1.635e-05', 'epoch': '0.9783'}

 49%|████▉     | 360/736 [1:01:12<1:03:37, 10.15s/it]
 49%|████▉     | 361/736 [1:01:22<1:03:17, 10.13s/it]
 49%|████▉     | 362/736 [1:01:32<1:02:54, 10.09s/it]
 49%|████▉     | 363/736 [1:01:42<1:02:51, 10.11s/it]
 49%|████▉     | 364/736 [1:01:52<1:02:33, 10.09s/it]
 50%|████▉     | 365/736 [1:02:02<1:02:19, 10.08s/it]
 50%|████▉     | 366/736 [1:02:13<1:02:29, 10.13s/it]
 50%|████▉     | 367/736 [1:02:23<1:02:36, 10.18s/it]
 50%|█████     | 368/736 [1:02:33<1:02:39, 10.22s/it]
 50%|█████     | 369/736 [1:02:46<1:06:27, 10.86s/it]
 50%|█████     | 370/736 [1:02:56<1:04:50, 10.63s/it]
 50%|█████     | 371/736 [1:03:06<1:04:14, 10.56s/it]
 51%|█████     | 372/736 [1:03:16<1:02:44, 10.34s/it]
 51%|█████     | 373/736 [1:03:26<1:02:10, 10.28s/it]
 51%|█████     | 374/736 [1:03:36<1:02:01, 10.28s/it]
 51%|█████     | 375/736 [1:03:47<1:02:11, 10.34s/it]
 51%|█████     | 376/736 [1:03:57<1:01:45, 10.29s/it]
 51%|█████     | 377/736 [1:04:07<1:01:13, 10.23s/it]
 51%|█████▏    | 378/736 [1:04:17<1:00:34, 10.15s/it]
 51%|█████▏    | 379/736 [1:04:27<1:00:30, 10.17s/it]
 52%|█████▏    | 380/736 [1:04:38<1:00:45, 10.24s/it]{'loss': '0.5997', 'grad_norm': '2.323', 'learning_rate': '1.503e-05', 'epoch': '1.033'}

                                                     

 52%|█████▏    | 380/736 [1:04:38<1:00:45, 10.24s/it]
 52%|█████▏    | 381/736 [1:04:48<1:00:35, 10.24s/it]
 52%|█████▏    | 382/736 [1:04:58<1:00:16, 10.22s/it]
 52%|█████▏    | 383/736 [1:05:08<59:57, 10.19s/it]  
 52%|█████▏    | 384/736 [1:05:19<1:00:23, 10.29s/it]
 52%|█████▏    | 385/736 [1:05:29<59:46, 10.22s/it]  
 52%|█████▏    | 386/736 [1:05:39<59:31, 10.20s/it]
 53%|█████▎    | 387/736 [1:05:49<59:26, 10.22s/it]
 53%|█████▎    | 388/736 [1:05:59<58:51, 10.15s/it]
 53%|█████▎    | 389/736 [1:06:09<58:49, 10.17s/it]
 53%|█████▎    | 390/736 [1:06:20<58:33, 10.16s/it]
 53%|█████▎    | 391/736 [1:06:30<58:23, 10.15s/it]
 53%|█████▎    | 392/736 [1:06:40<58:11, 10.15s/it]
 53%|█████▎    | 393/736 [1:06:50<57:36, 10.08s/it]
 54%|█████▎    | 394/736 [1:07:00<57:46, 10.14s/it]
 54%|█████▎    | 395/736 [1:07:10<57:29, 10.11s/it]
 54%|█████▍    | 396/736 [1:07:20<57:07, 10.08s/it]
 54%|█████▍    | 397/736 [1:07:30<57:10, 10.12s/it]
 54%|█████▍    | 398/736 [1:07:40<56:59, 10.12s/it]
 54%|█████▍    | 399/736 [1:07:51<56:53, 10.13s/it]
 54%|█████▍    | 400/736 [1:08:01<56:36, 10.11s/it]
                                                   
{'loss': '0.6107', 'grad_norm': '2.729', 'learning_rate': '1.371e-05', 'epoch': '1.087'}

 54%|█████▍    | 400/736 [1:08:01<56:36, 10.11s/it]
 54%|█████▍    | 401/736 [1:08:11<56:21, 10.09s/it]
 55%|█████▍    | 402/736 [1:08:21<56:24, 10.13s/it]
 55%|█████▍    | 403/736 [1:08:31<55:50, 10.06s/it]
 55%|█████▍    | 404/736 [1:08:41<56:17, 10.17s/it]
 55%|█████▌    | 405/736 [1:08:51<55:57, 10.14s/it]
 55%|█████▌    | 406/736 [1:09:02<55:50, 10.15s/it]
 55%|█████▌    | 407/736 [1:09:12<55:38, 10.15s/it]
 55%|█████▌    | 408/736 [1:09:22<55:00, 10.06s/it]
 56%|█████▌    | 409/736 [1:09:32<54:56, 10.08s/it]
 56%|█████▌    | 410/736 [1:09:42<55:07, 10.15s/it]
 56%|█████▌    | 411/736 [1:09:52<54:46, 10.11s/it]
 56%|█████▌    | 412/736 [1:10:02<54:46, 10.14s/it]
 56%|█████▌    | 413/736 [1:10:12<54:08, 10.06s/it]
 56%|█████▋    | 414/736 [1:10:22<54:29, 10.15s/it]
 56%|█████▋    | 415/736 [1:10:33<54:23, 10.17s/it]
 57%|█████▋    | 416/736 [1:10:43<54:18, 10.18s/it]
 57%|█████▋    | 417/736 [1:10:53<53:49, 10.12s/it]
 57%|█████▋    | 418/736 [1:11:03<54:04, 10.20s/it]
 57%|█████▋    | 419/736 [1:11:13<53:20, 10.10s/it]
 57%|█████▋    | 420/736 [1:11:23<53:15, 10.11s/it]{'loss': '0.6088', 'grad_norm': '2.156', 'learning_rate': '1.24e-05', 'epoch': '1.141'}

                                                   

 57%|█████▋    | 420/736 [1:11:23<53:15, 10.11s/it]
 57%|█████▋    | 421/736 [1:11:33<53:15, 10.14s/it]
 57%|█████▋    | 422/736 [1:11:44<53:09, 10.16s/it]
 57%|█████▋    | 423/736 [1:11:54<52:51, 10.13s/it]
 58%|█████▊    | 424/736 [1:12:04<52:20, 10.07s/it]
 58%|█████▊    | 425/736 [1:12:14<52:21, 10.10s/it]
 58%|█████▊    | 426/736 [1:12:24<52:11, 10.10s/it]
 58%|█████▊    | 427/736 [1:12:34<51:58, 10.09s/it]
 58%|█████▊    | 428/736 [1:12:44<52:08, 10.16s/it]
 58%|█████▊    | 429/736 [1:12:54<51:45, 10.12s/it]
 58%|█████▊    | 430/736 [1:13:04<51:41, 10.14s/it]
 59%|█████▊    | 431/736 [1:13:15<51:30, 10.13s/it]
 59%|█████▊    | 432/736 [1:13:25<51:14, 10.11s/it]
 59%|█████▉    | 433/736 [1:13:35<51:19, 10.16s/it]
 59%|█████▉    | 434/736 [1:13:45<51:05, 10.15s/it]
 59%|█████▉    | 435/736 [1:13:55<50:43, 10.11s/it]
 59%|█████▉    | 436/736 [1:14:05<50:39, 10.13s/it]
 59%|█████▉    | 437/736 [1:14:15<50:24, 10.11s/it]
 60%|█████▉    | 438/736 [1:14:25<50:15, 10.12s/it]
 60%|█████▉    | 439/736 [1:14:35<49:49, 10.07s/it]
 60%|█████▉    | 440/736 [1:14:46<49:45, 10.08s/it]
                                                   
{'loss': '0.5875', 'grad_norm': '1.385', 'learning_rate': '1.111e-05', 'epoch': '1.196'}

 60%|█████▉    | 440/736 [1:14:46<49:45, 10.08s/it]
 60%|█████▉    | 441/736 [1:14:56<49:35, 10.09s/it]
 60%|██████    | 442/736 [1:15:06<50:17, 10.26s/it]
 60%|██████    | 443/736 [1:15:16<49:51, 10.21s/it]
 60%|██████    | 444/736 [1:15:26<49:05, 10.09s/it]
 60%|██████    | 445/736 [1:15:36<49:01, 10.11s/it]
 61%|██████    | 446/736 [1:15:47<49:04, 10.15s/it]
 61%|██████    | 447/736 [1:15:57<48:48, 10.13s/it]
 61%|██████    | 448/736 [1:16:07<48:50, 10.17s/it]
 61%|██████    | 449/736 [1:16:17<48:21, 10.11s/it]
 61%|██████    | 450/736 [1:16:27<48:23, 10.15s/it]
 61%|██████▏   | 451/736 [1:16:37<48:18, 10.17s/it]
 61%|██████▏   | 452/736 [1:16:48<48:11, 10.18s/it]
 62%|██████▏   | 453/736 [1:16:58<48:00, 10.18s/it]
 62%|██████▏   | 454/736 [1:17:08<47:57, 10.21s/it]
 62%|██████▏   | 455/736 [1:17:18<47:41, 10.18s/it]
 62%|██████▏   | 456/736 [1:17:28<47:30, 10.18s/it]
 62%|██████▏   | 457/736 [1:17:39<47:18, 10.17s/it]
 62%|██████▏   | 458/736 [1:17:49<48:02, 10.37s/it]
 62%|██████▏   | 459/736 [1:17:59<47:26, 10.27s/it]
 62%|██████▎   | 460/736 [1:18:09<46:54, 10.20s/it]
                                                   
{'loss': '0.6497', 'grad_norm': '2.232', 'learning_rate': '9.852e-06', 'epoch': '1.25'}

 62%|██████▎   | 460/736 [1:18:09<46:54, 10.20s/it]
 63%|██████▎   | 461/736 [1:18:20<46:46, 10.21s/it]
 63%|██████▎   | 462/736 [1:18:30<46:20, 10.15s/it]
 63%|██████▎   | 463/736 [1:18:40<46:23, 10.20s/it]
 63%|██████▎   | 464/736 [1:18:50<46:06, 10.17s/it]
 63%|██████▎   | 465/736 [1:19:00<45:32, 10.08s/it]
 63%|██████▎   | 466/736 [1:19:10<45:33, 10.12s/it]
 63%|██████▎   | 467/736 [1:19:20<45:16, 10.10s/it]
 64%|██████▎   | 468/736 [1:19:30<45:08, 10.11s/it]
 64%|██████▎   | 469/736 [1:19:41<45:17, 10.18s/it]
 64%|██████▍   | 470/736 [1:19:50<44:38, 10.07s/it]
 64%|██████▍   | 471/736 [1:20:01<44:27, 10.06s/it]
 64%|██████▍   | 472/736 [1:20:11<44:43, 10.16s/it]
 64%|██████▍   | 473/736 [1:20:21<44:32, 10.16s/it]
 64%|██████▍   | 474/736 [1:20:31<44:18, 10.15s/it]
 65%|██████▍   | 475/736 [1:20:41<43:52, 10.09s/it]
 65%|██████▍   | 476/736 [1:20:51<43:54, 10.13s/it]
 65%|██████▍   | 477/736 [1:21:02<43:43, 10.13s/it]
 65%|██████▍   | 478/736 [1:21:12<43:27, 10.11s/it]
 65%|██████▌   | 479/736 [1:21:22<43:24, 10.13s/it]
 65%|██████▌   | 480/736 [1:21:32<42:56, 10.07s/it]
                                                   
{'loss': '0.5105', 'grad_norm': '1.709', 'learning_rate': '8.632e-06', 'epoch': '1.304'}

 65%|██████▌   | 480/736 [1:21:32<42:56, 10.07s/it]
 65%|██████▌   | 481/736 [1:21:42<43:42, 10.29s/it]
 65%|██████▌   | 482/736 [1:21:53<43:15, 10.22s/it]
 66%|██████▌   | 483/736 [1:22:03<43:18, 10.27s/it]
 66%|██████▌   | 484/736 [1:22:13<43:12, 10.29s/it]
 66%|██████▌   | 485/736 [1:22:23<42:21, 10.13s/it]
 66%|██████▌   | 486/736 [1:22:33<42:06, 10.11s/it]
 66%|██████▌   | 487/736 [1:22:43<42:07, 10.15s/it]
 66%|██████▋   | 488/736 [1:22:53<41:53, 10.13s/it]
 66%|██████▋   | 489/736 [1:23:04<41:57, 10.19s/it]
 67%|██████▋   | 490/736 [1:23:14<42:14, 10.30s/it]
 67%|██████▋   | 491/736 [1:23:24<41:29, 10.16s/it]
 67%|██████▋   | 492/736 [1:23:35<41:45, 10.27s/it]
 67%|██████▋   | 493/736 [1:23:45<41:36, 10.28s/it]
 67%|██████▋   | 494/736 [1:23:55<41:05, 10.19s/it]
 67%|██████▋   | 495/736 [1:24:05<41:01, 10.21s/it]
 67%|██████▋   | 496/736 [1:24:15<40:38, 10.16s/it]
 68%|██████▊   | 497/736 [1:24:26<40:40, 10.21s/it]
 68%|██████▊   | 498/736 [1:24:36<40:27, 10.20s/it]
 68%|██████▊   | 499/736 [1:24:46<40:31, 10.26s/it]
 68%|██████▊   | 500/736 [1:24:56<40:09, 10.21s/it]
                                                   
{'loss': '0.5708', 'grad_norm': '2.316', 'learning_rate': '7.462e-06', 'epoch': '1.359'}

 68%|██████▊   | 500/736 [1:24:56<40:09, 10.21s/it]
 68%|██████▊   | 501/736 [1:25:06<39:46, 10.15s/it]
 68%|██████▊   | 502/736 [1:25:17<39:44, 10.19s/it]
 68%|██████▊   | 503/736 [1:25:27<39:26, 10.16s/it]
 68%|██████▊   | 504/736 [1:25:37<39:08, 10.12s/it]
 69%|██████▊   | 505/736 [1:25:47<39:11, 10.18s/it]
 69%|██████▉   | 506/736 [1:25:57<38:50, 10.13s/it]
 69%|██████▉   | 507/736 [1:26:07<38:43, 10.15s/it]
 69%|██████▉   | 508/736 [1:26:17<38:26, 10.11s/it]
 69%|██████▉   | 509/736 [1:26:27<38:12, 10.10s/it]
 69%|██████▉   | 510/736 [1:26:37<37:57, 10.08s/it]
 69%|██████▉   | 511/736 [1:26:47<37:42, 10.06s/it]
 70%|██████▉   | 512/736 [1:26:58<37:42, 10.10s/it]
 70%|██████▉   | 513/736 [1:27:08<37:47, 10.17s/it]
 70%|██████▉   | 514/736 [1:27:18<37:33, 10.15s/it]
 70%|██████▉   | 515/736 [1:27:28<37:19, 10.14s/it]
 70%|███████   | 516/736 [1:27:38<36:50, 10.05s/it]
 70%|███████   | 517/736 [1:27:48<36:54, 10.11s/it]
 70%|███████   | 518/736 [1:27:58<36:43, 10.11s/it]
 71%|███████   | 519/736 [1:28:08<36:39, 10.14s/it]
 71%|███████   | 520/736 [1:28:19<36:26, 10.12s/it]
                                                   
{'loss': '0.5083', 'grad_norm': '3.177', 'learning_rate': '6.35e-06', 'epoch': '1.413'}

 71%|███████   | 520/736 [1:28:19<36:26, 10.12s/it]
 71%|███████   | 521/736 [1:28:29<36:09, 10.09s/it]
 71%|███████   | 522/736 [1:28:39<36:18, 10.18s/it]
 71%|███████   | 523/736 [1:28:49<36:14, 10.21s/it]
 71%|███████   | 524/736 [1:28:59<36:08, 10.23s/it]
 71%|███████▏  | 525/736 [1:29:10<36:02, 10.25s/it]
 71%|███████▏  | 526/736 [1:29:20<35:41, 10.20s/it]
 72%|███████▏  | 527/736 [1:29:30<35:45, 10.26s/it]
 72%|███████▏  | 528/736 [1:29:40<35:30, 10.24s/it]
 72%|███████▏  | 529/736 [1:29:51<35:15, 10.22s/it]
 72%|███████▏  | 530/736 [1:30:01<34:58, 10.19s/it]
 72%|███████▏  | 531/736 [1:30:11<34:43, 10.16s/it]
 72%|███████▏  | 532/736 [1:30:21<34:17, 10.09s/it]
 72%|███████▏  | 533/736 [1:30:31<34:09, 10.09s/it]
 73%|███████▎  | 534/736 [1:30:41<34:04, 10.12s/it]
 73%|███████▎  | 535/736 [1:30:51<33:50, 10.10s/it]
 73%|███████▎  | 536/736 [1:31:01<33:39, 10.10s/it]
 73%|███████▎  | 537/736 [1:31:11<33:19, 10.05s/it]
 73%|███████▎  | 538/736 [1:31:21<33:12, 10.06s/it]
 73%|███████▎  | 539/736 [1:31:31<33:03, 10.07s/it]
 73%|███████▎  | 540/736 [1:31:42<32:59, 10.10s/it]
                                                   
{'loss': '0.595', 'grad_norm': '1.819', 'learning_rate': '5.305e-06', 'epoch': '1.467'}

 73%|███████▎  | 540/736 [1:31:42<32:59, 10.10s/it]
 74%|███████▎  | 541/736 [1:31:52<33:06, 10.19s/it]
 74%|███████▎  | 542/736 [1:32:02<32:45, 10.13s/it]
 74%|███████▍  | 543/736 [1:32:12<32:42, 10.17s/it]
 74%|███████▍  | 544/736 [1:32:22<32:38, 10.20s/it]
 74%|███████▍  | 545/736 [1:32:32<32:20, 10.16s/it]
 74%|███████▍  | 546/736 [1:32:43<32:17, 10.20s/it]
 74%|███████▍  | 547/736 [1:32:53<31:45, 10.08s/it]
 74%|███████▍  | 548/736 [1:33:03<31:47, 10.14s/it]
 75%|███████▍  | 549/736 [1:33:13<31:30, 10.11s/it]
 75%|███████▍  | 550/736 [1:33:23<31:15, 10.08s/it]
 75%|███████▍  | 551/736 [1:33:33<31:12, 10.12s/it]
 75%|███████▌  | 552/736 [1:33:43<30:59, 10.11s/it]
 75%|███████▌  | 553/736 [1:33:54<31:02, 10.18s/it]
 75%|███████▌  | 554/736 [1:34:04<31:30, 10.39s/it]
 75%|███████▌  | 555/736 [1:34:15<31:05, 10.31s/it]
 76%|███████▌  | 556/736 [1:34:25<30:46, 10.26s/it]
 76%|███████▌  | 557/736 [1:34:34<30:11, 10.12s/it]
 76%|███████▌  | 558/736 [1:34:45<30:13, 10.19s/it]
 76%|███████▌  | 559/736 [1:34:55<30:17, 10.27s/it]
 76%|███████▌  | 560/736 [1:35:06<30:06, 10.26s/it]
                                                   
{'loss': '0.6308', 'grad_norm': '2.517', 'learning_rate': '4.335e-06', 'epoch': '1.522'}

 76%|███████▌  | 560/736 [1:35:06<30:06, 10.26s/it]
 76%|███████▌  | 561/736 [1:35:16<29:45, 10.20s/it]
 76%|███████▋  | 562/736 [1:35:26<29:27, 10.16s/it]
 76%|███████▋  | 563/736 [1:35:36<29:09, 10.11s/it]
 77%|███████▋  | 564/736 [1:35:46<29:07, 10.16s/it]
 77%|███████▋  | 565/736 [1:35:56<29:02, 10.19s/it]
 77%|███████▋  | 566/736 [1:36:06<28:47, 10.16s/it]
 77%|███████▋  | 567/736 [1:36:17<28:40, 10.18s/it]
 77%|███████▋  | 568/736 [1:36:27<28:23, 10.14s/it]
 77%|███████▋  | 569/736 [1:36:37<28:35, 10.27s/it]
 77%|███████▋  | 570/736 [1:36:47<28:17, 10.23s/it]
 78%|███████▊  | 571/736 [1:36:57<28:01, 10.19s/it]
 78%|███████▊  | 572/736 [1:37:08<27:50, 10.19s/it]
 78%|███████▊  | 573/736 [1:37:17<27:22, 10.08s/it]
 78%|███████▊  | 574/736 [1:37:28<27:15, 10.10s/it]
 78%|███████▊  | 575/736 [1:37:38<27:11, 10.13s/it]
 78%|███████▊  | 576/736 [1:37:48<27:08, 10.18s/it]
 78%|███████▊  | 577/736 [1:37:58<26:58, 10.18s/it]
 79%|███████▊  | 578/736 [1:38:08<26:36, 10.10s/it]
 79%|███████▊  | 579/736 [1:38:18<26:29, 10.13s/it]
 79%|███████▉  | 580/736 [1:38:29<26:27, 10.18s/it]
                                                   
{'loss': '0.5912', 'grad_norm': '3.008', 'learning_rate': '3.448e-06', 'epoch': '1.576'}

 79%|███████▉  | 580/736 [1:38:29<26:27, 10.18s/it]
 79%|███████▉  | 581/736 [1:38:39<26:23, 10.22s/it]
 79%|███████▉  | 582/736 [1:38:49<26:12, 10.21s/it]
 79%|███████▉  | 583/736 [1:38:59<25:54, 10.16s/it]
 79%|███████▉  | 584/736 [1:39:10<25:55, 10.24s/it]
 79%|███████▉  | 585/736 [1:39:20<25:38, 10.19s/it]
 80%|███████▉  | 586/736 [1:39:30<25:31, 10.21s/it]
 80%|███████▉  | 587/736 [1:39:40<25:32, 10.29s/it]
 80%|███████▉  | 588/736 [1:39:50<25:03, 10.16s/it]
 80%|████████  | 589/736 [1:40:00<24:48, 10.13s/it]
 80%|████████  | 590/736 [1:40:11<24:43, 10.16s/it]
 80%|████████  | 591/736 [1:40:21<24:30, 10.14s/it]
 80%|████████  | 592/736 [1:40:31<24:20, 10.14s/it]
 81%|████████  | 593/736 [1:40:41<24:00, 10.07s/it]
 81%|████████  | 594/736 [1:40:51<24:06, 10.19s/it]
 81%|████████  | 595/736 [1:41:01<24:04, 10.24s/it]
 81%|████████  | 596/736 [1:41:12<23:47, 10.19s/it]
 81%|████████  | 597/736 [1:41:22<23:33, 10.17s/it]
 81%|████████▏ | 598/736 [1:41:32<23:18, 10.14s/it]
 81%|████████▏ | 599/736 [1:41:42<23:06, 10.12s/it]
 82%|████████▏ | 600/736 [1:41:52<23:05, 10.19s/it]
                                                   

 82%|████████▏ | 600/736 [1:41:52<23:05, 10.19s/it]{'loss': '0.5722', 'grad_norm': '2.754', 'learning_rate': '2.651e-06', 'epoch': '1.63'}

 82%|████████▏ | 601/736 [1:42:02<22:55, 10.19s/it]
 82%|████████▏ | 602/736 [1:42:13<22:45, 10.19s/it]
 82%|████████▏ | 603/736 [1:42:23<22:30, 10.16s/it]
 82%|████████▏ | 604/736 [1:42:33<22:12, 10.09s/it]
 82%|████████▏ | 605/736 [1:42:43<22:03, 10.11s/it]
 82%|████████▏ | 606/736 [1:42:53<21:52, 10.10s/it]
 82%|████████▏ | 607/736 [1:43:03<21:46, 10.13s/it]
 83%|████████▎ | 608/736 [1:43:13<21:45, 10.20s/it]
 83%|████████▎ | 609/736 [1:43:24<21:36, 10.21s/it]
 83%|████████▎ | 610/736 [1:43:34<21:47, 10.38s/it]
 83%|████████▎ | 611/736 [1:43:45<21:35, 10.37s/it]
 83%|████████▎ | 612/736 [1:43:55<21:19, 10.32s/it]
 83%|████████▎ | 613/736 [1:44:05<21:07, 10.31s/it]
 83%|████████▎ | 614/736 [1:44:15<20:37, 10.14s/it]
 84%|████████▎ | 615/736 [1:44:25<20:27, 10.15s/it]
 84%|████████▎ | 616/736 [1:44:35<20:16, 10.14s/it]
 84%|████████▍ | 617/736 [1:44:46<20:15, 10.22s/it]
 84%|████████▍ | 618/736 [1:44:56<19:58, 10.16s/it]
 84%|████████▍ | 619/736 [1:45:06<19:50, 10.17s/it]
 84%|████████▍ | 620/736 [1:45:16<19:35, 10.13s/it]{'loss': '0.5855', 'grad_norm': '2.734', 'learning_rate': '1.949e-06', 'epoch': '1.685'}

                                                   

 84%|████████▍ | 620/736 [1:45:16<19:35, 10.13s/it]
 84%|████████▍ | 621/736 [1:45:26<19:31, 10.18s/it]
 85%|████████▍ | 622/736 [1:45:36<19:17, 10.15s/it]
 85%|████████▍ | 623/736 [1:45:47<19:19, 10.26s/it]
 85%|████████▍ | 624/736 [1:45:57<18:53, 10.12s/it]
 85%|████████▍ | 625/736 [1:46:07<18:49, 10.17s/it]
 85%|████████▌ | 626/736 [1:46:17<18:40, 10.19s/it]
 85%|████████▌ | 627/736 [1:46:27<18:26, 10.15s/it]
 85%|████████▌ | 628/736 [1:46:38<18:25, 10.24s/it]
 85%|████████▌ | 629/736 [1:46:48<18:16, 10.25s/it]
 86%|████████▌ | 630/736 [1:46:58<17:58, 10.18s/it]
 86%|████████▌ | 631/736 [1:47:08<17:49, 10.18s/it]
 86%|████████▌ | 632/736 [1:47:18<17:42, 10.21s/it]
 86%|████████▌ | 633/736 [1:47:28<17:26, 10.16s/it]
 86%|████████▌ | 634/736 [1:47:39<17:20, 10.20s/it]
 86%|████████▋ | 635/736 [1:47:49<17:06, 10.16s/it]
 86%|████████▋ | 636/736 [1:47:59<16:57, 10.18s/it]
 87%|████████▋ | 637/736 [1:48:09<16:47, 10.17s/it]
 87%|████████▋ | 638/736 [1:48:19<16:35, 10.16s/it]
 87%|████████▋ | 639/736 [1:48:29<16:22, 10.13s/it]
 87%|████████▋ | 640/736 [1:48:39<16:03, 10.04s/it]
                                                   
{'loss': '0.5837', 'grad_norm': '2.64', 'learning_rate': '1.349e-06', 'epoch': '1.739'}

 87%|████████▋ | 640/736 [1:48:39<16:03, 10.04s/it]
 87%|████████▋ | 641/736 [1:48:49<15:58, 10.09s/it]
 87%|████████▋ | 642/736 [1:48:59<15:47, 10.08s/it]
 87%|████████▋ | 643/736 [1:49:10<15:41, 10.12s/it]
 88%|████████▊ | 644/736 [1:49:20<15:29, 10.10s/it]
 88%|████████▊ | 645/736 [1:49:30<15:12, 10.03s/it]
 88%|████████▊ | 646/736 [1:49:40<15:04, 10.05s/it]
 88%|████████▊ | 647/736 [1:49:50<14:54, 10.06s/it]
 88%|████████▊ | 648/736 [1:50:00<14:46, 10.08s/it]
 88%|████████▊ | 649/736 [1:50:10<14:41, 10.13s/it]
 88%|████████▊ | 650/736 [1:50:20<14:26, 10.07s/it]
 88%|████████▊ | 651/736 [1:50:30<14:20, 10.12s/it]
 89%|████████▊ | 652/736 [1:50:40<14:08, 10.11s/it]
 89%|████████▊ | 653/736 [1:50:51<14:02, 10.15s/it]
 89%|████████▉ | 654/736 [1:51:01<13:50, 10.13s/it]
 89%|████████▉ | 655/736 [1:51:11<13:35, 10.07s/it]
 89%|████████▉ | 656/736 [1:51:21<13:27, 10.09s/it]
 89%|████████▉ | 657/736 [1:51:31<13:20, 10.13s/it]
 89%|████████▉ | 658/736 [1:51:41<13:12, 10.16s/it]
 90%|████████▉ | 659/736 [1:51:51<13:00, 10.14s/it]
 90%|████████▉ | 660/736 [1:52:01<12:44, 10.06s/it]
                                                   
{'loss': '0.5247', 'grad_norm': '1.536', 'learning_rate': '8.551e-07', 'epoch': '1.793'}

 90%|████████▉ | 660/736 [1:52:01<12:44, 10.06s/it]
 90%|████████▉ | 661/736 [1:52:12<12:41, 10.15s/it]
 90%|████████▉ | 662/736 [1:52:22<12:31, 10.15s/it]
 90%|█████████ | 663/736 [1:52:32<12:19, 10.14s/it]
 90%|█████████ | 664/736 [1:52:42<12:12, 10.18s/it]
 90%|█████████ | 665/736 [1:52:52<11:59, 10.13s/it]
 90%|█████████ | 666/736 [1:53:02<11:50, 10.15s/it]
 91%|█████████ | 667/736 [1:53:12<11:40, 10.15s/it]
 91%|█████████ | 668/736 [1:53:23<11:29, 10.14s/it]
 91%|█████████ | 669/736 [1:53:33<11:30, 10.31s/it]
 91%|█████████ | 670/736 [1:53:44<11:25, 10.39s/it]
 91%|█████████ | 671/736 [1:53:54<11:05, 10.24s/it]
 91%|█████████▏| 672/736 [1:54:04<10:58, 10.28s/it]
 91%|█████████▏| 673/736 [1:54:14<10:45, 10.25s/it]
 92%|█████████▏| 674/736 [1:54:24<10:33, 10.22s/it]
 92%|█████████▏| 675/736 [1:54:35<10:23, 10.22s/it]
 92%|█████████▏| 676/736 [1:54:45<10:15, 10.25s/it]
 92%|█████████▏| 677/736 [1:54:55<10:09, 10.33s/it]
 92%|█████████▏| 678/736 [1:55:06<09:58, 10.32s/it]
 92%|█████████▏| 679/736 [1:55:16<09:43, 10.24s/it]
 92%|█████████▏| 680/736 [1:55:26<09:33, 10.25s/it]
                                                   

 92%|█████████▏| 680/736 [1:55:26<09:33, 10.25s/it]{'loss': '0.6375', 'grad_norm': '3.436', 'learning_rate': '4.706e-07', 'epoch': '1.848'}

 93%|█████████▎| 681/736 [1:55:36<09:19, 10.16s/it]
 93%|█████████▎| 682/736 [1:55:46<09:09, 10.17s/it]
 93%|█████████▎| 683/736 [1:55:56<08:57, 10.14s/it]
 93%|█████████▎| 684/736 [1:56:06<08:47, 10.14s/it]
 93%|█████████▎| 685/736 [1:56:17<08:36, 10.13s/it]
 93%|█████████▎| 686/736 [1:56:26<08:21, 10.03s/it]
 93%|█████████▎| 687/736 [1:56:36<08:12, 10.05s/it]
 93%|█████████▎| 688/736 [1:56:47<08:04, 10.10s/it]
 94%|█████████▎| 689/736 [1:56:57<07:52, 10.05s/it]
 94%|█████████▍| 690/736 [1:57:07<07:47, 10.16s/it]
 94%|█████████▍| 691/736 [1:57:17<07:31, 10.04s/it]
 94%|█████████▍| 692/736 [1:57:27<07:22, 10.05s/it]
 94%|█████████▍| 693/736 [1:57:37<07:13, 10.08s/it]
 94%|█████████▍| 694/736 [1:57:47<07:05, 10.13s/it]
 94%|█████████▍| 695/736 [1:57:57<06:55, 10.14s/it]
 95%|█████████▍| 696/736 [1:58:07<06:42, 10.07s/it]
 95%|█████████▍| 697/736 [1:58:17<06:32, 10.06s/it]
 95%|█████████▍| 698/736 [1:58:27<06:22, 10.06s/it]
 95%|█████████▍| 699/736 [1:58:37<06:12, 10.06s/it]
 95%|█████████▌| 700/736 [1:58:48<06:10, 10.29s/it]
                                                   
{'loss': '0.5374', 'grad_norm': '20.24', 'learning_rate': '1.989e-07', 'epoch': '1.902'}

 95%|█████████▌| 700/736 [1:58:48<06:10, 10.29s/it]
 95%|█████████▌| 701/736 [1:58:58<05:54, 10.14s/it]
 95%|█████████▌| 702/736 [1:59:08<05:45, 10.16s/it]
 96%|█████████▌| 703/736 [1:59:18<05:34, 10.12s/it]
 96%|█████████▌| 704/736 [1:59:28<05:23, 10.12s/it]
 96%|█████████▌| 705/736 [1:59:38<05:12, 10.09s/it]
 96%|█████████▌| 706/736 [1:59:49<05:03, 10.12s/it]
 96%|█████████▌| 707/736 [1:59:59<04:51, 10.06s/it]
 96%|█████████▌| 708/736 [2:00:09<04:42, 10.10s/it]
 96%|█████████▋| 709/736 [2:00:19<04:32, 10.09s/it]
 96%|█████████▋| 710/736 [2:00:29<04:23, 10.13s/it]
 97%|█████████▋| 711/736 [2:00:39<04:14, 10.17s/it]
 97%|█████████▋| 712/736 [2:00:50<04:04, 10.20s/it]
 97%|█████████▋| 713/736 [2:01:00<03:53, 10.17s/it]
 97%|█████████▋| 714/736 [2:01:10<03:44, 10.19s/it]
 97%|█████████▋| 715/736 [2:01:20<03:33, 10.18s/it]
 97%|█████████▋| 716/736 [2:01:30<03:23, 10.16s/it]
 97%|█████████▋| 717/736 [2:01:40<03:11, 10.10s/it]
 98%|█████████▊| 718/736 [2:01:50<03:02, 10.16s/it]
 98%|█████████▊| 719/736 [2:02:01<02:52, 10.15s/it]
 98%|█████████▊| 720/736 [2:02:11<02:42, 10.17s/it]
                                                   
{'loss': '0.5803', 'grad_norm': '2.558', 'learning_rate': '4.206e-08', 'epoch': '1.957'}

 98%|█████████▊| 720/736 [2:02:11<02:42, 10.17s/it]
 98%|█████████▊| 721/736 [2:02:21<02:32, 10.15s/it]
 98%|█████████▊| 722/736 [2:02:31<02:20, 10.06s/it]
 98%|█████████▊| 723/736 [2:02:41<02:11, 10.14s/it]
 98%|█████████▊| 724/736 [2:02:51<02:02, 10.21s/it]
 99%|█████████▊| 725/736 [2:03:01<01:51, 10.17s/it]
 99%|█████████▊| 726/736 [2:03:12<01:41, 10.17s/it]
 99%|█████████▉| 727/736 [2:03:22<01:30, 10.07s/it]
 99%|█████████▉| 728/736 [2:03:32<01:21, 10.18s/it]
 99%|█████████▉| 729/736 [2:03:42<01:11, 10.24s/it]
 99%|█████████▉| 730/736 [2:03:52<01:01, 10.18s/it]
 99%|█████████▉| 731/736 [2:04:02<00:50, 10.16s/it]
 99%|█████████▉| 732/736 [2:04:12<00:40, 10.08s/it]
100%|█████████▉| 733/736 [2:04:22<00:30, 10.09s/it]
100%|█████████▉| 734/736 [2:04:33<00:20, 10.11s/it]
100%|█████████▉| 735/736 [2:04:43<00:10, 10.23s/it]
100%|██████████| 736/736 [2:04:53<00:00, 10.17s/it]
                                                   
{'train_runtime': '7495', 'train_samples_per_second': '0.786', 'train_steps_per_second': '0.098', 'train_loss': '1.08', 'epoch': '2'}

100%|██████████| 736/736 [2:04:54<00:00, 10.17s/it]
100%|██████████| 736/736 [2:04:54<00:00, 10.18s/it]
Saving…
[pre-final-save] host MemAvailable≈12.0 GiB | GPU free 12.85/23.69 GiB
[before save adapter] host MemAvailable≈12.0 GiB | GPU free 12.85/23.69 GiB
WARNING: tokenizer.model still missing — GGUF convert for Gemma will fail. Base model dir must include SentencePiece tokenizer.model.
[after save adapter] host MemAvailable≈12.0 GiB | GPU free 12.85/23.69 GiB
Saved adapter → /workspace/adapter
Merging LoRA → full fp16 weights for GGUF (dequant bitsandbytes)…
/opt/conda/lib/python3.11/site-packages/peft/tuners/lora/bnb.py:351: UserWarning: Merge lora module to 4-bit linear may get different generations due to rounding errors.
  warnings.warn(
torch.bfloat16 cast note: You cannot cast a bitsandbytes model in a new `dtype`. Make sure to load the model using `from_pretrained` using the desired `dtype` by passing the correct `dtype` argument.
[before save merged] host MemAvailable≈11.6 GiB | GPU free 11.76/23.69 GiB

Writing model shards:   0%|          | 0/7 [00:00<?, ?it/s]
Writing model shards:  14%|█▍        | 1/7 [00:24<02:24, 24.02s/it]
Writing model shards:  29%|██▊       | 2/7 [00:27<00:58, 11.76s/it]
Writing model shards:  43%|████▎     | 3/7 [00:34<00:39,  9.78s/it]
Writing model shards:  57%|█████▋    | 4/7 [00:42<00:27,  9.20s/it]
Writing model shards:  71%|███████▏  | 5/7 [00:51<00:17,  8.89s/it]
Writing model shards:  86%|████████▌ | 6/7 [00:59<00:08,  8.70s/it]
Writing model shards: 100%|██████████| 7/7 [01:05<00:00,  7.74s/it]
Writing model shards: 100%|██████████| 7/7 [01:05<00:00,  9.34s/it]
WARNING: tokenizer.model still missing — GGUF convert for Gemma will fail. Base model dir must include SentencePiece tokenizer.model.
[after save merged] host MemAvailable≈11.3 GiB | GPU free 11.76/23.69 GiB
Saved merged → /workspace/merged
Stripped quantization_config from /workspace/merged/config.json (GGUF needs fp16/bf16 HF weights)
Restored pre-merge config.json (nested text_config/vision_config preserved)
Merge OK: clean HF fp16/bf16 folder ready for GGUF
PEFT training finished.
