
==========
== CUDA ==
==========

CUDA Version 12.1.1

Container image Copyright (c) 2016-2023, NVIDIA CORPORATION & AFFILIATES. All rights reserved.

This container image and its contents are governed by the NVIDIA Deep Learning Container License.
By pulling and using the container, you accept the terms and conditions of this license:
https://developer.nvidia.com/ngc/nvidia-deep-learning-container-license

A copy of this license is made available in this container at /NGC-DL-CONTAINER-LICENSE for your convenience.

Config: {
  "model_id": "/models/base",
  "model_params_b": 12.0,
  "dataset_path": "/data/train.jsonl",
  "dataset_format": "alpaca",
  "output_dir": "/workspace/adapter",
  "framework": "peft",
  "method": "qlora",
  "lora_r": 16,
  "lora_alpha": 32,
  "lora_dropout": 0.05,
  "max_seq_length": 2048,
  "batch_size": 1,
  "grad_accum": 8,
  "epochs": 2.0,
  "learning_rate": 3e-05,
  "max_steps": -1,
  "load_in_4bit": true,
  "seed": 42,
  "gguf_quant": "q4_k_m",
  "ollama_name": "kuclab-hertz-0.7",
  "identity_name": "KucLab Hertz 0.7",
  "teach_identity": false,
  "identity_repeat": 0,
  "founder": "Jaroslav Ku\u010dera",
  "trained_on": "2026-08-28",
  "system_prompt": "Jsi KucLab Hertz 0.7 \u2014 model od KucLab (kuclab.org) zam\u011b\u0159en\u00fd na fyziku, chemii, biologii, matematiku a programov\u00e1n\u00ed (v\u010detn\u011b modern\u00edho web v\u00fdvoje). Mluv\u00ed\u0161 plynule \u010desky i anglicky v\u010detn\u011b odborn\u00e9 terminologie; odpov\u00edd\u00e1\u0161 v jazyce, kter\u00fdm se pt\u00e1 u\u017eivatel. U v\u00fdpo\u010dt\u016f, odvozen\u00ed a k\u00f3du nejd\u0159\u00edv \u0159ekni v\u00fdsledek nebo z\u00e1v\u011br, pak uka\u017e postup krok za krokem s meziv\u00fdsledky. U ot\u00e1zek s v\u00fdb\u011brem odpov\u011bdi v\u017edy jasn\u011b uve\u010f zvolenou mo\u017enost. Odpov\u00edd\u00e1\u0161 p\u0159\u00edmo, sebejist\u011b a lidsky \u2014 sm\u00ed\u0161 b\u00fdt vtipn\u00fd a pou\u017e\u00edt such\u00fd nebo \u010dern\u00fd humor, pokud se to k t\u00e9matu hod\u00ed, ale nikdy na \u00fakor v\u011bcn\u00e9 spr\u00e1vnosti. Neza\u010d\u00ednej omluvami ani formulacemi typu \"jako AI nemohu\" u b\u011b\u017en\u00fdch, ne\u0161kodn\u00fdch t\u00e9mat. Skute\u010dn\u011b nebezpe\u010dn\u00e9 nebo \u0161kodliv\u00e9 po\u017eadavky odm\u00edtni stru\u010dn\u011b a bez k\u00e1z\u00e1n\u00ed. Kdy\u017e p\u00ed\u0161e\u0161 web k\u00f3d, vyh\u00fdb\u00e1\u0161 se rozpoznateln\u00fdm \"AI slop\" vzor\u016fm (generick\u00e9 gradienty, glassmorphism na s\u00edlu, kli\u0161\u00e9 texty) \u2014 pi\u0161 \u010dist\u00fd, \u00fa\u010deln\u00fd, modern\u00ed k\u00f3d. K aktu\u00e1ln\u00edm dat\u016fm nem\u00e1\u0161 p\u0159\u00edstup. Identitu \u0159ekni jen kdy\u017e se na ni n\u011bkdo zept\u00e1 \u2014 a \u0159ekni, \u017ee t\u011b vytvo\u0159il KucLab, nejmenuj \u017e\u00e1dnou konkr\u00e9tn\u00ed osobu.",
  "packing": false,
  "freeze_vision": true,
  "target_context": 0,
  "merged_dir": "/workspace/merged"
}
torch=2.5.1+cu121 cuda=True
gpu0=NVIDIA L4
torchvision=0.20.1+cu121
Using PEFT/transformers backend (full or LoRA/QLoRA)
Loading model (PEFT): /models/base method=qlora seq=2048 packing=False
Multimodal checkpoint (gemma4_unified) — loading with AutoModelForImageTextToText / ConditionalGeneration
[transformers] `torch_dtype` is deprecated! Use `dtype` instead!

Loading weights:   0%|          | 0/677 [00:00<?, ?it/s]
Loading weights:   0%|          | 1/677 [00:01<18:56,  1.68s/it]
Loading weights:   0%|          | 2/677 [00:02<15:07,  1.34s/it]
Loading weights:   0%|          | 3/677 [00:51<4:19:11, 23.07s/it]
Loading weights:   1%|          | 6/677 [00:54<1:35:14,  8.52s/it]
Loading weights:   1%|          | 7/677 [00:57<1:20:03,  7.17s/it]
Loading weights:   1%|          | 8/677 [01:00<1:07:33,  6.06s/it]
Loading weights:   2%|▏         | 13/677 [01:01<24:25,  2.21s/it] 
Loading weights:   2%|▏         | 14/677 [01:02<22:15,  2.01s/it]
Loading weights:   2%|▏         | 16/677 [01:02<16:44,  1.52s/it]
Loading weights:   3%|▎         | 17/677 [01:03<14:26,  1.31s/it]
Loading weights:   3%|▎         | 20/677 [01:06<12:26,  1.14s/it]
Loading weights:   3%|▎         | 21/677 [01:08<14:53,  1.36s/it]
Loading weights:   3%|▎         | 22/677 [01:11<18:06,  1.66s/it]
Loading weights:   4%|▍         | 27/677 [01:11<07:56,  1.36it/s]
Loading weights:   4%|▍         | 28/677 [01:12<08:14,  1.31it/s]
Loading weights:   4%|▍         | 30/677 [01:13<06:41,  1.61it/s]
Loading weights:   5%|▍         | 31/677 [01:13<06:20,  1.70it/s]
Loading weights:   5%|▌         | 34/677 [01:16<08:07,  1.32it/s]
Loading weights:   5%|▌         | 35/677 [01:19<11:49,  1.10s/it]
Loading weights:   5%|▌         | 36/677 [01:22<16:27,  1.54s/it]
Loading weights:   6%|▌         | 41/677 [01:23<07:19,  1.45it/s]
Loading weights:   6%|▌         | 42/677 [01:23<07:25,  1.43it/s]
Loading weights:   6%|▋         | 44/677 [01:24<06:26,  1.64it/s]
Loading weights:   7%|▋         | 45/677 [01:25<06:00,  1.75it/s]
Loading weights:   7%|▋         | 48/677 [01:28<08:35,  1.22it/s]
Loading weights:   7%|▋         | 49/677 [01:31<12:25,  1.19s/it]
Loading weights:   7%|▋         | 50/677 [01:34<16:02,  1.54s/it]
Loading weights:   8%|▊         | 55/677 [01:34<07:06,  1.46it/s]
Loading weights:   8%|▊         | 56/677 [01:35<07:08,  1.45it/s]
Loading weights:   9%|▊         | 58/677 [01:36<06:29,  1.59it/s]
Loading weights:   9%|▊         | 59/677 [01:36<05:56,  1.74it/s]
Loading weights:   9%|▉         | 62/677 [01:39<07:50,  1.31it/s]
Loading weights:   9%|▉         | 63/677 [01:42<11:14,  1.10s/it]
Loading weights:   9%|▉         | 64/677 [01:45<14:40,  1.44s/it]
Loading weights:  10%|█         | 69/677 [01:46<07:02,  1.44it/s]
Loading weights:  10%|█         | 70/677 [01:47<06:59,  1.45it/s]
Loading weights:  11%|█         | 72/677 [01:47<05:56,  1.70it/s]
Loading weights:  11%|█         | 73/677 [01:48<05:58,  1.68it/s]
Loading weights:  11%|█         | 76/677 [01:51<07:25,  1.35it/s]
Loading weights:  11%|█▏        | 77/677 [01:54<11:05,  1.11s/it]
Loading weights:  12%|█▏        | 78/677 [01:57<14:39,  1.47s/it]
Loading weights:  12%|█▏        | 83/677 [01:57<06:13,  1.59it/s]
Loading weights:  13%|█▎        | 85/677 [01:58<06:20,  1.56it/s]
Loading weights:  13%|█▎        | 87/677 [02:00<06:39,  1.48it/s]
Loading weights:  13%|█▎        | 89/677 [02:03<08:46,  1.12it/s]
Loading weights:  13%|█▎        | 90/677 [02:05<11:45,  1.20s/it]
Loading weights:  13%|█▎        | 91/677 [02:08<14:34,  1.49s/it]
Loading weights:  14%|█▍        | 96/677 [02:08<06:39,  1.45it/s]
Loading weights:  14%|█▍        | 97/677 [02:09<06:43,  1.44it/s]
Loading weights:  15%|█▍        | 99/677 [02:10<05:39,  1.70it/s]
Loading weights:  15%|█▍        | 100/677 [02:10<05:16,  1.82it/s]
Loading weights:  15%|█▌        | 103/677 [02:14<07:26,  1.28it/s]
Loading weights:  15%|█▌        | 104/677 [02:16<10:10,  1.07s/it]
Loading weights:  16%|█▌        | 105/677 [02:19<14:17,  1.50s/it]
Loading weights:  16%|█▌        | 110/677 [02:20<06:20,  1.49it/s]
Loading weights:  16%|█▋        | 111/677 [02:20<06:27,  1.46it/s]
Loading weights:  17%|█▋        | 113/677 [02:21<05:39,  1.66it/s]
Loading weights:  17%|█▋        | 114/677 [02:22<05:19,  1.76it/s]
Loading weights:  17%|█▋        | 117/677 [02:24<06:29,  1.44it/s]
Loading weights:  17%|█▋        | 118/677 [02:27<10:25,  1.12s/it]
Loading weights:  18%|█▊        | 119/677 [02:31<14:08,  1.52s/it]
Loading weights:  18%|█▊        | 124/677 [02:31<06:40,  1.38it/s]
Loading weights:  18%|█▊        | 125/677 [02:32<06:41,  1.38it/s]
Loading weights:  19%|█▉        | 127/677 [02:33<05:40,  1.62it/s]
Loading weights:  19%|█▉        | 128/677 [02:33<05:18,  1.72it/s]
Loading weights:  19%|█▉        | 131/677 [02:36<06:55,  1.32it/s]
Loading weights:  19%|█▉        | 132/677 [02:39<09:37,  1.06s/it]
Loading weights:  20%|█▉        | 133/677 [02:42<12:53,  1.42s/it]
Loading weights:  20%|██        | 138/677 [02:42<05:43,  1.57it/s]
Loading weights:  21%|██        | 139/677 [02:43<05:46,  1.55it/s]
Loading weights:  21%|██        | 141/677 [02:44<05:12,  1.72it/s]
