  1/20 think~242tok | ahoj
  2/20 think~276tok | Kolik je 17 krat 23?
  3/20 think~358tok | Co je to fotosyntéza?
  4/20 think~648tok | Vysvětli moment hybnosti.
  5/20 think~391tok | Je 91 prvočíslo?
  6/20 think~81tok | Napiš funkci na Fibonacciho čísla v Pyth
  7/20 think~563tok | What is entropy in thermodynamics?
  8/20 think~66tok | Jak se skloňuje slovo most?
  9/20 think~375tok | Vypočítej pH roztoku HCl 0.01 mol/l.
  10/20 think~519tok | Kdo tě vytvořil?
  11/20 think~110tok | Solve 5x + 3 = 28.
  12/20 think~101tok | Co je to mitochondrie?
  13/20 think~647tok | Vysvětli rozdíl mezi virem a bakterií.
  14/20 think~75tok | Napiš SQL dotaz na top 3 zákazníky.
  15/20 think~427tok | Je voda při 50 °C kapalná?
  16/20 think~564tok | What is the speed of light?
  17/20 think~578tok | Oprav: Musím to písat každý den.
  18/20 think~594tok | Vysvětli Krebsův cyklus.
  19/20 think~496tok | Kolik je odmocnina ze 144?
  20/20 think~59tok | Co je to API?
MEAN THINKING TOKENS: 358 -> outputs/thinkmeter_kuclab-hertz-0.7f.json
