  FAILED row 25: Why is it easier to balance a bicycle while moving than while stationary?
  progress: kept-cs=13 translated=12
  FAILED row 35: A ball rolls down a ramp without slipping. Why does its total kinetic energy spl
  progress: kept-cs=26 translated=24
  FAILED row 53: What causes the sensation of being pushed back into your seat when a car acceler
  FAILED row 69: How does the work-energy theorem explain why it takes more energy to accelerate 
  progress: kept-cs=40 translated=35
  progress: kept-cs=52 translated=48
  FAILED row 120: How does the concept of degrees of freedom explain why the specific heat ratio (
  progress: kept-cs=66 translated=59
  progress: kept-cs=78 translated=72
  progress: kept-cs=91 translated=84
  FAILED row 196: Is it true that a concave mirror always produces a magnified image regardless of
  progress: kept-cs=104 translated=96
  progress: kept-cs=117 translated=108
  FAILED row 245: Is it a misconception that quantum superposition means a particle is literally i
  progress: kept-cs=130 translated=120
  FAILED row 261: Is it true that a balanced chemical equation tells you how fast a reaction will 
  FAILED row 267: Why does the theoretical yield of a reaction differ from the actual (experimenta
  FAILED row 277: Why is it that combustion of a hydrocarbon in limited oxygen produces carbon mon
  progress: kept-cs=144 translated=131
  FAILED row 290: Is it true that adding a catalyst to a reaction at equilibrium shifts the equili
  progress: kept-cs=159 translated=141
  progress: kept-cs=172 translated=153
  FAILED row 341: How does the concept of resonance in molecules like ozone (O3) or benzene explai
  FAILED row 350: Why does a buffer solution maintain a relatively stable pH even when small amoun
  FAILED row 357: Is it true that the strength of an acid is the same thing as its concentration i
  progress: kept-cs=187 translated=163
  FAILED row 369: Why does connecting a more reactive metal (like zinc) to a less reactive metal (
  FAILED row 379: Why does a tertiary carbocation form more readily than a primary carbocation dur
  FAILED row 384: Is it true that a higher oxidation state of an element always corresponds to a m
  progress: kept-cs=202 translated=173
  progress: kept-cs=215 translated=185
  progress: kept-cs=228 translated=197
  FAILED row 464: Is it true that all reflexes in the human body require the brain to process the 
  progress: kept-cs=241 translated=209
  progress: kept-cs=255 translated=220
  FAILED row 494: Is it true that a population growing according to the logistic growth model will
  FAILED row 511: Why doesn't the theory of evolution claim that individual organisms evolve durin
  FAILED row 515: Why can genetic variation within a population increase even without new mutation
  FAILED row 520: Is it true that osmosis always moves water from a hypotonic solution into a hype
  progress: kept-cs=270 translated=230
  progress: kept-cs=283 translated=242
  FAILED row 556: Is it true that a proof by contradiction and a proof by contrapositive are essen
  FAILED row 570: Why does a 95 percent confidence interval NOT mean there is a 95 percent probabi
  FAILED row 572: Is it true that if event A and event B are each individually likely, their combi
  progress: kept-cs=299 translated=251
  FAILED row 591: Is it true that every even number greater than 2 has been proven to be expressib
  FAILED row 598: Why does dividing by zero remain undefined in standard arithmetic, rather than s
  progress: kept-cs=313 translated=262
  FAILED row 610: Is it true that a vector space must always have a finite number of basis vectors
  progress: kept-cs=326 translated=274
  FAILED row 632: Why does adding heat to a system undergoing a phase change (like ice melting) no
  FAILED row 654: Why can the same amount of work done on an object result in different final spee
  progress: kept-cs=341 translated=284
  FAILED row 676: Why can the same set of data points be fit reasonably well by multiple different
  progress: kept-cs=355 translated=295
  FAILED row 684: Why does the presence of a chiral center in a molecule not automatically mean th
  FAILED row 704: Is it true that an object experiencing zero net force must necessarily be at res
  progress: kept-cs=369 translated=306
  progress: kept-cs=382 translated=318
  FAILED row 758: Why does a reaction between an acid and a metal carbonate (like calcium carbonat
  progress: kept-cs=396 translated=329
  FAILED row 771: Is it true that the median of a dataset is always one of the actual values prese
  progress: kept-cs=410 translated=340
  FAILED row 788: Is it true that a hypothesis test's p-value tells you the probability that the n
  progress: kept-cs=424 translated=351
  FAILED row 831: Is it true that a chemical equilibrium, once established, means the forward and 
  FAILED row 836: Is it true that a species classified as 'endangered' is always closer to extinct
  progress: kept-cs=439 translated=361
  FAILED row 839: Why does a fever in a young child sometimes require more urgent medical attentio
  FAILED row 845: Is it true that an object floating motionless in the water has no forces acting 
  FAILED row 856: Why does the concept of an organism's fundamental niche differ from its realized
  FAILED row 862: Is it true that a placebo effect in medical studies means the treatment being te
  progress: kept-cs=455 translated=370
  progress: kept-cs=469 translated=381
DONE kept-cs=473 translated=385
